Java HotSpot(TM) 64-Bit Server VM (25.261-b12) for windows-amd64 JRE (1.8.0_261-b12), built on Jun 18 2020 06:56:32 by "" with unknown MS VC++:1916
Memory: 4k page, physical 16616892k(7700460k free), swap 19107260k(4392420k free)
CommandLine flags: -XX:InitialHeapSize=536870912 -XX:MaxHeapSize=536870912 -XX:MaxNewSize=178958336 -XX:MaxTenuringThreshold=6 -XX:NewSize=178958336 -XX:OldPLABSize=16 -XX:OldSize=357912576 -XX:+PrintGC -XX:+PrintGCDateStamps -XX:+PrintGCDetails -XX:+PrintGCTimeStamps -XX:+UseCompressedClassPointers -XX:+UseCompressedOops -XX:+UseConcMarkSweepGC -XX:-UseLargePagesIndividualAllocation -XX:+UseParNewGC 
2020-10-28T20:31:51.522+0800: 0.142: [GC (Allocation Failure) 2020-10-28T20:31:51.523+0800: 0.142: [ParNew: 139776K->17472K(157248K), 0.0069388 secs] 139776K->44918K(506816K), 0.0070900 secs] [Times: user=0.05 sys=0.11, real=0.01 secs] 
2020-10-28T20:31:51.544+0800: 0.164: [GC (Allocation Failure) 2020-10-28T20:31:51.544+0800: 0.164: [ParNew: 157248K->17472K(157248K), 0.0103313 secs] 184694K->97863K(506816K), 0.0103913 secs] [Times: user=0.00 sys=0.00, real=0.01 secs] 
2020-10-28T20:31:51.570+0800: 0.190: [GC (Allocation Failure) 2020-10-28T20:31:51.570+0800: 0.190: [ParNew: 157248K->17470K(157248K), 0.0214828 secs] 237639K->141786K(506816K), 0.0215418 secs] [Times: user=0.30 sys=0.01, real=0.02 secs] 
2020-10-28T20:31:51.606+0800: 0.226: [GC (Allocation Failure) 2020-10-28T20:31:51.606+0800: 0.226: [ParNew: 157246K->17471K(157248K), 0.0219577 secs] 281562K->183543K(506816K), 0.0220156 secs] [Times: user=0.16 sys=0.00, real=0.02 secs] 
2020-10-28T20:31:51.642+0800: 0.263: [GC (Allocation Failure) 2020-10-28T20:31:51.642+0800: 0.263: [ParNew: 157247K->17468K(157248K), 0.0229176 secs] 323319K->229501K(506816K), 0.0229751 secs] [Times: user=0.16 sys=0.00, real=0.02 secs] 
2020-10-28T20:31:51.666+0800: 0.286: [GC (CMS Initial Mark) [1 CMS-initial-mark: 212032K(349568K)] 232915K(506816K), 0.0008076 secs] [Times: user=0.00 sys=0.00, real=0.00 secs] 
2020-10-28T20:31:51.666+0800: 0.287: [CMS-concurrent-mark-start]
2020-10-28T20:31:51.668+0800: 0.288: [CMS-concurrent-mark: 0.001/0.001 secs] [Times: user=0.00 sys=0.00, real=0.00 secs] 
2020-10-28T20:31:51.668+0800: 0.288: [CMS-concurrent-preclean-start]
2020-10-28T20:31:51.668+0800: 0.289: [CMS-concurrent-preclean: 0.000/0.000 secs] [Times: user=0.00 sys=0.00, real=0.00 secs] 
2020-10-28T20:31:51.668+0800: 0.289: [CMS-concurrent-abortable-preclean-start]
2020-10-28T20:31:51.684+0800: 0.304: [GC (Allocation Failure) 2020-10-28T20:31:51.684+0800: 0.304: [ParNew: 157244K->17471K(157248K), 0.0201233 secs] 369277K->266167K(506816K), 0.0201879 secs] [Times: user=0.14 sys=0.02, real=0.02 secs] 
2020-10-28T20:31:51.719+0800: 0.340: [GC (Allocation Failure) 2020-10-28T20:31:51.719+0800: 0.340: [ParNew: 157247K->17471K(157248K), 0.0224843 secs] 405943K->308879K(506816K), 0.0225436 secs] [Times: user=0.14 sys=0.02, real=0.02 secs] 
2020-10-28T20:31:51.757+0800: 0.377: [GC (Allocation Failure) 2020-10-28T20:31:51.757+0800: 0.377: [ParNew: 157247K->17468K(157248K), 0.0218677 secs] 448655K->348869K(506816K), 0.0219244 secs] [Times: user=0.30 sys=0.02, real=0.02 secs] 
2020-10-28T20:31:51.780+0800: 0.400: [CMS-concurrent-abortable-preclean: 0.003/0.111 secs] [Times: user=0.63 sys=0.05, real=0.11 secs] 
2020-10-28T20:31:51.780+0800: 0.400: [GC (CMS Final Remark) [YG occupancy: 24203 K (157248 K)]2020-10-28T20:31:51.780+0800: 0.400: [Rescan (parallel) , 0.0002318 secs]2020-10-28T20:31:51.780+0800: 0.400: [weak refs processing, 0.0000144 secs]2020-10-28T20:31:51.780+0800: 0.400: [class unloading, 0.0002103 secs]2020-10-28T20:31:51.780+0800: 0.401: [scrub symbol table, 0.0004105 secs]2020-10-28T20:31:51.781+0800: 0.401: [scrub string table, 0.0001149 secs][1 CMS-remark: 331401K(349568K)] 355604K(506816K), 0.0010715 secs] [Times: user=0.00 sys=0.00, real=0.00 secs] 
2020-10-28T20:31:51.781+0800: 0.401: [CMS-concurrent-sweep-start]
2020-10-28T20:31:51.781+0800: 0.402: [CMS-concurrent-sweep: 0.001/0.001 secs] [Times: user=0.00 sys=0.00, real=0.00 secs] 
2020-10-28T20:31:51.782+0800: 0.402: [CMS-concurrent-reset-start]
2020-10-28T20:31:51.782+0800: 0.402: [CMS-concurrent-reset: 0.001/0.001 secs] [Times: user=0.00 sys=0.00, real=0.00 secs] 
2020-10-28T20:31:51.798+0800: 0.418: [GC (Allocation Failure) 2020-10-28T20:31:51.798+0800: 0.418: [ParNew: 157244K->17471K(157248K), 0.0086415 secs] 439677K->346778K(506816K), 0.0087205 secs] [Times: user=0.16 sys=0.00, real=0.01 secs] 
2020-10-28T20:31:51.807+0800: 0.427: [GC (CMS Initial Mark) [1 CMS-initial-mark: 329307K(349568K)] 347069K(506816K), 0.0001435 secs] [Times: user=0.00 sys=0.00, real=0.00 secs] 
2020-10-28T20:31:51.807+0800: 0.427: [CMS-concurrent-mark-start]
2020-10-28T20:31:51.808+0800: 0.428: [CMS-concurrent-mark: 0.001/0.001 secs] [Times: user=0.00 sys=0.00, real=0.00 secs] 
2020-10-28T20:31:51.808+0800: 0.428: [CMS-concurrent-preclean-start]
2020-10-28T20:31:51.809+0800: 0.429: [CMS-concurrent-preclean: 0.001/0.001 secs] [Times: user=0.00 sys=0.00, real=0.00 secs] 
2020-10-28T20:31:51.809+0800: 0.429: [CMS-concurrent-abortable-preclean-start]
2020-10-28T20:31:51.809+0800: 0.429: [CMS-concurrent-abortable-preclean: 0.000/0.000 secs] [Times: user=0.00 sys=0.00, real=0.00 secs] 
2020-10-28T20:31:51.809+0800: 0.429: [GC (CMS Final Remark) [YG occupancy: 27971 K (157248 K)]2020-10-28T20:31:51.809+0800: 0.429: [Rescan (parallel) , 0.0002105 secs]2020-10-28T20:31:51.809+0800: 0.429: [weak refs processing, 0.0000111 secs]2020-10-28T20:31:51.809+0800: 0.429: [class unloading, 0.0001695 secs]2020-10-28T20:31:51.809+0800: 0.430: [scrub symbol table, 0.0002989 secs]2020-10-28T20:31:51.810+0800: 0.430: [scrub string table, 0.0000890 secs][1 CMS-remark: 329307K(349568K)] 357278K(506816K), 0.0008400 secs] [Times: user=0.00 sys=0.00, real=0.00 secs] 
2020-10-28T20:31:51.810+0800: 0.430: [CMS-concurrent-sweep-start]
2020-10-28T20:31:51.811+0800: 0.431: [CMS-concurrent-sweep: 0.001/0.001 secs] [Times: user=0.00 sys=0.00, real=0.00 secs] 
2020-10-28T20:31:51.811+0800: 0.431: [CMS-concurrent-reset-start]
2020-10-28T20:31:51.811+0800: 0.431: [CMS-concurrent-reset: 0.000/0.000 secs] [Times: user=0.00 sys=0.00, real=0.00 secs] 
2020-10-28T20:31:51.824+0800: 0.444: [GC (Allocation Failure) 2020-10-28T20:31:51.824+0800: 0.444: [ParNew: 157247K->17471K(157248K), 0.0082247 secs] 397340K->303235K(506816K), 0.0082815 secs] [Times: user=0.00 sys=0.00, real=0.01 secs] 
2020-10-28T20:31:51.832+0800: 0.453: [GC (CMS Initial Mark) [1 CMS-initial-mark: 285764K(349568K)] 303783K(506816K), 0.0001423 secs] [Times: user=0.00 sys=0.00, real=0.00 secs] 
2020-10-28T20:31:51.833+0800: 0.453: [CMS-concurrent-mark-start]
2020-10-28T20:31:51.834+0800: 0.454: [CMS-concurrent-mark: 0.001/0.001 secs] [Times: user=0.00 sys=0.00, real=0.00 secs] 
2020-10-28T20:31:51.834+0800: 0.454: [CMS-concurrent-preclean-start]
2020-10-28T20:31:51.834+0800: 0.454: [CMS-concurrent-preclean: 0.000/0.000 secs] [Times: user=0.00 sys=0.00, real=0.00 secs] 
2020-10-28T20:31:51.834+0800: 0.454: [CMS-concurrent-abortable-preclean-start]
2020-10-28T20:31:51.847+0800: 0.467: [GC (Allocation Failure) 2020-10-28T20:31:51.848+0800: 0.468: [ParNew: 157247K->17469K(157248K), 0.0084241 secs] 443011K->347483K(506816K), 0.0084981 secs] [Times: user=0.16 sys=0.00, real=0.01 secs] 
2020-10-28T20:31:51.857+0800: 0.477: [CMS-concurrent-abortable-preclean: 0.001/0.023 secs] [Times: user=0.17 sys=0.00, real=0.02 secs] 
2020-10-28T20:31:51.857+0800: 0.477: [GC (CMS Final Remark) [YG occupancy: 24550 K (157248 K)]2020-10-28T20:31:51.857+0800: 0.477: [Rescan (parallel) , 0.0002729 secs]2020-10-28T20:31:51.857+0800: 0.477: [weak refs processing, 0.0000121 secs]2020-10-28T20:31:51.857+0800: 0.477: [class unloading, 0.0001651 secs]2020-10-28T20:31:51.857+0800: 0.477: [scrub symbol table, 0.0003180 secs]2020-10-28T20:31:51.858+0800: 0.478: [scrub string table, 0.0000938 secs][1 CMS-remark: 330013K(349568K)] 354564K(506816K), 0.0009276 secs] [Times: user=0.00 sys=0.00, real=0.00 secs] 
2020-10-28T20:31:51.858+0800: 0.478: [CMS-concurrent-sweep-start]
2020-10-28T20:31:51.859+0800: 0.478: [CMS-concurrent-sweep: 0.001/0.001 secs] [Times: user=0.00 sys=0.00, real=0.00 secs] 
2020-10-28T20:31:51.859+0800: 0.479: [CMS-concurrent-reset-start]
2020-10-28T20:31:51.859+0800: 0.479: [CMS-concurrent-reset: 0.000/0.000 secs] [Times: user=0.00 sys=0.00, real=0.00 secs] 
2020-10-28T20:31:51.873+0800: 0.493: [GC (Allocation Failure) 2020-10-28T20:31:51.873+0800: 0.493: [ParNew: 157245K->17471K(157248K), 0.0096173 secs] 453701K->352904K(506816K), 0.0096760 secs] [Times: user=0.00 sys=0.00, real=0.01 secs] 
2020-10-28T20:31:51.883+0800: 0.503: [GC (CMS Initial Mark) [1 CMS-initial-mark: 335432K(349568K)] 355732K(506816K), 0.0001360 secs] [Times: user=0.00 sys=0.00, real=0.00 secs] 
2020-10-28T20:31:51.883+0800: 0.503: [CMS-concurrent-mark-start]
2020-10-28T20:31:51.884+0800: 0.504: [CMS-concurrent-mark: 0.001/0.001 secs] [Times: user=0.00 sys=0.00, real=0.00 secs] 
2020-10-28T20:31:51.884+0800: 0.504: [CMS-concurrent-preclean-start]
2020-10-28T20:31:51.884+0800: 0.504: [CMS-concurrent-preclean: 0.000/0.000 secs] [Times: user=0.00 sys=0.00, real=0.00 secs] 
2020-10-28T20:31:51.884+0800: 0.504: [CMS-concurrent-abortable-preclean-start]
2020-10-28T20:31:51.884+0800: 0.504: [CMS-concurrent-abortable-preclean: 0.000/0.000 secs] [Times: user=0.00 sys=0.00, real=0.00 secs] 
2020-10-28T20:31:51.884+0800: 0.504: [GC (CMS Final Remark) [YG occupancy: 26077 K (157248 K)]2020-10-28T20:31:51.884+0800: 0.504: [Rescan (parallel) , 0.0002715 secs]2020-10-28T20:31:51.885+0800: 0.505: [weak refs processing, 0.0000104 secs]2020-10-28T20:31:51.885+0800: 0.505: [class unloading, 0.0001755 secs]2020-10-28T20:31:51.885+0800: 0.505: [scrub symbol table, 0.0002822 secs]2020-10-28T20:31:51.885+0800: 0.505: [scrub string table, 0.0000846 secs][1 CMS-remark: 335432K(349568K)] 361510K(506816K), 0.0008782 secs] [Times: user=0.00 sys=0.00, real=0.00 secs] 
2020-10-28T20:31:51.885+0800: 0.505: [CMS-concurrent-sweep-start]
2020-10-28T20:31:51.886+0800: 0.506: [CMS-concurrent-sweep: 0.001/0.001 secs] [Times: user=0.03 sys=0.00, real=0.00 secs] 
2020-10-28T20:31:51.886+0800: 0.506: [CMS-concurrent-reset-start]
2020-10-28T20:31:51.886+0800: 0.506: [CMS-concurrent-reset: 0.000/0.000 secs] [Times: user=0.00 sys=0.00, real=0.00 secs] 
2020-10-28T20:31:51.898+0800: 0.518: [GC (Allocation Failure) 2020-10-28T20:31:51.898+0800: 0.518: [ParNew: 157247K->17471K(157248K), 0.0081836 secs] 431500K->334434K(506816K), 0.0082452 secs] [Times: user=0.16 sys=0.00, real=0.01 secs] 
2020-10-28T20:31:51.906+0800: 0.526: [GC (CMS Initial Mark) [1 CMS-initial-mark: 316962K(349568K)] 335058K(506816K), 0.0001651 secs] [Times: user=0.00 sys=0.00, real=0.00 secs] 
2020-10-28T20:31:51.907+0800: 0.526: [CMS-concurrent-mark-start]
2020-10-28T20:31:51.907+0800: 0.527: [CMS-concurrent-mark: 0.001/0.001 secs] [Times: user=0.00 sys=0.00, real=0.00 secs] 
2020-10-28T20:31:51.907+0800: 0.527: [CMS-concurrent-preclean-start]
2020-10-28T20:31:51.908+0800: 0.528: [CMS-concurrent-preclean: 0.000/0.000 secs] [Times: user=0.00 sys=0.00, real=0.00 secs] 
2020-10-28T20:31:51.908+0800: 0.528: [CMS-concurrent-abortable-preclean-start]
2020-10-28T20:31:51.921+0800: 0.540: [GC (Allocation Failure) 2020-10-28T20:31:51.921+0800: 0.540: [ParNew: 157247K->157247K(157248K), 0.0000159 secs]2020-10-28T20:31:51.921+0800: 0.540: [CMS2020-10-28T20:31:51.921+0800: 0.540: [CMS-concurrent-abortable-preclean: 0.000/0.013 secs] [Times: user=0.02 sys=0.00, real=0.01 secs] 
 (concurrent mode failure): 316962K->303646K(349568K), 0.0358102 secs] 474210K->303646K(506816K), [Metaspace: 2722K->2722K(1056768K)], 0.0359123 secs] [Times: user=0.03 sys=0.00, real=0.04 secs] 
2020-10-28T20:31:51.972+0800: 0.592: [GC (Allocation Failure) 2020-10-28T20:31:51.972+0800: 0.592: [ParNew: 139776K->17471K(157248K), 0.0068332 secs] 443422K->350204K(506816K), 0.0068895 secs] [Times: user=0.00 sys=0.00, real=0.01 secs] 
2020-10-28T20:31:51.979+0800: 0.599: [GC (CMS Initial Mark) [1 CMS-initial-mark: 332732K(349568K)] 353126K(506816K), 0.0004510 secs] [Times: user=0.00 sys=0.00, real=0.00 secs] 
2020-10-28T20:31:51.980+0800: 0.599: [CMS-concurrent-mark-start]
2020-10-28T20:31:51.981+0800: 0.600: [CMS-concurrent-mark: 0.001/0.001 secs] [Times: user=0.00 sys=0.00, real=0.00 secs] 
2020-10-28T20:31:51.981+0800: 0.600: [CMS-concurrent-preclean-start]
2020-10-28T20:31:51.981+0800: 0.601: [CMS-concurrent-preclean: 0.000/0.000 secs] [Times: user=0.00 sys=0.00, real=0.00 secs] 
2020-10-28T20:31:51.981+0800: 0.601: [CMS-concurrent-abortable-preclean-start]
2020-10-28T20:31:51.981+0800: 0.601: [CMS-concurrent-abortable-preclean: 0.000/0.000 secs] [Times: user=0.00 sys=0.00, real=0.00 secs] 
2020-10-28T20:31:51.981+0800: 0.601: [GC (CMS Final Remark) [YG occupancy: 27485 K (157248 K)]2020-10-28T20:31:51.981+0800: 0.601: [Rescan (parallel) , 0.0004473 secs]2020-10-28T20:31:51.982+0800: 0.601: [weak refs processing, 0.0000131 secs]2020-10-28T20:31:51.982+0800: 0.601: [class unloading, 0.0001665 secs]2020-10-28T20:31:51.982+0800: 0.602: [scrub symbol table, 0.0002982 secs]2020-10-28T20:31:51.982+0800: 0.602: [scrub string table, 0.0000940 secs][1 CMS-remark: 332732K(349568K)] 360218K(506816K), 0.0010873 secs] [Times: user=0.00 sys=0.00, real=0.00 secs] 
2020-10-28T20:31:51.982+0800: 0.602: [CMS-concurrent-sweep-start]
2020-10-28T20:31:51.983+0800: 0.603: [CMS-concurrent-sweep: 0.000/0.000 secs] [Times: user=0.00 sys=0.00, real=0.00 secs] 
2020-10-28T20:31:51.983+0800: 0.603: [CMS-concurrent-reset-start]
2020-10-28T20:31:51.983+0800: 0.603: [CMS-concurrent-reset: 0.000/0.000 secs] [Times: user=0.00 sys=0.00, real=0.00 secs] 
2020-10-28T20:31:51.995+0800: 0.615: [GC (Allocation Failure) 2020-10-28T20:31:51.995+0800: 0.615: [ParNew: 157247K->17471K(157248K), 0.0083375 secs] 454450K->356640K(506816K), 0.0084028 secs] [Times: user=0.00 sys=0.00, real=0.01 secs] 
2020-10-28T20:31:52.004+0800: 0.624: [GC (CMS Initial Mark) [1 CMS-initial-mark: 339168K(349568K)] 359591K(506816K), 0.0003264 secs] [Times: user=0.00 sys=0.00, real=0.00 secs] 
2020-10-28T20:31:52.004+0800: 0.624: [CMS-concurrent-mark-start]
2020-10-28T20:31:52.006+0800: 0.625: [CMS-concurrent-mark: 0.001/0.001 secs] [Times: user=0.00 sys=0.00, real=0.00 secs] 
2020-10-28T20:31:52.006+0800: 0.625: [CMS-concurrent-preclean-start]
2020-10-28T20:31:52.006+0800: 0.626: [CMS-concurrent-preclean: 0.000/0.000 secs] [Times: user=0.00 sys=0.00, real=0.00 secs] 
2020-10-28T20:31:52.006+0800: 0.626: [CMS-concurrent-abortable-preclean-start]
2020-10-28T20:31:52.006+0800: 0.626: [CMS-concurrent-abortable-preclean: 0.000/0.000 secs] [Times: user=0.00 sys=0.00, real=0.00 secs] 
2020-10-28T20:31:52.006+0800: 0.626: [GC (CMS Final Remark) [YG occupancy: 31897 K (157248 K)]2020-10-28T20:31:52.006+0800: 0.626: [Rescan (parallel) , 0.0005630 secs]2020-10-28T20:31:52.007+0800: 0.626: [weak refs processing, 0.0000126 secs]2020-10-28T20:31:52.007+0800: 0.627: [class unloading, 0.0001848 secs]2020-10-28T20:31:52.007+0800: 0.627: [scrub symbol table, 0.0003095 secs]2020-10-28T20:31:52.007+0800: 0.627: [scrub string table, 0.0001087 secs][1 CMS-remark: 339168K(349568K)] 371066K(506816K), 0.0012542 secs] [Times: user=0.00 sys=0.00, real=0.00 secs] 
2020-10-28T20:31:52.008+0800: 0.627: [CMS-concurrent-sweep-start]
2020-10-28T20:31:52.008+0800: 0.628: [CMS-concurrent-sweep: 0.000/0.000 secs] [Times: user=0.00 sys=0.00, real=0.00 secs] 
2020-10-28T20:31:52.008+0800: 0.628: [CMS-concurrent-reset-start]
2020-10-28T20:31:52.008+0800: 0.628: [CMS-concurrent-reset: 0.000/0.000 secs] [Times: user=0.00 sys=0.00, real=0.00 secs] 
2020-10-28T20:31:52.020+0800: 0.640: [GC (Allocation Failure) 2020-10-28T20:31:52.020+0800: 0.640: [ParNew: 157247K->157247K(157248K), 0.0000157 secs]2020-10-28T20:31:52.020+0800: 0.640: [CMS: 307366K->335944K(349568K), 0.0386283 secs] 464613K->335944K(506816K), [Metaspace: 2722K->2722K(1056768K)], 0.0387178 secs] [Times: user=0.05 sys=0.00, real=0.04 secs] 
2020-10-28T20:31:52.058+0800: 0.678: [GC (CMS Initial Mark) [1 CMS-initial-mark: 335944K(349568K)] 338799K(506816K), 0.0002596 secs] [Times: user=0.00 sys=0.00, real=0.00 secs] 
2020-10-28T20:31:52.058+0800: 0.679: [CMS-concurrent-mark-start]
2020-10-28T20:31:52.059+0800: 0.680: [CMS-concurrent-mark: 0.001/0.001 secs] [Times: user=0.00 sys=0.00, real=0.00 secs] 
2020-10-28T20:31:52.059+0800: 0.680: [CMS-concurrent-preclean-start]
2020-10-28T20:31:52.060+0800: 0.680: [CMS-concurrent-preclean: 0.000/0.000 secs] [Times: user=0.00 sys=0.00, real=0.00 secs] 
2020-10-28T20:31:52.060+0800: 0.680: [CMS-concurrent-abortable-preclean-start]
2020-10-28T20:31:52.060+0800: 0.680: [CMS-concurrent-abortable-preclean: 0.000/0.000 secs] [Times: user=0.00 sys=0.00, real=0.00 secs] 
2020-10-28T20:31:52.060+0800: 0.680: [GC (CMS Final Remark) [YG occupancy: 13801 K (157248 K)]2020-10-28T20:31:52.060+0800: 0.680: [Rescan (parallel) , 0.0003784 secs]2020-10-28T20:31:52.060+0800: 0.681: [weak refs processing, 0.0000102 secs]2020-10-28T20:31:52.060+0800: 0.681: [class unloading, 0.0001680 secs]2020-10-28T20:31:52.060+0800: 0.681: [scrub symbol table, 0.0003210 secs]2020-10-28T20:31:52.061+0800: 0.681: [scrub string table, 0.0000845 secs][1 CMS-remark: 335944K(349568K)] 349745K(506816K), 0.0010231 secs] [Times: user=0.00 sys=0.00, real=0.00 secs] 
2020-10-28T20:31:52.061+0800: 0.681: [CMS-concurrent-sweep-start]
2020-10-28T20:31:52.061+0800: 0.682: [CMS-concurrent-sweep: 0.000/0.000 secs] [Times: user=0.00 sys=0.00, real=0.00 secs] 
2020-10-28T20:31:52.061+0800: 0.682: [CMS-concurrent-reset-start]
2020-10-28T20:31:52.062+0800: 0.682: [CMS-concurrent-reset: 0.000/0.000 secs] [Times: user=0.00 sys=0.00, real=0.00 secs] 
2020-10-28T20:31:52.075+0800: 0.695: [GC (Allocation Failure) 2020-10-28T20:31:52.075+0800: 0.695: [ParNew: 139776K->139776K(157248K), 0.0000170 secs]2020-10-28T20:31:52.075+0800: 0.695: [CMS: 335782K->346256K(349568K), 0.0422380 secs] 475558K->346256K(506816K), [Metaspace: 2722K->2722K(1056768K)], 0.0423466 secs] [Times: user=0.03 sys=0.00, real=0.04 secs] 
2020-10-28T20:31:52.117+0800: 0.738: [GC (CMS Initial Mark) [1 CMS-initial-mark: 346256K(349568K)] 349399K(506816K), 0.0003533 secs] [Times: user=0.00 sys=0.00, real=0.00 secs] 
2020-10-28T20:31:52.118+0800: 0.738: [CMS-concurrent-mark-start]
2020-10-28T20:31:52.118+0800: 0.739: [CMS-concurrent-mark: 0.001/0.001 secs] [Times: user=0.00 sys=0.00, real=0.00 secs] 
2020-10-28T20:31:52.118+0800: 0.739: [CMS-concurrent-preclean-start]
2020-10-28T20:31:52.119+0800: 0.739: [CMS-concurrent-preclean: 0.000/0.000 secs] [Times: user=0.00 sys=0.00, real=0.00 secs] 
2020-10-28T20:31:52.119+0800: 0.739: [CMS-concurrent-abortable-preclean-start]
2020-10-28T20:31:52.119+0800: 0.739: [CMS-concurrent-abortable-preclean: 0.000/0.000 secs] [Times: user=0.00 sys=0.00, real=0.00 secs] 
2020-10-28T20:31:52.119+0800: 0.739: [GC (CMS Final Remark) [YG occupancy: 8804 K (157248 K)]2020-10-28T20:31:52.119+0800: 0.739: [Rescan (parallel) , 0.0003859 secs]2020-10-28T20:31:52.119+0800: 0.740: [weak refs processing, 0.0000108 secs]2020-10-28T20:31:52.119+0800: 0.740: [class unloading, 0.0002028 secs]2020-10-28T20:31:52.120+0800: 0.740: [scrub symbol table, 0.0002592 secs]2020-10-28T20:31:52.120+0800: 0.740: [scrub string table, 0.0000791 secs][1 CMS-remark: 346256K(349568K)] 355061K(506816K), 0.0009921 secs] [Times: user=0.01 sys=0.00, real=0.00 secs] 
2020-10-28T20:31:52.120+0800: 0.740: [CMS-concurrent-sweep-start]
2020-10-28T20:31:52.121+0800: 0.741: [CMS-concurrent-sweep: 0.000/0.000 secs] [Times: user=0.00 sys=0.00, real=0.00 secs] 
2020-10-28T20:31:52.121+0800: 0.741: [CMS-concurrent-reset-start]
2020-10-28T20:31:52.121+0800: 0.741: [CMS-concurrent-reset: 0.000/0.000 secs] [Times: user=0.00 sys=0.00, real=0.00 secs] 
2020-10-28T20:31:52.133+0800: 0.753: [GC (Allocation Failure) 2020-10-28T20:31:52.133+0800: 0.753: [ParNew: 139776K->139776K(157248K), 0.0000172 secs]2020-10-28T20:31:52.133+0800: 0.753: [CMS: 345638K->340193K(349568K), 0.0401685 secs] 485414K->340193K(506816K), [Metaspace: 2722K->2722K(1056768K)], 0.0402595 secs] [Times: user=0.05 sys=0.00, real=0.04 secs] 
2020-10-28T20:31:52.173+0800: 0.793: [GC (CMS Initial Mark) [1 CMS-initial-mark: 340193K(349568K)] 343114K(506816K), 0.0006398 secs] [Times: user=0.00 sys=0.00, real=0.00 secs] 
2020-10-28T20:31:52.174+0800: 0.794: [CMS-concurrent-mark-start]
2020-10-28T20:31:52.175+0800: 0.795: [CMS-concurrent-mark: 0.001/0.001 secs] [Times: user=0.00 sys=0.00, real=0.00 secs] 
2020-10-28T20:31:52.175+0800: 0.795: [CMS-concurrent-preclean-start]
2020-10-28T20:31:52.175+0800: 0.796: [CMS-concurrent-preclean: 0.000/0.000 secs] [Times: user=0.00 sys=0.00, real=0.00 secs] 
2020-10-28T20:31:52.175+0800: 0.796: [CMS-concurrent-abortable-preclean-start]
2020-10-28T20:31:52.175+0800: 0.796: [CMS-concurrent-abortable-preclean: 0.000/0.000 secs] [Times: user=0.00 sys=0.00, real=0.00 secs] 
2020-10-28T20:31:52.176+0800: 0.796: [GC (CMS Final Remark) [YG occupancy: 15589 K (157248 K)]2020-10-28T20:31:52.176+0800: 0.796: [Rescan (parallel) , 0.0005894 secs]2020-10-28T20:31:52.176+0800: 0.796: [weak refs processing, 0.0000111 secs]2020-10-28T20:31:52.176+0800: 0.796: [class unloading, 0.0001751 secs]2020-10-28T20:31:52.176+0800: 0.797: [scrub symbol table, 0.0003091 secs]2020-10-28T20:31:52.177+0800: 0.797: [scrub string table, 0.0000916 secs][1 CMS-remark: 340193K(349568K)] 355782K(506816K), 0.0012395 secs] [Times: user=0.00 sys=0.00, real=0.00 secs] 
2020-10-28T20:31:52.177+0800: 0.797: [CMS-concurrent-sweep-start]
2020-10-28T20:31:52.177+0800: 0.797: [CMS-concurrent-sweep: 0.000/0.000 secs] [Times: user=0.00 sys=0.00, real=0.00 secs] 
2020-10-28T20:31:52.177+0800: 0.797: [CMS-concurrent-reset-start]
2020-10-28T20:31:52.178+0800: 0.798: [CMS-concurrent-reset: 0.000/0.000 secs] [Times: user=0.00 sys=0.00, real=0.00 secs] 
2020-10-28T20:31:52.190+0800: 0.810: [GC (Allocation Failure) 2020-10-28T20:31:52.190+0800: 0.810: [ParNew: 139776K->139776K(157248K), 0.0000176 secs]2020-10-28T20:31:52.190+0800: 0.811: [CMS: 339684K->349262K(349568K), 0.0425535 secs] 479460K->349262K(506816K), [Metaspace: 2722K->2722K(1056768K)], 0.0426459 secs] [Times: user=0.05 sys=0.00, real=0.04 secs] 
2020-10-28T20:31:52.233+0800: 0.853: [GC (CMS Initial Mark) [1 CMS-initial-mark: 349262K(349568K)] 352178K(506816K), 0.0005732 secs] [Times: user=0.00 sys=0.00, real=0.00 secs] 
2020-10-28T20:31:52.234+0800: 0.854: [CMS-concurrent-mark-start]
2020-10-28T20:31:52.235+0800: 0.855: [CMS-concurrent-mark: 0.001/0.001 secs] [Times: user=0.00 sys=0.00, real=0.00 secs] 
2020-10-28T20:31:52.235+0800: 0.855: [CMS-concurrent-preclean-start]
2020-10-28T20:31:52.235+0800: 0.855: [CMS-concurrent-preclean: 0.000/0.000 secs] [Times: user=0.00 sys=0.00, real=0.00 secs] 
2020-10-28T20:31:52.235+0800: 0.855: [CMS-concurrent-abortable-preclean-start]
2020-10-28T20:31:52.235+0800: 0.855: [CMS-concurrent-abortable-preclean: 0.000/0.000 secs] [Times: user=0.00 sys=0.00, real=0.00 secs] 
2020-10-28T20:31:52.235+0800: 0.855: [GC (CMS Final Remark) [YG occupancy: 17613 K (157248 K)]2020-10-28T20:31:52.235+0800: 0.855: [Rescan (parallel) , 0.0004308 secs]2020-10-28T20:31:52.236+0800: 0.856: [weak refs processing, 0.0000113 secs]2020-10-28T20:31:52.236+0800: 0.856: [class unloading, 0.0002060 secs]2020-10-28T20:31:52.236+0800: 0.856: [scrub symbol table, 0.0002866 secs]2020-10-28T20:31:52.236+0800: 0.856: [scrub string table, 0.0000900 secs][1 CMS-remark: 349262K(349568K)] 366876K(506816K), 0.0010803 secs] [Times: user=0.00 sys=0.00, real=0.00 secs] 
2020-10-28T20:31:52.237+0800: 0.857: [CMS-concurrent-sweep-start]
2020-10-28T20:31:52.237+0800: 0.857: [CMS-concurrent-sweep: 0.000/0.000 secs] [Times: user=0.00 sys=0.00, real=0.00 secs] 
2020-10-28T20:31:52.237+0800: 0.857: [CMS-concurrent-reset-start]
2020-10-28T20:31:52.237+0800: 0.857: [CMS-concurrent-reset: 0.000/0.000 secs] [Times: user=0.00 sys=0.00, real=0.00 secs] 
2020-10-28T20:31:52.248+0800: 0.868: [GC (Allocation Failure) 2020-10-28T20:31:52.248+0800: 0.868: [ParNew: 139776K->139776K(157248K), 0.0000163 secs]2020-10-28T20:31:52.248+0800: 0.868: [CMS: 348814K->349224K(349568K), 0.0407383 secs] 488590K->358302K(506816K), [Metaspace: 2722K->2722K(1056768K)], 0.0408350 secs] [Times: user=0.03 sys=0.00, real=0.04 secs] 
2020-10-28T20:31:52.289+0800: 0.909: [GC (CMS Initial Mark) [1 CMS-initial-mark: 349224K(349568K)] 359091K(506816K), 0.0004940 secs] [Times: user=0.00 sys=0.00, real=0.00 secs] 
2020-10-28T20:31:52.290+0800: 0.910: [CMS-concurrent-mark-start]
2020-10-28T20:31:52.291+0800: 0.911: [CMS-concurrent-mark: 0.001/0.001 secs] [Times: user=0.00 sys=0.00, real=0.00 secs] 
2020-10-28T20:31:52.291+0800: 0.911: [CMS-concurrent-preclean-start]
2020-10-28T20:31:52.292+0800: 0.912: [CMS-concurrent-preclean: 0.001/0.001 secs] [Times: user=0.03 sys=0.00, real=0.00 secs] 
2020-10-28T20:31:52.292+0800: 0.912: [CMS-concurrent-abortable-preclean-start]
2020-10-28T20:31:52.292+0800: 0.912: [CMS-concurrent-abortable-preclean: 0.000/0.000 secs] [Times: user=0.00 sys=0.00, real=0.00 secs] 
2020-10-28T20:31:52.292+0800: 0.912: [GC (CMS Final Remark) [YG occupancy: 33518 K (157248 K)]2020-10-28T20:31:52.292+0800: 0.912: [Rescan (parallel) , 0.0002490 secs]2020-10-28T20:31:52.292+0800: 0.912: [weak refs processing, 0.0000100 secs]2020-10-28T20:31:52.292+0800: 0.912: [class unloading, 0.0001568 secs]2020-10-28T20:31:52.292+0800: 0.912: [scrub symbol table, 0.0002599 secs]2020-10-28T20:31:52.293+0800: 0.912: [scrub string table, 0.0000813 secs][1 CMS-remark: 349224K(349568K)] 382743K(506816K), 0.0008114 secs] [Times: user=0.00 sys=0.00, real=0.00 secs] 
2020-10-28T20:31:52.293+0800: 0.913: [CMS-concurrent-sweep-start]
2020-10-28T20:31:52.293+0800: 0.913: [CMS-concurrent-sweep: 0.000/0.000 secs] [Times: user=0.00 sys=0.00, real=0.00 secs] 
2020-10-28T20:31:52.293+0800: 0.913: [CMS-concurrent-reset-start]
2020-10-28T20:31:52.294+0800: 0.913: [CMS-concurrent-reset: 0.000/0.000 secs] [Times: user=0.00 sys=0.00, real=0.00 secs] 
2020-10-28T20:31:52.306+0800: 0.925: [GC (Allocation Failure) 2020-10-28T20:31:52.306+0800: 0.925: [ParNew: 157210K->157210K(157248K), 0.0000212 secs]2020-10-28T20:31:52.306+0800: 0.925: [CMS: 348861K->349567K(349568K), 0.0423995 secs] 506072K->359997K(506816K), [Metaspace: 2722K->2722K(1056768K)], 0.0424911 secs] [Times: user=0.05 sys=0.00, real=0.04 secs] 
2020-10-28T20:31:52.348+0800: 0.968: [GC (CMS Initial Mark) [1 CMS-initial-mark: 349567K(349568K)] 362825K(506816K), 0.0002547 secs] [Times: user=0.00 sys=0.00, real=0.00 secs] 
2020-10-28T20:31:52.349+0800: 0.968: [CMS-concurrent-mark-start]
2020-10-28T20:31:52.350+0800: 0.969: [CMS-concurrent-mark: 0.001/0.001 secs] [Times: user=0.00 sys=0.00, real=0.00 secs] 
2020-10-28T20:31:52.350+0800: 0.969: [CMS-concurrent-preclean-start]
2020-10-28T20:31:52.351+0800: 0.970: [CMS-concurrent-preclean: 0.001/0.001 secs] [Times: user=0.00 sys=0.00, real=0.00 secs] 
2020-10-28T20:31:52.351+0800: 0.970: [CMS-concurrent-abortable-preclean-start]
2020-10-28T20:31:52.351+0800: 0.970: [CMS-concurrent-abortable-preclean: 0.000/0.000 secs] [Times: user=0.00 sys=0.00, real=0.00 secs] 
2020-10-28T20:31:52.351+0800: 0.971: [GC (CMS Final Remark) [YG occupancy: 35101 K (157248 K)]2020-10-28T20:31:52.351+0800: 0.971: [Rescan (parallel) , 0.0003382 secs]2020-10-28T20:31:52.351+0800: 0.971: [weak refs processing, 0.0000097 secs]2020-10-28T20:31:52.351+0800: 0.971: [class unloading, 0.0001652 secs]2020-10-28T20:31:52.351+0800: 0.971: [scrub symbol table, 0.0002582 secs]2020-10-28T20:31:52.352+0800: 0.971: [scrub string table, 0.0000836 secs][1 CMS-remark: 349567K(349568K)] 384668K(506816K), 0.0009067 secs] [Times: user=0.00 sys=0.00, real=0.00 secs] 
2020-10-28T20:31:52.352+0800: 0.972: [CMS-concurrent-sweep-start]
2020-10-28T20:31:52.352+0800: 0.972: [CMS-concurrent-sweep: 0.000/0.000 secs] [Times: user=0.00 sys=0.00, real=0.00 secs] 
2020-10-28T20:31:52.352+0800: 0.972: [CMS-concurrent-reset-start]
2020-10-28T20:31:52.352+0800: 0.972: [CMS-concurrent-reset: 0.000/0.000 secs] [Times: user=0.00 sys=0.00, real=0.00 secs] 
2020-10-28T20:31:52.365+0800: 0.985: [GC (Allocation Failure) 2020-10-28T20:31:52.365+0800: 0.985: [ParNew: 157219K->157219K(157248K), 0.0000168 secs]2020-10-28T20:31:52.365+0800: 0.985: [CMS: 349299K->349558K(349568K), 0.0501989 secs] 506519K->359114K(506816K), [Metaspace: 2722K->2722K(1056768K)], 0.0502995 secs] [Times: user=0.05 sys=0.00, real=0.05 secs] 
2020-10-28T20:31:52.415+0800: 1.035: [GC (CMS Initial Mark) [1 CMS-initial-mark: 349558K(349568K)] 359186K(506816K), 0.0008116 secs] [Times: user=0.00 sys=0.02, real=0.00 secs] 
2020-10-28T20:31:52.416+0800: 1.036: [CMS-concurrent-mark-start]
2020-10-28T20:31:52.417+0800: 1.037: [CMS-concurrent-mark: 0.001/0.001 secs] [Times: user=0.00 sys=0.00, real=0.00 secs] 
2020-10-28T20:31:52.417+0800: 1.037: [CMS-concurrent-preclean-start]
2020-10-28T20:31:52.418+0800: 1.038: [CMS-concurrent-preclean: 0.001/0.001 secs] [Times: user=0.00 sys=0.00, real=0.00 secs] 
2020-10-28T20:31:52.418+0800: 1.038: [CMS-concurrent-abortable-preclean-start]
2020-10-28T20:31:52.418+0800: 1.038: [CMS-concurrent-abortable-preclean: 0.000/0.000 secs] [Times: user=0.00 sys=0.00, real=0.00 secs] 
2020-10-28T20:31:52.418+0800: 1.038: [GC (CMS Final Remark) [YG occupancy: 35250 K (157248 K)]2020-10-28T20:31:52.418+0800: 1.038: [Rescan (parallel) , 0.0007221 secs]2020-10-28T20:31:52.419+0800: 1.039: [weak refs processing, 0.0000126 secs]2020-10-28T20:31:52.419+0800: 1.039: [class unloading, 0.0002094 secs]2020-10-28T20:31:52.419+0800: 1.039: [scrub symbol table, 0.0002912 secs]2020-10-28T20:31:52.419+0800: 1.040: [scrub string table, 0.0000843 secs][1 CMS-remark: 349558K(349568K)] 384808K(506816K), 0.0013820 secs] [Times: user=0.00 sys=0.00, real=0.00 secs] 
2020-10-28T20:31:52.419+0800: 1.040: [CMS-concurrent-sweep-start]
2020-10-28T20:31:52.420+0800: 1.040: [CMS-concurrent-sweep: 0.000/0.000 secs] [Times: user=0.00 sys=0.00, real=0.00 secs] 
2020-10-28T20:31:52.420+0800: 1.040: [CMS-concurrent-reset-start]
2020-10-28T20:31:52.420+0800: 1.040: [CMS-concurrent-reset: 0.000/0.000 secs] [Times: user=0.00 sys=0.00, real=0.00 secs] 
2020-10-28T20:31:52.432+0800: 1.052: [GC (Allocation Failure) 2020-10-28T20:31:52.432+0800: 1.052: [ParNew: 157156K->157156K(157248K), 0.0000160 secs]2020-10-28T20:31:52.432+0800: 1.052: [CMS: 348459K->348961K(349568K), 0.0411897 secs] 505615K->364967K(506816K), [Metaspace: 2722K->2722K(1056768K)], 0.0412805 secs] [Times: user=0.03 sys=0.00, real=0.04 secs] 
2020-10-28T20:31:52.473+0800: 1.094: [GC (CMS Initial Mark) [1 CMS-initial-mark: 348961K(349568K)] 368142K(506816K), 0.0005188 secs] [Times: user=0.00 sys=0.00, real=0.00 secs] 
2020-10-28T20:31:52.474+0800: 1.094: [CMS-concurrent-mark-start]
2020-10-28T20:31:52.475+0800: 1.095: [CMS-concurrent-mark: 0.001/0.001 secs]Heap
 [Times: user=0.00 sys=0.00, real=0.00 secs] 
 par new generation  2020-10-28T20:31:52.475+0800:  total 157248K, used 21977K1.095: [CMS-concurrent-preclean-start]
 [0x00000000e0000000, 0x00000000eaaa0000, 0x00000000eaaa0000)
  eden space 139776K,  15% used [0x00000000e0000000, 0x00000000e1576488, 0x00000000e8880000)
  from space 17472K,   0% used [0x00000000e9990000, 0x00000000e9990000, 0x00000000eaaa0000)
  to   space 17472K,   0% used [0x00000000e8880000, 0x00000000e8880000, 0x00000000e9990000)
 concurrent mark-sweep generation total 349568K, used 348961K [0x00000000eaaa0000, 0x0000000100000000, 0x0000000100000000)
 Metaspace       used 2729K, capacity 4486K, committed 4864K, reserved 1056768K
  class space    used 291K, capacity 386K, committed 512K, reserved 1048576K
