Java HotSpot(TM) 64-Bit Server VM (25.261-b12) for windows-amd64 JRE (1.8.0_261-b12), built on Jun 18 2020 06:56:32 by "" with unknown MS VC++:1916
Memory: 4k page, physical 16616892k(7745784k free), swap 19107260k(4351236k free)
CommandLine flags: -XX:InitialHeapSize=536870912 -XX:MaxHeapSize=536870912 -XX:+PrintGC -XX:+PrintGCDateStamps -XX:+PrintGCDetails -XX:+PrintGCTimeStamps -XX:+UseCompressedClassPointers -XX:+UseCompressedOops -XX:+UseG1GC -XX:-UseLargePagesIndividualAllocation 
2020-10-28T20:33:50.033+0800: 0.109: [GC pause (G1 Evacuation Pause) (young), 0.0032542 secs]
   [Parallel Time: 1.2 ms, GC Workers: 10]
      [GC Worker Start (ms): Min: 108.8, Avg: 108.9, Max: 109.0, Diff: 0.2]
      [Ext Root Scanning (ms): Min: 0.0, Avg: 0.1, Max: 0.5, Diff: 0.5, Sum: 1.0]
      [Update RS (ms): Min: 0.0, Avg: 0.0, Max: 0.0, Diff: 0.0, Sum: 0.0]
         [Processed Buffers: Min: 0, Avg: 0.0, Max: 0, Diff: 0, Sum: 0]
      [Scan RS (ms): Min: 0.0, Avg: 0.0, Max: 0.0, Diff: 0.0, Sum: 0.0]
      [Code Root Scanning (ms): Min: 0.0, Avg: 0.0, Max: 0.0, Diff: 0.0, Sum: 0.0]
      [Object Copy (ms): Min: 0.6, Avg: 0.8, Max: 0.9, Diff: 0.3, Sum: 8.3]
      [Termination (ms): Min: 0.0, Avg: 0.1, Max: 0.1, Diff: 0.1, Sum: 0.7]
         [Termination Attempts: Min: 1, Avg: 1.3, Max: 2, Diff: 1, Sum: 13]
      [GC Worker Other (ms): Min: 0.0, Avg: 0.0, Max: 0.0, Diff: 0.0, Sum: 0.2]
      [GC Worker Total (ms): Min: 0.9, Avg: 1.0, Max: 1.2, Diff: 0.2, Sum: 10.3]
      [GC Worker End (ms): Min: 110.0, Avg: 110.0, Max: 110.0, Diff: 0.0]
   [Code Root Fixup: 0.0 ms]
   [Code Root Purge: 0.0 ms]
   [Clear CT: 0.8 ms]
   [Other: 1.2 ms]
      [Choose CSet: 0.0 ms]
      [Ref Proc: 0.5 ms]
      [Ref Enq: 0.0 ms]
      [Redirty Cards: 0.5 ms]
      [Humongous Register: 0.0 ms]
      [Humongous Reclaim: 0.0 ms]
      [Free CSet: 0.0 ms]
   [Eden: 25.0M(25.0M)->0.0B(25.0M) Survivors: 0.0B->4096.0K Heap: 34.5M(512.0M)->12.0M(512.0M)]
 [Times: user=0.00 sys=0.00, real=0.00 secs] 
2020-10-28T20:33:50.043+0800: 0.119: [GC pause (G1 Evacuation Pause) (young), 0.0035580 secs]
   [Parallel Time: 1.8 ms, GC Workers: 10]
      [GC Worker Start (ms): Min: 118.6, Avg: 118.8, Max: 118.8, Diff: 0.2]
      [Ext Root Scanning (ms): Min: 0.0, Avg: 0.0, Max: 0.2, Diff: 0.2, Sum: 0.5]
      [Update RS (ms): Min: 0.0, Avg: 0.1, Max: 0.3, Diff: 0.3, Sum: 0.6]
         [Processed Buffers: Min: 0, Avg: 0.7, Max: 1, Diff: 1, Sum: 7]
      [Scan RS (ms): Min: 0.0, Avg: 0.0, Max: 0.0, Diff: 0.0, Sum: 0.0]
      [Code Root Scanning (ms): Min: 0.0, Avg: 0.0, Max: 0.0, Diff: 0.0, Sum: 0.0]
      [Object Copy (ms): Min: 1.2, Avg: 1.4, Max: 1.6, Diff: 0.3, Sum: 13.7]
      [Termination (ms): Min: 0.0, Avg: 0.1, Max: 0.3, Diff: 0.3, Sum: 1.4]
         [Termination Attempts: Min: 1, Avg: 1.0, Max: 1, Diff: 0, Sum: 10]
      [GC Worker Other (ms): Min: 0.0, Avg: 0.0, Max: 0.0, Diff: 0.0, Sum: 0.1]
      [GC Worker Total (ms): Min: 1.6, Avg: 1.6, Max: 1.8, Diff: 0.2, Sum: 16.3]
      [GC Worker End (ms): Min: 120.4, Avg: 120.4, Max: 120.4, Diff: 0.0]
   [Code Root Fixup: 0.0 ms]
   [Code Root Purge: 0.0 ms]
   [Clear CT: 0.5 ms]
   [Other: 1.2 ms]
      [Choose CSet: 0.0 ms]
      [Ref Proc: 0.5 ms]
      [Ref Enq: 0.0 ms]
      [Redirty Cards: 0.6 ms]
      [Humongous Register: 0.0 ms]
      [Humongous Reclaim: 0.0 ms]
      [Free CSet: 0.0 ms]
   [Eden: 25.0M(25.0M)->0.0B(35.0M) Survivors: 4096.0K->4096.0K Heap: 42.9M(512.0M)->24.1M(512.0M)]
 [Times: user=0.00 sys=0.00, real=0.00 secs] 
2020-10-28T20:33:50.056+0800: 0.132: [GC pause (G1 Evacuation Pause) (young), 0.0039540 secs]
   [Parallel Time: 1.7 ms, GC Workers: 10]
      [GC Worker Start (ms): Min: 131.8, Avg: 131.9, Max: 131.9, Diff: 0.2]
      [Ext Root Scanning (ms): Min: 0.0, Avg: 0.1, Max: 0.2, Diff: 0.2, Sum: 0.5]
      [Update RS (ms): Min: 0.0, Avg: 0.1, Max: 0.2, Diff: 0.2, Sum: 0.7]
         [Processed Buffers: Min: 0, Avg: 1.2, Max: 2, Diff: 2, Sum: 12]
      [Scan RS (ms): Min: 0.0, Avg: 0.0, Max: 0.0, Diff: 0.0, Sum: 0.0]
      [Code Root Scanning (ms): Min: 0.0, Avg: 0.0, Max: 0.0, Diff: 0.0, Sum: 0.0]
      [Object Copy (ms): Min: 1.1, Avg: 1.3, Max: 1.5, Diff: 0.4, Sum: 13.0]
      [Termination (ms): Min: 0.0, Avg: 0.1, Max: 0.2, Diff: 0.2, Sum: 1.4]
         [Termination Attempts: Min: 1, Avg: 1.0, Max: 1, Diff: 0, Sum: 10]
      [GC Worker Other (ms): Min: 0.0, Avg: 0.0, Max: 0.0, Diff: 0.0, Sum: 0.1]
      [GC Worker Total (ms): Min: 1.5, Avg: 1.6, Max: 1.7, Diff: 0.2, Sum: 15.7]
      [GC Worker End (ms): Min: 133.5, Avg: 133.5, Max: 133.5, Diff: 0.0]
   [Code Root Fixup: 0.0 ms]
   [Code Root Purge: 0.0 ms]
   [Clear CT: 0.8 ms]
   [Other: 1.4 ms]
      [Choose CSet: 0.0 ms]
      [Ref Proc: 0.8 ms]
      [Ref Enq: 0.0 ms]
      [Redirty Cards: 0.5 ms]
      [Humongous Register: 0.0 ms]
      [Humongous Reclaim: 0.0 ms]
      [Free CSet: 0.0 ms]
   [Eden: 35.0M(35.0M)->0.0B(145.0M) Survivors: 4096.0K->5120.0K Heap: 69.2M(512.0M)->36.9M(512.0M)]
 [Times: user=0.08 sys=0.08, real=0.00 secs] 
2020-10-28T20:33:50.128+0800: 0.203: [GC pause (G1 Evacuation Pause) (young), 0.0079940 secs]
   [Parallel Time: 6.3 ms, GC Workers: 10]
      [GC Worker Start (ms): Min: 203.3, Avg: 203.4, Max: 203.5, Diff: 0.2]
      [Ext Root Scanning (ms): Min: 0.0, Avg: 0.0, Max: 0.1, Diff: 0.1, Sum: 0.4]
      [Update RS (ms): Min: 0.4, Avg: 0.4, Max: 0.5, Diff: 0.1, Sum: 4.0]
         [Processed Buffers: Min: 5, Avg: 6.8, Max: 10, Diff: 5, Sum: 68]
      [Scan RS (ms): Min: 0.0, Avg: 0.0, Max: 0.0, Diff: 0.0, Sum: 0.1]
      [Code Root Scanning (ms): Min: 0.0, Avg: 0.0, Max: 0.0, Diff: 0.0, Sum: 0.0]
      [Object Copy (ms): Min: 5.2, Avg: 5.2, Max: 5.3, Diff: 0.1, Sum: 52.5]
      [Termination (ms): Min: 0.0, Avg: 0.1, Max: 0.1, Diff: 0.1, Sum: 0.7]
         [Termination Attempts: Min: 1, Avg: 1.1, Max: 2, Diff: 1, Sum: 11]
      [GC Worker Other (ms): Min: 0.0, Avg: 0.0, Max: 0.1, Diff: 0.1, Sum: 0.3]
      [GC Worker Total (ms): Min: 5.7, Avg: 5.8, Max: 6.0, Diff: 0.2, Sum: 58.0]
      [GC Worker End (ms): Min: 209.2, Avg: 209.2, Max: 209.3, Diff: 0.1]
   [Code Root Fixup: 0.0 ms]
   [Code Root Purge: 0.0 ms]
   [Clear CT: 0.8 ms]
   [Other: 0.8 ms]
      [Choose CSet: 0.0 ms]
      [Ref Proc: 0.3 ms]
      [Ref Enq: 0.0 ms]
      [Redirty Cards: 0.4 ms]
      [Humongous Register: 0.0 ms]
      [Humongous Reclaim: 0.0 ms]
      [Free CSet: 0.0 ms]
   [Eden: 145.0M(145.0M)->0.0B(60.0M) Survivors: 5120.0K->19.0M Heap: 223.2M(512.0M)->102.1M(512.0M)]
 [Times: user=0.00 sys=0.00, real=0.01 secs] 
2020-10-28T20:33:50.145+0800: 0.220: [GC pause (G1 Evacuation Pause) (young), 0.0059061 secs]
   [Parallel Time: 4.2 ms, GC Workers: 10]
      [GC Worker Start (ms): Min: 220.3, Avg: 220.4, Max: 220.5, Diff: 0.2]
      [Ext Root Scanning (ms): Min: 0.0, Avg: 0.0, Max: 0.1, Diff: 0.1, Sum: 0.4]
      [Update RS (ms): Min: 0.1, Avg: 0.1, Max: 0.2, Diff: 0.1, Sum: 1.2]
         [Processed Buffers: Min: 2, Avg: 2.2, Max: 3, Diff: 1, Sum: 22]
      [Scan RS (ms): Min: 0.0, Avg: 0.0, Max: 0.0, Diff: 0.0, Sum: 0.1]
      [Code Root Scanning (ms): Min: 0.0, Avg: 0.0, Max: 0.0, Diff: 0.0, Sum: 0.0]
      [Object Copy (ms): Min: 3.1, Avg: 3.2, Max: 3.4, Diff: 0.3, Sum: 32.1]
      [Termination (ms): Min: 0.0, Avg: 0.1, Max: 0.2, Diff: 0.2, Sum: 1.5]
         [Termination Attempts: Min: 1, Avg: 1.0, Max: 1, Diff: 0, Sum: 10]
      [GC Worker Other (ms): Min: 0.0, Avg: 0.0, Max: 0.0, Diff: 0.0, Sum: 0.1]
      [GC Worker Total (ms): Min: 3.5, Avg: 3.5, Max: 3.6, Diff: 0.2, Sum: 35.5]
      [GC Worker End (ms): Min: 224.0, Avg: 224.0, Max: 224.0, Diff: 0.0]
   [Code Root Fixup: 0.0 ms]
   [Code Root Purge: 0.0 ms]
   [Clear CT: 1.0 ms]
   [Other: 0.7 ms]
      [Choose CSet: 0.0 ms]
      [Ref Proc: 0.2 ms]
      [Ref Enq: 0.0 ms]
      [Redirty Cards: 0.3 ms]
      [Humongous Register: 0.0 ms]
      [Humongous Reclaim: 0.0 ms]
      [Free CSet: 0.0 ms]
   [Eden: 60.0M(60.0M)->0.0B(107.0M) Survivors: 19.0M->10.0M Heap: 172.7M(512.0M)->117.2M(512.0M)]
 [Times: user=0.01 sys=0.00, real=0.01 secs] 
2020-10-28T20:33:50.170+0800: 0.246: [GC pause (G1 Evacuation Pause) (young), 0.0066988 secs]
   [Parallel Time: 4.5 ms, GC Workers: 10]
      [GC Worker Start (ms): Min: 245.6, Avg: 245.7, Max: 245.8, Diff: 0.1]
      [Ext Root Scanning (ms): Min: 0.0, Avg: 0.1, Max: 0.1, Diff: 0.1, Sum: 0.6]
      [Update RS (ms): Min: 0.1, Avg: 0.1, Max: 0.2, Diff: 0.1, Sum: 1.0]
         [Processed Buffers: Min: 0, Avg: 1.5, Max: 2, Diff: 2, Sum: 15]
      [Scan RS (ms): Min: 0.0, Avg: 0.0, Max: 0.0, Diff: 0.0, Sum: 0.1]
      [Code Root Scanning (ms): Min: 0.0, Avg: 0.0, Max: 0.0, Diff: 0.0, Sum: 0.0]
      [Object Copy (ms): Min: 4.0, Avg: 4.1, Max: 4.2, Diff: 0.2, Sum: 40.5]
      [Termination (ms): Min: 0.0, Avg: 0.1, Max: 0.2, Diff: 0.2, Sum: 1.3]
         [Termination Attempts: Min: 1, Avg: 1.0, Max: 1, Diff: 0, Sum: 10]
      [GC Worker Other (ms): Min: 0.0, Avg: 0.0, Max: 0.0, Diff: 0.0, Sum: 0.1]
      [GC Worker Total (ms): Min: 4.3, Avg: 4.4, Max: 4.4, Diff: 0.1, Sum: 43.5]
      [GC Worker End (ms): Min: 250.1, Avg: 250.1, Max: 250.1, Diff: 0.0]
   [Code Root Fixup: 0.0 ms]
   [Code Root Purge: 0.0 ms]
   [Clear CT: 0.8 ms]
   [Other: 1.4 ms]
      [Choose CSet: 0.0 ms]
      [Ref Proc: 0.6 ms]
      [Ref Enq: 0.0 ms]
      [Redirty Cards: 0.6 ms]
      [Humongous Register: 0.0 ms]
      [Humongous Reclaim: 0.0 ms]
      [Free CSet: 0.0 ms]
   [Eden: 107.0M(107.0M)->0.0B(146.0M) Survivors: 10.0M->15.0M Heap: 246.2M(512.0M)->157.4M(512.0M)]
 [Times: user=0.00 sys=0.00, real=0.01 secs] 
2020-10-28T20:33:50.203+0800: 0.278: [GC pause (G1 Evacuation Pause) (young), 0.0079625 secs]
   [Parallel Time: 6.2 ms, GC Workers: 10]
      [GC Worker Start (ms): Min: 278.2, Avg: 278.3, Max: 278.4, Diff: 0.2]
      [Ext Root Scanning (ms): Min: 0.0, Avg: 0.0, Max: 0.2, Diff: 0.2, Sum: 0.4]
      [Update RS (ms): Min: 0.1, Avg: 0.1, Max: 0.2, Diff: 0.0, Sum: 1.3]
         [Processed Buffers: Min: 1, Avg: 2.2, Max: 3, Diff: 2, Sum: 22]
      [Scan RS (ms): Min: 0.0, Avg: 0.0, Max: 0.0, Diff: 0.0, Sum: 0.1]
      [Code Root Scanning (ms): Min: 0.0, Avg: 0.0, Max: 0.0, Diff: 0.0, Sum: 0.0]
      [Object Copy (ms): Min: 5.4, Avg: 5.5, Max: 5.6, Diff: 0.2, Sum: 55.2]
      [Termination (ms): Min: 0.0, Avg: 0.1, Max: 0.2, Diff: 0.2, Sum: 0.7]
         [Termination Attempts: Min: 1, Avg: 1.0, Max: 1, Diff: 0, Sum: 10]
      [GC Worker Other (ms): Min: 0.0, Avg: 0.0, Max: 0.0, Diff: 0.0, Sum: 0.1]
      [GC Worker Total (ms): Min: 5.7, Avg: 5.8, Max: 5.9, Diff: 0.2, Sum: 57.9]
      [GC Worker End (ms): Min: 284.1, Avg: 284.1, Max: 284.1, Diff: 0.0]
   [Code Root Fixup: 0.0 ms]
   [Code Root Purge: 0.0 ms]
   [Clear CT: 0.6 ms]
   [Other: 1.2 ms]
      [Choose CSet: 0.0 ms]
      [Ref Proc: 0.2 ms]
      [Ref Enq: 0.0 ms]
      [Redirty Cards: 0.7 ms]
      [Humongous Register: 0.1 ms]
      [Humongous Reclaim: 0.0 ms]
      [Free CSet: 0.0 ms]
   [Eden: 146.0M(146.0M)->0.0B(162.0M) Survivors: 15.0M->21.0M Heap: 338.2M(512.0M)->205.4M(512.0M)]
 [Times: user=0.00 sys=0.00, real=0.01 secs] 
2020-10-28T20:33:50.215+0800: 0.290: [GC pause (G1 Humongous Allocation) (young) (initial-mark), 0.0036545 secs]
   [Parallel Time: 3.2 ms, GC Workers: 10]
      [GC Worker Start (ms): Min: 290.3, Avg: 290.3, Max: 290.4, Diff: 0.1]
      [Ext Root Scanning (ms): Min: 0.0, Avg: 0.1, Max: 0.1, Diff: 0.1, Sum: 0.5]
      [Update RS (ms): Min: 0.2, Avg: 0.2, Max: 0.2, Diff: 0.0, Sum: 1.8]
         [Processed Buffers: Min: 1, Avg: 3.0, Max: 4, Diff: 3, Sum: 30]
      [Scan RS (ms): Min: 0.0, Avg: 0.0, Max: 0.0, Diff: 0.0, Sum: 0.0]
      [Code Root Scanning (ms): Min: 0.0, Avg: 0.0, Max: 0.0, Diff: 0.0, Sum: 0.0]
      [Object Copy (ms): Min: 2.7, Avg: 2.7, Max: 2.8, Diff: 0.1, Sum: 27.3]
      [Termination (ms): Min: 0.0, Avg: 0.1, Max: 0.1, Diff: 0.1, Sum: 0.8]
         [Termination Attempts: Min: 1, Avg: 1.2, Max: 2, Diff: 1, Sum: 12]
      [GC Worker Other (ms): Min: 0.0, Avg: 0.0, Max: 0.0, Diff: 0.0, Sum: 0.1]
      [GC Worker Total (ms): Min: 3.0, Avg: 3.1, Max: 3.1, Diff: 0.1, Sum: 30.6]
      [GC Worker End (ms): Min: 293.4, Avg: 293.4, Max: 293.4, Diff: 0.0]
   [Code Root Fixup: 0.0 ms]
   [Code Root Purge: 0.0 ms]
   [Clear CT: 0.1 ms]
   [Other: 0.4 ms]
      [Choose CSet: 0.0 ms]
      [Ref Proc: 0.1 ms]
      [Ref Enq: 0.0 ms]
      [Redirty Cards: 0.1 ms]
      [Humongous Register: 0.0 ms]
      [Humongous Reclaim: 0.0 ms]
      [Free CSet: 0.0 ms]
   [Eden: 31.0M(162.0M)->0.0B(162.0M) Survivors: 21.0M->11.0M Heap: 244.8M(512.0M)->216.3M(512.0M)]
 [Times: user=0.00 sys=0.00, real=0.00 secs] 
2020-10-28T20:33:50.219+0800: 0.294: [GC concurrent-root-region-scan-start]
2020-10-28T20:33:50.219+0800: 0.294: [GC concurrent-root-region-scan-end, 0.0001231 secs]
2020-10-28T20:33:50.219+0800: 0.294: [GC concurrent-mark-start]
2020-10-28T20:33:50.221+0800: 0.296: [GC concurrent-mark-end, 0.0017565 secs]
2020-10-28T20:33:50.221+0800: 0.296: [GC remark 2020-10-28T20:33:50.221+0800: 0.296: [Finalize Marking, 0.0001214 secs] 2020-10-28T20:33:50.221+0800: 0.296: [GC ref-proc, 0.0002690 secs] 2020-10-28T20:33:50.221+0800: 0.296: [Unloading, 0.0003462 secs], 0.0010455 secs]
 [Times: user=0.00 sys=0.00, real=0.00 secs] 
2020-10-28T20:33:50.223+0800: 0.298: [GC cleanup 233M->231M(512M), 0.0019066 secs]
 [Times: user=0.00 sys=0.00, real=0.00 secs] 
2020-10-28T20:33:50.225+0800: 0.300: [GC concurrent-cleanup-start]
2020-10-28T20:33:50.225+0800: 0.300: [GC concurrent-cleanup-end, 0.0000083 secs]
2020-10-28T20:33:50.256+0800: 0.331: [GC pause (G1 Evacuation Pause) (young) (to-space exhausted), 0.0063681 secs]
   [Parallel Time: 3.9 ms, GC Workers: 10]
      [GC Worker Start (ms): Min: 331.2, Avg: 331.3, Max: 331.4, Diff: 0.2]
      [Ext Root Scanning (ms): Min: 0.0, Avg: 0.0, Max: 0.1, Diff: 0.1, Sum: 0.4]
      [Update RS (ms): Min: 0.1, Avg: 0.1, Max: 0.2, Diff: 0.0, Sum: 1.3]
         [Processed Buffers: Min: 0, Avg: 2.0, Max: 3, Diff: 3, Sum: 20]
      [Scan RS (ms): Min: 0.0, Avg: 0.0, Max: 0.0, Diff: 0.0, Sum: 0.1]
      [Code Root Scanning (ms): Min: 0.0, Avg: 0.0, Max: 0.0, Diff: 0.0, Sum: 0.0]
      [Object Copy (ms): Min: 3.5, Avg: 3.5, Max: 3.6, Diff: 0.1, Sum: 35.3]
      [Termination (ms): Min: 0.0, Avg: 0.1, Max: 0.1, Diff: 0.1, Sum: 0.6]
         [Termination Attempts: Min: 1, Avg: 1.1, Max: 2, Diff: 1, Sum: 11]
      [GC Worker Other (ms): Min: 0.0, Avg: 0.0, Max: 0.0, Diff: 0.0, Sum: 0.1]
      [GC Worker Total (ms): Min: 3.7, Avg: 3.8, Max: 3.9, Diff: 0.2, Sum: 37.9]
      [GC Worker End (ms): Min: 335.1, Avg: 335.1, Max: 335.1, Diff: 0.0]
   [Code Root Fixup: 0.0 ms]
   [Code Root Purge: 0.0 ms]
   [Clear CT: 0.8 ms]
   [Other: 1.6 ms]
      [Evacuation Failure: 0.3 ms]
      [Choose CSet: 0.0 ms]
      [Ref Proc: 0.4 ms]
      [Ref Enq: 0.0 ms]
      [Redirty Cards: 0.7 ms]
      [Humongous Register: 0.1 ms]
      [Humongous Reclaim: 0.0 ms]
      [Free CSet: 0.0 ms]
   [Eden: 162.0M(162.0M)->0.0B(7168.0K) Survivors: 11.0M->22.0M Heap: 421.7M(512.0M)->345.7M(512.0M)]
 [Times: user=0.00 sys=0.00, real=0.01 secs] 
2020-10-28T20:33:50.263+0800: 0.338: [GC pause (G1 Evacuation Pause) (mixed), 0.0052249 secs]
   [Parallel Time: 3.5 ms, GC Workers: 10]
      [GC Worker Start (ms): Min: 338.4, Avg: 338.4, Max: 338.5, Diff: 0.1]
      [Ext Root Scanning (ms): Min: 0.0, Avg: 0.1, Max: 0.1, Diff: 0.1, Sum: 0.6]
      [Update RS (ms): Min: 0.0, Avg: 0.1, Max: 0.1, Diff: 0.1, Sum: 0.6]
         [Processed Buffers: Min: 1, Avg: 1.6, Max: 2, Diff: 1, Sum: 16]
      [Scan RS (ms): Min: 0.0, Avg: 0.0, Max: 0.2, Diff: 0.2, Sum: 0.3]
      [Code Root Scanning (ms): Min: 0.0, Avg: 0.0, Max: 0.0, Diff: 0.0, Sum: 0.0]
      [Object Copy (ms): Min: 2.6, Avg: 2.7, Max: 2.9, Diff: 0.3, Sum: 27.2]
      [Termination (ms): Min: 0.0, Avg: 0.1, Max: 0.2, Diff: 0.2, Sum: 1.3]
         [Termination Attempts: Min: 1, Avg: 1.0, Max: 1, Diff: 0, Sum: 10]
      [GC Worker Other (ms): Min: 0.0, Avg: 0.0, Max: 0.0, Diff: 0.0, Sum: 0.1]
      [GC Worker Total (ms): Min: 3.0, Avg: 3.0, Max: 3.1, Diff: 0.1, Sum: 30.2]
      [GC Worker End (ms): Min: 341.5, Avg: 341.5, Max: 341.5, Diff: 0.0]
   [Code Root Fixup: 0.0 ms]
   [Code Root Purge: 0.0 ms]
   [Clear CT: 0.6 ms]
   [Other: 1.1 ms]
      [Choose CSet: 0.0 ms]
      [Ref Proc: 0.6 ms]
      [Ref Enq: 0.0 ms]
      [Redirty Cards: 0.3 ms]
      [Humongous Register: 0.1 ms]
      [Humongous Reclaim: 0.0 ms]
      [Free CSet: 0.0 ms]
   [Eden: 7168.0K(7168.0K)->0.0B(67.0M) Survivors: 22.0M->3072.0K Heap: 353.3M(512.0M)->333.2M(512.0M)]
 [Times: user=0.00 sys=0.00, real=0.00 secs] 
2020-10-28T20:33:50.268+0800: 0.344: [GC pause (G1 Humongous Allocation) (young) (initial-mark), 0.0017215 secs]
   [Parallel Time: 0.7 ms, GC Workers: 10]
      [GC Worker Start (ms): Min: 344.3, Avg: 344.4, Max: 344.4, Diff: 0.1]
      [Ext Root Scanning (ms): Min: 0.0, Avg: 0.1, Max: 0.1, Diff: 0.1, Sum: 0.6]
      [Update RS (ms): Min: 0.0, Avg: 0.1, Max: 0.3, Diff: 0.3, Sum: 0.8]
         [Processed Buffers: Min: 1, Avg: 1.0, Max: 1, Diff: 0, Sum: 10]
      [Scan RS (ms): Min: 0.0, Avg: 0.0, Max: 0.0, Diff: 0.0, Sum: 0.0]
      [Code Root Scanning (ms): Min: 0.0, Avg: 0.0, Max: 0.0, Diff: 0.0, Sum: 0.0]
      [Object Copy (ms): Min: 0.0, Avg: 0.2, Max: 0.2, Diff: 0.2, Sum: 1.5]
      [Termination (ms): Min: 0.0, Avg: 0.1, Max: 0.1, Diff: 0.1, Sum: 0.5]
         [Termination Attempts: Min: 1, Avg: 1.3, Max: 3, Diff: 2, Sum: 13]
      [GC Worker Other (ms): Min: 0.0, Avg: 0.0, Max: 0.0, Diff: 0.0, Sum: 0.0]
      [GC Worker Total (ms): Min: 0.3, Avg: 0.3, Max: 0.4, Diff: 0.1, Sum: 3.5]
      [GC Worker End (ms): Min: 344.7, Avg: 344.7, Max: 344.7, Diff: 0.0]
   [Code Root Fixup: 0.0 ms]
   [Code Root Purge: 0.0 ms]
   [Clear CT: 0.3 ms]
   [Other: 0.7 ms]
      [Choose CSet: 0.0 ms]
      [Ref Proc: 0.4 ms]
      [Ref Enq: 0.0 ms]
      [Redirty Cards: 0.2 ms]
      [Humongous Register: 0.0 ms]
      [Humongous Reclaim: 0.0 ms]
      [Free CSet: 0.0 ms]
   [Eden: 4096.0K(67.0M)->0.0B(68.0M) Survivors: 3072.0K->3072.0K Heap: 336.8M(512.0M)->333.0M(512.0M)]
 [Times: user=0.00 sys=0.00, real=0.00 secs] 
2020-10-28T20:33:50.270+0800: 0.346: [GC concurrent-root-region-scan-start]
2020-10-28T20:33:50.270+0800: 0.346: [GC concurrent-root-region-scan-end, 0.0000661 secs]
2020-10-28T20:33:50.270+0800: 0.346: [GC concurrent-mark-start]
2020-10-28T20:33:50.271+0800: 0.347: [GC concurrent-mark-end, 0.0010342 secs]
2020-10-28T20:33:50.271+0800: 0.347: [GC remark 2020-10-28T20:33:50.271+0800: 0.347: [Finalize Marking, 0.0002686 secs] 2020-10-28T20:33:50.272+0800: 0.348: [GC ref-proc, 0.0002187 secs] 2020-10-28T20:33:50.272+0800: 0.348: [Unloading, 0.0004163 secs], 0.0014009 secs]
 [Times: user=0.00 sys=0.00, real=0.00 secs] 
2020-10-28T20:33:50.273+0800: 0.349: [GC cleanup 346M->346M(512M), 0.0007336 secs]
 [Times: user=0.00 sys=0.00, real=0.00 secs] 
2020-10-28T20:33:50.281+0800: 0.357: [GC pause (G1 Evacuation Pause) (young), 0.0047324 secs]
   [Parallel Time: 3.1 ms, GC Workers: 10]
      [GC Worker Start (ms): Min: 357.3, Avg: 357.4, Max: 357.4, Diff: 0.2]
      [Ext Root Scanning (ms): Min: 0.0, Avg: 0.0, Max: 0.1, Diff: 0.1, Sum: 0.4]
      [Update RS (ms): Min: 0.2, Avg: 0.2, Max: 0.2, Diff: 0.0, Sum: 2.0]
         [Processed Buffers: Min: 0, Avg: 3.2, Max: 5, Diff: 5, Sum: 32]
      [Scan RS (ms): Min: 0.0, Avg: 0.0, Max: 0.0, Diff: 0.0, Sum: 0.0]
      [Code Root Scanning (ms): Min: 0.0, Avg: 0.0, Max: 0.0, Diff: 0.0, Sum: 0.0]
      [Object Copy (ms): Min: 2.0, Avg: 2.1, Max: 2.2, Diff: 0.1, Sum: 21.1]
      [Termination (ms): Min: 0.0, Avg: 0.1, Max: 0.1, Diff: 0.1, Sum: 0.7]
         [Termination Attempts: Min: 1, Avg: 1.1, Max: 2, Diff: 1, Sum: 11]
      [GC Worker Other (ms): Min: 0.0, Avg: 0.0, Max: 0.0, Diff: 0.0, Sum: 0.1]
      [GC Worker Total (ms): Min: 2.4, Avg: 2.4, Max: 2.5, Diff: 0.2, Sum: 24.4]
      [GC Worker End (ms): Min: 359.8, Avg: 359.8, Max: 359.8, Diff: 0.0]
   [Code Root Fixup: 0.0 ms]
   [Code Root Purge: 0.0 ms]
   [Clear CT: 0.9 ms]
   [Other: 0.7 ms]
      [Choose CSet: 0.0 ms]
      [Ref Proc: 0.2 ms]
      [Ref Enq: 0.0 ms]
      [Redirty Cards: 0.4 ms]
      [Humongous Register: 0.1 ms]
      [Humongous Reclaim: 0.0 ms]
      [Free CSet: 0.0 ms]
   [Eden: 68.0M(68.0M)->0.0B(16.0M) Survivors: 3072.0K->9216.0K Heap: 420.9M(512.0M)->360.2M(512.0M)]
 [Times: user=0.00 sys=0.00, real=0.01 secs] 
2020-10-28T20:33:50.288+0800: 0.364: [GC pause (G1 Evacuation Pause) (mixed), 0.0039429 secs]
   [Parallel Time: 2.3 ms, GC Workers: 10]
      [GC Worker Start (ms): Min: 364.0, Avg: 364.1, Max: 364.1, Diff: 0.1]
      [Ext Root Scanning (ms): Min: 0.0, Avg: 0.1, Max: 0.1, Diff: 0.1, Sum: 0.6]
      [Update RS (ms): Min: 0.1, Avg: 0.1, Max: 0.3, Diff: 0.2, Sum: 1.5]
         [Processed Buffers: Min: 0, Avg: 2.0, Max: 3, Diff: 3, Sum: 20]
      [Scan RS (ms): Min: 0.0, Avg: 0.0, Max: 0.0, Diff: 0.0, Sum: 0.1]
      [Code Root Scanning (ms): Min: 0.0, Avg: 0.0, Max: 0.0, Diff: 0.0, Sum: 0.0]
      [Object Copy (ms): Min: 1.5, Avg: 1.6, Max: 1.7, Diff: 0.2, Sum: 16.3]
      [Termination (ms): Min: 0.0, Avg: 0.0, Max: 0.1, Diff: 0.1, Sum: 0.4]
         [Termination Attempts: Min: 1, Avg: 1.0, Max: 1, Diff: 0, Sum: 10]
      [GC Worker Other (ms): Min: 0.0, Avg: 0.0, Max: 0.0, Diff: 0.0, Sum: 0.1]
      [GC Worker Total (ms): Min: 1.8, Avg: 1.9, Max: 2.0, Diff: 0.1, Sum: 19.0]
      [GC Worker End (ms): Min: 365.9, Avg: 365.9, Max: 366.0, Diff: 0.0]
   [Code Root Fixup: 0.0 ms]
   [Code Root Purge: 0.0 ms]
   [Clear CT: 0.8 ms]
   [Other: 0.8 ms]
      [Choose CSet: 0.0 ms]
      [Ref Proc: 0.3 ms]
      [Ref Enq: 0.0 ms]
      [Redirty Cards: 0.3 ms]
      [Humongous Register: 0.1 ms]
      [Humongous Reclaim: 0.0 ms]
      [Free CSet: 0.1 ms]
   [Eden: 16.0M(16.0M)->0.0B(21.0M) Survivors: 9216.0K->4096.0K Heap: 378.9M(512.0M)->318.7M(512.0M)]
 [Times: user=0.03 sys=0.00, real=0.00 secs] 
2020-10-28T20:33:50.295+0800: 0.371: [GC pause (G1 Evacuation Pause) (mixed), 0.0042740 secs]
   [Parallel Time: 2.6 ms, GC Workers: 10]
      [GC Worker Start (ms): Min: 370.9, Avg: 371.0, Max: 371.1, Diff: 0.2]
      [Ext Root Scanning (ms): Min: 0.0, Avg: 0.0, Max: 0.1, Diff: 0.1, Sum: 0.4]
      [Update RS (ms): Min: 0.1, Avg: 0.2, Max: 0.2, Diff: 0.1, Sum: 1.8]
         [Processed Buffers: Min: 0, Avg: 2.7, Max: 3, Diff: 3, Sum: 27]
      [Scan RS (ms): Min: 0.0, Avg: 0.0, Max: 0.0, Diff: 0.0, Sum: 0.1]
      [Code Root Scanning (ms): Min: 0.0, Avg: 0.0, Max: 0.0, Diff: 0.0, Sum: 0.0]
      [Object Copy (ms): Min: 2.0, Avg: 2.1, Max: 2.1, Diff: 0.1, Sum: 20.5]
      [Termination (ms): Min: 0.0, Avg: 0.1, Max: 0.1, Diff: 0.1, Sum: 0.7]
         [Termination Attempts: Min: 1, Avg: 1.0, Max: 1, Diff: 0, Sum: 10]
      [GC Worker Other (ms): Min: 0.0, Avg: 0.0, Max: 0.0, Diff: 0.0, Sum: 0.1]
      [GC Worker Total (ms): Min: 2.3, Avg: 2.4, Max: 2.5, Diff: 0.2, Sum: 23.7]
      [GC Worker End (ms): Min: 373.4, Avg: 373.4, Max: 373.4, Diff: 0.0]
   [Code Root Fixup: 0.0 ms]
   [Code Root Purge: 0.0 ms]
   [Clear CT: 0.7 ms]
   [Other: 1.0 ms]
      [Choose CSet: 0.0 ms]
      [Ref Proc: 0.3 ms]
      [Ref Enq: 0.0 ms]
      [Redirty Cards: 0.5 ms]
      [Humongous Register: 0.1 ms]
      [Humongous Reclaim: 0.0 ms]
      [Free CSet: 0.1 ms]
   [Eden: 21.0M(21.0M)->0.0B(21.0M) Survivors: 4096.0K->4096.0K Heap: 345.0M(512.0M)->289.0M(512.0M)]
 [Times: user=0.00 sys=0.00, real=0.00 secs] 
2020-10-28T20:33:50.302+0800: 0.378: [GC pause (G1 Evacuation Pause) (mixed), 0.0033756 secs]
   [Parallel Time: 2.6 ms, GC Workers: 10]
      [GC Worker Start (ms): Min: 377.6, Avg: 377.7, Max: 377.7, Diff: 0.1]
      [Ext Root Scanning (ms): Min: 0.0, Avg: 0.1, Max: 0.1, Diff: 0.1, Sum: 0.7]
      [Update RS (ms): Min: 0.1, Avg: 0.2, Max: 0.2, Diff: 0.1, Sum: 1.9]
         [Processed Buffers: Min: 0, Avg: 2.7, Max: 3, Diff: 3, Sum: 27]
      [Scan RS (ms): Min: 0.0, Avg: 0.0, Max: 0.1, Diff: 0.1, Sum: 0.1]
      [Code Root Scanning (ms): Min: 0.0, Avg: 0.0, Max: 0.0, Diff: 0.0, Sum: 0.0]
      [Object Copy (ms): Min: 2.0, Avg: 2.1, Max: 2.1, Diff: 0.1, Sum: 20.8]
      [Termination (ms): Min: 0.0, Avg: 0.1, Max: 0.1, Diff: 0.1, Sum: 0.6]
         [Termination Attempts: Min: 1, Avg: 1.1, Max: 2, Diff: 1, Sum: 11]
      [GC Worker Other (ms): Min: 0.0, Avg: 0.0, Max: 0.0, Diff: 0.0, Sum: 0.1]
      [GC Worker Total (ms): Min: 2.4, Avg: 2.4, Max: 2.5, Diff: 0.1, Sum: 24.2]
      [GC Worker End (ms): Min: 380.1, Avg: 380.1, Max: 380.1, Diff: 0.0]
   [Code Root Fixup: 0.0 ms]
   [Code Root Purge: 0.0 ms]
   [Clear CT: 0.3 ms]
   [Other: 0.5 ms]
      [Choose CSet: 0.0 ms]
      [Ref Proc: 0.2 ms]
      [Ref Enq: 0.0 ms]
      [Redirty Cards: 0.1 ms]
      [Humongous Register: 0.1 ms]
      [Humongous Reclaim: 0.0 ms]
      [Free CSet: 0.1 ms]
   [Eden: 21.0M(21.0M)->0.0B(100.0M) Survivors: 4096.0K->4096.0K Heap: 313.5M(512.0M)->281.9M(512.0M)]
 [Times: user=0.00 sys=0.00, real=0.00 secs] 
2020-10-28T20:33:50.305+0800: 0.381: [GC pause (G1 Humongous Allocation) (young) (initial-mark), 0.0013322 secs]
   [Parallel Time: 0.7 ms, GC Workers: 10]
      [GC Worker Start (ms): Min: 381.4, Avg: 381.4, Max: 381.4, Diff: 0.1]
      [Ext Root Scanning (ms): Min: 0.1, Avg: 0.1, Max: 0.1, Diff: 0.1, Sum: 0.8]
      [Update RS (ms): Min: 0.0, Avg: 0.0, Max: 0.1, Diff: 0.1, Sum: 0.5]
         [Processed Buffers: Min: 1, Avg: 1.1, Max: 2, Diff: 1, Sum: 11]
      [Scan RS (ms): Min: 0.0, Avg: 0.0, Max: 0.0, Diff: 0.0, Sum: 0.0]
      [Code Root Scanning (ms): Min: 0.0, Avg: 0.0, Max: 0.0, Diff: 0.0, Sum: 0.0]
      [Object Copy (ms): Min: 0.3, Avg: 0.3, Max: 0.4, Diff: 0.1, Sum: 3.3]
      [Termination (ms): Min: 0.0, Avg: 0.1, Max: 0.1, Diff: 0.1, Sum: 0.7]
         [Termination Attempts: Min: 1, Avg: 1.1, Max: 2, Diff: 1, Sum: 11]
      [GC Worker Other (ms): Min: 0.0, Avg: 0.0, Max: 0.0, Diff: 0.0, Sum: 0.1]
      [GC Worker Total (ms): Min: 0.5, Avg: 0.5, Max: 0.6, Diff: 0.1, Sum: 5.3]
      [GC Worker End (ms): Min: 381.9, Avg: 382.0, Max: 382.0, Diff: 0.0]
   [Code Root Fixup: 0.0 ms]
   [Code Root Purge: 0.0 ms]
   [Clear CT: 0.1 ms]
   [Other: 0.5 ms]
      [Choose CSet: 0.0 ms]
      [Ref Proc: 0.1 ms]
      [Ref Enq: 0.0 ms]
      [Redirty Cards: 0.1 ms]
      [Humongous Register: 0.1 ms]
      [Humongous Reclaim: 0.0 ms]
      [Free CSet: 0.0 ms]
   [Eden: 3072.0K(100.0M)->0.0B(87.0M) Survivors: 4096.0K->6144.0K Heap: 284.4M(512.0M)->283.3M(512.0M)]
 [Times: user=0.00 sys=0.00, real=0.00 secs] 
2020-10-28T20:33:50.307+0800: 0.383: [GC concurrent-root-region-scan-start]
2020-10-28T20:33:50.307+0800: 0.383: [GC concurrent-root-region-scan-end, 0.0001392 secs]
2020-10-28T20:33:50.307+0800: 0.383: [GC concurrent-mark-start]
2020-10-28T20:33:50.309+0800: 0.385: [GC concurrent-mark-end, 0.0017451 secs]
2020-10-28T20:33:50.309+0800: 0.385: [GC remark 2020-10-28T20:33:50.309+0800: 0.385: [Finalize Marking, 0.0002132 secs] 2020-10-28T20:33:50.309+0800: 0.385: [GC ref-proc, 0.0002194 secs] 2020-10-28T20:33:50.309+0800: 0.385: [Unloading, 0.0003551 secs], 0.0012346 secs]
 [Times: user=0.00 sys=0.00, real=0.00 secs] 
2020-10-28T20:33:50.310+0800: 0.386: [GC cleanup 297M->297M(512M), 0.0006714 secs]
 [Times: user=0.00 sys=0.00, real=0.00 secs] 
2020-10-28T20:33:50.324+0800: 0.400: [GC pause (G1 Evacuation Pause) (young), 0.0045738 secs]
   [Parallel Time: 3.1 ms, GC Workers: 10]
      [GC Worker Start (ms): Min: 400.1, Avg: 400.1, Max: 400.1, Diff: 0.1]
      [Ext Root Scanning (ms): Min: 0.0, Avg: 0.1, Max: 0.1, Diff: 0.1, Sum: 0.7]
      [Update RS (ms): Min: 0.2, Avg: 0.2, Max: 0.3, Diff: 0.1, Sum: 2.2]
         [Processed Buffers: Min: 0, Avg: 3.0, Max: 4, Diff: 4, Sum: 30]
      [Scan RS (ms): Min: 0.0, Avg: 0.0, Max: 0.0, Diff: 0.0, Sum: 0.1]
      [Code Root Scanning (ms): Min: 0.0, Avg: 0.0, Max: 0.0, Diff: 0.0, Sum: 0.0]
      [Object Copy (ms): Min: 2.5, Avg: 2.6, Max: 2.6, Diff: 0.1, Sum: 25.5]
      [Termination (ms): Min: 0.0, Avg: 0.1, Max: 0.2, Diff: 0.2, Sum: 1.0]
         [Termination Attempts: Min: 1, Avg: 1.0, Max: 1, Diff: 0, Sum: 10]
      [GC Worker Other (ms): Min: 0.0, Avg: 0.0, Max: 0.0, Diff: 0.0, Sum: 0.1]
      [GC Worker Total (ms): Min: 2.9, Avg: 3.0, Max: 3.0, Diff: 0.1, Sum: 29.6]
      [GC Worker End (ms): Min: 403.1, Avg: 403.1, Max: 403.1, Diff: 0.0]
   [Code Root Fixup: 0.0 ms]
   [Code Root Purge: 0.0 ms]
   [Clear CT: 0.7 ms]
   [Other: 0.9 ms]
      [Choose CSet: 0.0 ms]
      [Ref Proc: 0.4 ms]
      [Ref Enq: 0.0 ms]
      [Redirty Cards: 0.3 ms]
      [Humongous Register: 0.1 ms]
      [Humongous Reclaim: 0.0 ms]
      [Free CSet: 0.0 ms]
   [Eden: 87.0M(87.0M)->0.0B(13.0M) Survivors: 6144.0K->12.0M Heap: 393.9M(512.0M)->312.7M(512.0M)]
 [Times: user=0.00 sys=0.00, real=0.01 secs] 
2020-10-28T20:33:50.330+0800: 0.406: [GC pause (G1 Evacuation Pause) (mixed), 0.0044141 secs]
   [Parallel Time: 3.7 ms, GC Workers: 10]
      [GC Worker Start (ms): Min: 406.0, Avg: 406.1, Max: 406.1, Diff: 0.1]
      [Ext Root Scanning (ms): Min: 0.0, Avg: 0.1, Max: 0.1, Diff: 0.1, Sum: 0.6]
      [Update RS (ms): Min: 0.1, Avg: 0.1, Max: 0.1, Diff: 0.0, Sum: 0.9]
         [Processed Buffers: Min: 1, Avg: 2.0, Max: 3, Diff: 2, Sum: 20]
      [Scan RS (ms): Min: 0.0, Avg: 0.0, Max: 0.0, Diff: 0.0, Sum: 0.2]
      [Code Root Scanning (ms): Min: 0.0, Avg: 0.0, Max: 0.0, Diff: 0.0, Sum: 0.0]
      [Object Copy (ms): Min: 3.2, Avg: 3.3, Max: 3.3, Diff: 0.1, Sum: 32.8]
      [Termination (ms): Min: 0.0, Avg: 0.0, Max: 0.1, Diff: 0.1, Sum: 0.5]
         [Termination Attempts: Min: 1, Avg: 1.2, Max: 2, Diff: 1, Sum: 12]
      [GC Worker Other (ms): Min: 0.0, Avg: 0.0, Max: 0.0, Diff: 0.0, Sum: 0.1]
      [GC Worker Total (ms): Min: 3.5, Avg: 3.5, Max: 3.6, Diff: 0.1, Sum: 35.1]
      [GC Worker End (ms): Min: 409.6, Avg: 409.6, Max: 409.6, Diff: 0.0]
   [Code Root Fixup: 0.0 ms]
   [Code Root Purge: 0.0 ms]
   [Clear CT: 0.2 ms]
   [Other: 0.6 ms]
      [Choose CSet: 0.0 ms]
      [Ref Proc: 0.2 ms]
      [Ref Enq: 0.0 ms]
      [Redirty Cards: 0.2 ms]
      [Humongous Register: 0.1 ms]
      [Humongous Reclaim: 0.0 ms]
      [Free CSet: 0.0 ms]
   [Eden: 13.0M(13.0M)->0.0B(84.0M) Survivors: 12.0M->4096.0K Heap: 326.9M(512.0M)->291.3M(512.0M)]
 [Times: user=0.00 sys=0.00, real=0.01 secs] 
2020-10-28T20:33:50.335+0800: 0.411: [GC pause (G1 Humongous Allocation) (young) (initial-mark), 0.0023840 secs]
   [Parallel Time: 0.8 ms, GC Workers: 10]
      [GC Worker Start (ms): Min: 410.7, Avg: 410.8, Max: 410.8, Diff: 0.1]
      [Ext Root Scanning (ms): Min: 0.0, Avg: 0.1, Max: 0.1, Diff: 0.1, Sum: 0.6]
      [Update RS (ms): Min: 0.0, Avg: 0.0, Max: 0.1, Diff: 0.1, Sum: 0.4]
         [Processed Buffers: Min: 1, Avg: 1.1, Max: 2, Diff: 1, Sum: 11]
      [Scan RS (ms): Min: 0.0, Avg: 0.0, Max: 0.0, Diff: 0.0, Sum: 0.0]
      [Code Root Scanning (ms): Min: 0.0, Avg: 0.0, Max: 0.0, Diff: 0.0, Sum: 0.0]
      [Object Copy (ms): Min: 0.1, Avg: 0.2, Max: 0.3, Diff: 0.1, Sum: 2.1]
      [Termination (ms): Min: 0.0, Avg: 0.0, Max: 0.1, Diff: 0.1, Sum: 0.5]
         [Termination Attempts: Min: 1, Avg: 1.1, Max: 2, Diff: 1, Sum: 11]
      [GC Worker Other (ms): Min: 0.0, Avg: 0.0, Max: 0.0, Diff: 0.0, Sum: 0.1]
      [GC Worker Total (ms): Min: 0.3, Avg: 0.4, Max: 0.5, Diff: 0.1, Sum: 3.7]
      [GC Worker End (ms): Min: 411.1, Avg: 411.1, Max: 411.1, Diff: 0.0]
   [Code Root Fixup: 0.0 ms]
   [Code Root Purge: 0.0 ms]
   [Clear CT: 0.8 ms]
   [Other: 0.8 ms]
      [Choose CSet: 0.0 ms]
      [Ref Proc: 0.3 ms]
      [Ref Enq: 0.0 ms]
      [Redirty Cards: 0.4 ms]
      [Humongous Register: 0.1 ms]
      [Humongous Reclaim: 0.0 ms]
      [Free CSet: 0.0 ms]
   [Eden: 1024.0K(84.0M)->0.0B(90.0M) Survivors: 4096.0K->4096.0K Heap: 291.6M(512.0M)->291.1M(512.0M)]
 [Times: user=0.00 sys=0.00, real=0.00 secs] 
2020-10-28T20:33:50.337+0800: 0.413: [GC concurrent-root-region-scan-start]
2020-10-28T20:33:50.337+0800: 0.413: [GC concurrent-root-region-scan-end, 0.0000943 secs]
2020-10-28T20:33:50.337+0800: 0.413: [GC concurrent-mark-start]
2020-10-28T20:33:50.339+0800: 0.414: [GC concurrent-mark-end, 0.0012290 secs]
2020-10-28T20:33:50.339+0800: 0.414: [GC remark 2020-10-28T20:33:50.339+0800: 0.414: [Finalize Marking, 0.0001398 secs] 2020-10-28T20:33:50.339+0800: 0.415: [GC ref-proc, 0.0002179 secs] 2020-10-28T20:33:50.339+0800: 0.415: [Unloading, 0.0004788 secs], 0.0013433 secs]
 [Times: user=0.00 sys=0.00, real=0.00 secs] 
2020-10-28T20:33:50.340+0800: 0.416: [GC cleanup 301M->300M(512M), 0.0010999 secs]
 [Times: user=0.00 sys=0.00, real=0.00 secs] 
2020-10-28T20:33:50.341+0800: 0.417: [GC concurrent-cleanup-start]
2020-10-28T20:33:50.341+0800: 0.417: [GC concurrent-cleanup-end, 0.0000084 secs]
2020-10-28T20:33:50.353+0800: 0.429: [GC pause (G1 Evacuation Pause) (young), 0.0048104 secs]
   [Parallel Time: 3.3 ms, GC Workers: 10]
      [GC Worker Start (ms): Min: 429.0, Avg: 429.0, Max: 429.1, Diff: 0.1]
      [Ext Root Scanning (ms): Min: 0.0, Avg: 0.0, Max: 0.1, Diff: 0.1, Sum: 0.5]
      [Update RS (ms): Min: 0.2, Avg: 0.2, Max: 0.2, Diff: 0.0, Sum: 2.1]
         [Processed Buffers: Min: 0, Avg: 3.1, Max: 4, Diff: 4, Sum: 31]
      [Scan RS (ms): Min: 0.0, Avg: 0.0, Max: 0.0, Diff: 0.0, Sum: 0.1]
      [Code Root Scanning (ms): Min: 0.0, Avg: 0.0, Max: 0.0, Diff: 0.0, Sum: 0.0]
      [Object Copy (ms): Min: 2.8, Avg: 2.8, Max: 2.9, Diff: 0.1, Sum: 28.4]
      [Termination (ms): Min: 0.0, Avg: 0.1, Max: 0.1, Diff: 0.1, Sum: 0.6]
         [Termination Attempts: Min: 1, Avg: 1.4, Max: 2, Diff: 1, Sum: 14]
      [GC Worker Other (ms): Min: 0.0, Avg: 0.0, Max: 0.0, Diff: 0.0, Sum: 0.2]
      [GC Worker Total (ms): Min: 3.1, Avg: 3.2, Max: 3.3, Diff: 0.1, Sum: 31.8]
      [GC Worker End (ms): Min: 432.2, Avg: 432.2, Max: 432.2, Diff: 0.0]
   [Code Root Fixup: 0.0 ms]
   [Code Root Purge: 0.0 ms]
   [Clear CT: 0.5 ms]
   [Other: 1.0 ms]
      [Choose CSet: 0.0 ms]
      [Ref Proc: 0.4 ms]
      [Ref Enq: 0.0 ms]
      [Redirty Cards: 0.4 ms]
      [Humongous Register: 0.1 ms]
      [Humongous Reclaim: 0.0 ms]
      [Free CSet: 0.0 ms]
   [Eden: 90.0M(90.0M)->0.0B(13.0M) Survivors: 4096.0K->12.0M Heap: 398.9M(512.0M)->320.8M(512.0M)]
 [Times: user=0.16 sys=0.00, real=0.01 secs] 
2020-10-28T20:33:50.360+0800: 0.435: [GC pause (G1 Evacuation Pause) (mixed), 0.0057212 secs]
   [Parallel Time: 3.8 ms, GC Workers: 10]
      [GC Worker Start (ms): Min: 435.5, Avg: 435.5, Max: 435.6, Diff: 0.1]
      [Ext Root Scanning (ms): Min: 0.0, Avg: 0.1, Max: 0.1, Diff: 0.1, Sum: 0.7]
      [Update RS (ms): Min: 0.2, Avg: 0.2, Max: 0.3, Diff: 0.0, Sum: 2.3]
         [Processed Buffers: Min: 1, Avg: 3.4, Max: 4, Diff: 3, Sum: 34]
      [Scan RS (ms): Min: 0.0, Avg: 0.0, Max: 0.2, Diff: 0.1, Sum: 0.4]
      [Code Root Scanning (ms): Min: 0.0, Avg: 0.0, Max: 0.0, Diff: 0.0, Sum: 0.0]
      [Object Copy (ms): Min: 2.9, Avg: 3.1, Max: 3.1, Diff: 0.2, Sum: 30.7]
      [Termination (ms): Min: 0.0, Avg: 0.1, Max: 0.1, Diff: 0.1, Sum: 0.7]
         [Termination Attempts: Min: 1, Avg: 1.1, Max: 2, Diff: 1, Sum: 11]
      [GC Worker Other (ms): Min: 0.0, Avg: 0.0, Max: 0.0, Diff: 0.0, Sum: 0.1]
      [GC Worker Total (ms): Min: 3.4, Avg: 3.5, Max: 3.5, Diff: 0.1, Sum: 34.9]
      [GC Worker End (ms): Min: 439.0, Avg: 439.0, Max: 439.0, Diff: 0.0]
   [Code Root Fixup: 0.0 ms]
   [Code Root Purge: 0.0 ms]
   [Clear CT: 0.5 ms]
   [Other: 1.4 ms]
      [Choose CSet: 0.0 ms]
      [Ref Proc: 0.4 ms]
      [Ref Enq: 0.0 ms]
      [Redirty Cards: 0.8 ms]
      [Humongous Register: 0.1 ms]
      [Humongous Reclaim: 0.0 ms]
      [Free CSet: 0.0 ms]
   [Eden: 13.0M(13.0M)->0.0B(81.0M) Survivors: 12.0M->4096.0K Heap: 338.5M(512.0M)->304.2M(512.0M)]
 [Times: user=0.00 sys=0.00, real=0.01 secs] 
2020-10-28T20:33:50.366+0800: 0.442: [GC pause (G1 Humongous Allocation) (young) (initial-mark), 0.0021189 secs]
   [Parallel Time: 0.6 ms, GC Workers: 10]
      [GC Worker Start (ms): Min: 441.7, Avg: 441.8, Max: 441.8, Diff: 0.1]
      [Ext Root Scanning (ms): Min: 0.0, Avg: 0.1, Max: 0.1, Diff: 0.1, Sum: 0.5]
      [Update RS (ms): Min: 0.0, Avg: 0.1, Max: 0.3, Diff: 0.3, Sum: 1.0]
         [Processed Buffers: Min: 1, Avg: 1.1, Max: 2, Diff: 1, Sum: 11]
      [Scan RS (ms): Min: 0.0, Avg: 0.0, Max: 0.0, Diff: 0.0, Sum: 0.0]
      [Code Root Scanning (ms): Min: 0.0, Avg: 0.0, Max: 0.0, Diff: 0.0, Sum: 0.0]
      [Object Copy (ms): Min: 0.0, Avg: 0.2, Max: 0.3, Diff: 0.3, Sum: 2.2]
      [Termination (ms): Min: 0.0, Avg: 0.0, Max: 0.1, Diff: 0.1, Sum: 0.3]
         [Termination Attempts: Min: 1, Avg: 1.0, Max: 1, Diff: 0, Sum: 10]
      [GC Worker Other (ms): Min: 0.0, Avg: 0.0, Max: 0.0, Diff: 0.0, Sum: 0.1]
      [GC Worker Total (ms): Min: 0.4, Avg: 0.4, Max: 0.5, Diff: 0.1, Sum: 4.2]
      [GC Worker End (ms): Min: 442.2, Avg: 442.2, Max: 442.2, Diff: 0.0]
   [Code Root Fixup: 0.0 ms]
   [Code Root Purge: 0.0 ms]
   [Clear CT: 0.8 ms]
   [Other: 0.8 ms]
      [Choose CSet: 0.0 ms]
      [Ref Proc: 0.2 ms]
      [Ref Enq: 0.0 ms]
      [Redirty Cards: 0.4 ms]
      [Humongous Register: 0.1 ms]
      [Humongous Reclaim: 0.0 ms]
      [Free CSet: 0.0 ms]
   [Eden: 4096.0K(81.0M)->0.0B(85.0M) Survivors: 4096.0K->5120.0K Heap: 307.6M(512.0M)->304.8M(512.0M)]
 [Times: user=0.00 sys=0.00, real=0.00 secs] 
2020-10-28T20:33:50.368+0800: 0.444: [GC concurrent-root-region-scan-start]
2020-10-28T20:33:50.368+0800: 0.444: [GC concurrent-root-region-scan-end, 0.0001408 secs]
2020-10-28T20:33:50.368+0800: 0.444: [GC concurrent-mark-start]
2020-10-28T20:33:50.370+0800: 0.445: [GC concurrent-mark-end, 0.0013738 secs]
2020-10-28T20:33:50.370+0800: 0.445: [GC remark 2020-10-28T20:33:50.370+0800: 0.445: [Finalize Marking, 0.0001737 secs] 2020-10-28T20:33:50.370+0800: 0.446: [GC ref-proc, 0.0002242 secs] 2020-10-28T20:33:50.370+0800: 0.446: [Unloading, 0.0004666 secs], 0.0012293 secs]
 [Times: user=0.00 sys=0.00, real=0.00 secs] 
2020-10-28T20:33:50.371+0800: 0.447: [GC cleanup 318M->318M(512M), 0.0009562 secs]
 [Times: user=0.00 sys=0.00, real=0.00 secs] 
2020-10-28T20:33:50.382+0800: 0.458: [GC pause (G1 Evacuation Pause) (young), 0.0047176 secs]
   [Parallel Time: 3.3 ms, GC Workers: 10]
      [GC Worker Start (ms): Min: 458.2, Avg: 458.3, Max: 458.3, Diff: 0.1]
      [Ext Root Scanning (ms): Min: 0.0, Avg: 0.1, Max: 0.1, Diff: 0.1, Sum: 0.7]
      [Update RS (ms): Min: 0.2, Avg: 0.3, Max: 0.3, Diff: 0.1, Sum: 2.5]
         [Processed Buffers: Min: 0, Avg: 3.4, Max: 4, Diff: 4, Sum: 34]
      [Scan RS (ms): Min: 0.0, Avg: 0.0, Max: 0.0, Diff: 0.0, Sum: 0.1]
      [Code Root Scanning (ms): Min: 0.0, Avg: 0.0, Max: 0.0, Diff: 0.0, Sum: 0.0]
      [Object Copy (ms): Min: 2.3, Avg: 2.4, Max: 2.5, Diff: 0.2, Sum: 24.3]
      [Termination (ms): Min: 0.0, Avg: 0.1, Max: 0.2, Diff: 0.2, Sum: 0.8]
         [Termination Attempts: Min: 1, Avg: 1.4, Max: 2, Diff: 1, Sum: 14]
      [GC Worker Other (ms): Min: 0.0, Avg: 0.0, Max: 0.0, Diff: 0.0, Sum: 0.2]
      [GC Worker Total (ms): Min: 2.8, Avg: 2.9, Max: 2.9, Diff: 0.1, Sum: 28.6]
      [GC Worker End (ms): Min: 461.1, Avg: 461.1, Max: 461.2, Diff: 0.0]
   [Code Root Fixup: 0.0 ms]
   [Code Root Purge: 0.0 ms]
   [Clear CT: 0.5 ms]
   [Other: 0.9 ms]
      [Choose CSet: 0.0 ms]
      [Ref Proc: 0.5 ms]
      [Ref Enq: 0.0 ms]
      [Redirty Cards: 0.2 ms]
      [Humongous Register: 0.1 ms]
      [Humongous Reclaim: 0.0 ms]
      [Free CSet: 0.0 ms]
   [Eden: 85.0M(85.0M)->0.0B(13.0M) Survivors: 5120.0K->12.0M Heap: 409.9M(512.0M)->330.0M(512.0M)]
 [Times: user=0.16 sys=0.00, real=0.01 secs] 
2020-10-28T20:33:50.389+0800: 0.465: [GC pause (G1 Evacuation Pause) (mixed), 0.0057940 secs]
   [Parallel Time: 4.2 ms, GC Workers: 10]
      [GC Worker Start (ms): Min: 465.1, Avg: 465.2, Max: 465.3, Diff: 0.2]
      [Ext Root Scanning (ms): Min: 0.0, Avg: 0.1, Max: 0.2, Diff: 0.2, Sum: 0.6]
      [Update RS (ms): Min: 0.2, Avg: 0.3, Max: 0.3, Diff: 0.1, Sum: 2.6]
         [Processed Buffers: Min: 1, Avg: 3.7, Max: 4, Diff: 3, Sum: 37]
      [Scan RS (ms): Min: 0.0, Avg: 0.0, Max: 0.1, Diff: 0.1, Sum: 0.2]
      [Code Root Scanning (ms): Min: 0.0, Avg: 0.0, Max: 0.0, Diff: 0.0, Sum: 0.0]
      [Object Copy (ms): Min: 3.3, Avg: 3.3, Max: 3.4, Diff: 0.1, Sum: 33.5]
      [Termination (ms): Min: 0.0, Avg: 0.1, Max: 0.1, Diff: 0.1, Sum: 0.6]
         [Termination Attempts: Min: 1, Avg: 1.1, Max: 2, Diff: 1, Sum: 11]
      [GC Worker Other (ms): Min: 0.0, Avg: 0.0, Max: 0.0, Diff: 0.0, Sum: 0.1]
      [GC Worker Total (ms): Min: 3.7, Avg: 3.8, Max: 3.9, Diff: 0.2, Sum: 37.6]
      [GC Worker End (ms): Min: 469.0, Avg: 469.0, Max: 469.0, Diff: 0.0]
   [Code Root Fixup: 0.0 ms]
   [Code Root Purge: 0.0 ms]
   [Clear CT: 0.6 ms]
   [Other: 1.0 ms]
      [Choose CSet: 0.0 ms]
      [Ref Proc: 0.4 ms]
      [Ref Enq: 0.0 ms]
      [Redirty Cards: 0.3 ms]
      [Humongous Register: 0.1 ms]
      [Humongous Reclaim: 0.0 ms]
      [Free CSet: 0.0 ms]
   [Eden: 13.0M(13.0M)->0.0B(77.0M) Survivors: 12.0M->4096.0K Heap: 349.2M(512.0M)->312.2M(512.0M)]
 [Times: user=0.00 sys=0.00, real=0.01 secs] 
2020-10-28T20:33:50.395+0800: 0.471: [GC pause (G1 Humongous Allocation) (young) (initial-mark), 0.0018353 secs]
   [Parallel Time: 0.7 ms, GC Workers: 10]
      [GC Worker Start (ms): Min: 471.1, Avg: 471.2, Max: 471.2, Diff: 0.1]
      [Ext Root Scanning (ms): Min: 0.0, Avg: 0.1, Max: 0.1, Diff: 0.1, Sum: 0.7]
      [Update RS (ms): Min: 0.0, Avg: 0.1, Max: 0.1, Diff: 0.1, Sum: 0.5]
         [Processed Buffers: Min: 1, Avg: 1.1, Max: 2, Diff: 1, Sum: 11]
      [Scan RS (ms): Min: 0.0, Avg: 0.0, Max: 0.0, Diff: 0.0, Sum: 0.0]
      [Code Root Scanning (ms): Min: 0.0, Avg: 0.0, Max: 0.0, Diff: 0.0, Sum: 0.0]
      [Object Copy (ms): Min: 0.1, Avg: 0.2, Max: 0.3, Diff: 0.1, Sum: 2.0]
      [Termination (ms): Min: 0.0, Avg: 0.1, Max: 0.1, Diff: 0.1, Sum: 0.5]
         [Termination Attempts: Min: 1, Avg: 1.0, Max: 1, Diff: 0, Sum: 10]
      [GC Worker Other (ms): Min: 0.0, Avg: 0.0, Max: 0.0, Diff: 0.0, Sum: 0.1]
      [GC Worker Total (ms): Min: 0.3, Avg: 0.4, Max: 0.5, Diff: 0.1, Sum: 3.9]
      [GC Worker End (ms): Min: 471.6, Avg: 471.6, Max: 471.6, Diff: 0.0]
   [Code Root Fixup: 0.0 ms]
   [Code Root Purge: 0.0 ms]
   [Clear CT: 0.3 ms]
   [Other: 0.8 ms]
      [Choose CSet: 0.0 ms]
      [Ref Proc: 0.3 ms]
      [Ref Enq: 0.0 ms]
      [Redirty Cards: 0.4 ms]
      [Humongous Register: 0.1 ms]
      [Humongous Reclaim: 0.0 ms]
      [Free CSet: 0.0 ms]
   [Eden: 1024.0K(77.0M)->0.0B(81.0M) Survivors: 4096.0K->4096.0K Heap: 312.8M(512.0M)->311.9M(512.0M)]
 [Times: user=0.00 sys=0.00, real=0.00 secs] 
2020-10-28T20:33:50.397+0800: 0.473: [GC concurrent-root-region-scan-start]
2020-10-28T20:33:50.397+0800: 0.473: [GC concurrent-root-region-scan-end, 0.0001012 secs]
2020-10-28T20:33:50.397+0800: 0.473: [GC concurrent-mark-start]
2020-10-28T20:33:50.399+0800: 0.474: [GC concurrent-mark-end, 0.0012450 secs]
2020-10-28T20:33:50.399+0800: 0.474: [GC remark 2020-10-28T20:33:50.399+0800: 0.474: [Finalize Marking, 0.0002593 secs] 2020-10-28T20:33:50.399+0800: 0.475: [GC ref-proc, 0.0002374 secs] 2020-10-28T20:33:50.399+0800: 0.475: [Unloading, 0.0004168 secs], 0.0013380 secs]
 [Times: user=0.00 sys=0.00, real=0.00 secs] 
2020-10-28T20:33:50.400+0800: 0.476: [GC cleanup 325M->325M(512M), 0.0008640 secs]
 [Times: user=0.00 sys=0.00, real=0.00 secs] 
2020-10-28T20:33:50.412+0800: 0.488: [GC pause (G1 Evacuation Pause) (young) (to-space exhausted), 0.0034857 secs]
   [Parallel Time: 2.5 ms, GC Workers: 10]
      [GC Worker Start (ms): Min: 487.9, Avg: 487.9, Max: 488.0, Diff: 0.1]
      [Ext Root Scanning (ms): Min: 0.0, Avg: 0.1, Max: 0.1, Diff: 0.1, Sum: 0.8]
      [Update RS (ms): Min: 0.3, Avg: 0.3, Max: 0.3, Diff: 0.0, Sum: 3.2]
         [Processed Buffers: Min: 1, Avg: 3.9, Max: 5, Diff: 4, Sum: 39]
      [Scan RS (ms): Min: 0.0, Avg: 0.0, Max: 0.0, Diff: 0.0, Sum: 0.0]
      [Code Root Scanning (ms): Min: 0.0, Avg: 0.0, Max: 0.0, Diff: 0.0, Sum: 0.0]
      [Object Copy (ms): Min: 1.9, Avg: 1.9, Max: 1.9, Diff: 0.1, Sum: 18.9]
      [Termination (ms): Min: 0.0, Avg: 0.0, Max: 0.0, Diff: 0.0, Sum: 0.2]
         [Termination Attempts: Min: 1, Avg: 1.1, Max: 2, Diff: 1, Sum: 11]
      [GC Worker Other (ms): Min: 0.0, Avg: 0.0, Max: 0.0, Diff: 0.0, Sum: 0.2]
      [GC Worker Total (ms): Min: 2.3, Avg: 2.3, Max: 2.4, Diff: 0.1, Sum: 23.3]
      [GC Worker End (ms): Min: 490.3, Avg: 490.3, Max: 490.3, Diff: 0.0]
   [Code Root Fixup: 0.0 ms]
   [Code Root Purge: 0.0 ms]
   [Clear CT: 0.2 ms]
   [Other: 0.8 ms]
      [Evacuation Failure: 0.2 ms]
      [Choose CSet: 0.0 ms]
      [Ref Proc: 0.2 ms]
      [Ref Enq: 0.0 ms]
      [Redirty Cards: 0.2 ms]
      [Humongous Register: 0.1 ms]
      [Humongous Reclaim: 0.0 ms]
      [Free CSet: 0.0 ms]
   [Eden: 81.0M(81.0M)->0.0B(14.0M) Survivors: 4096.0K->11.0M Heap: 423.5M(512.0M)->369.2M(512.0M)]
 [Times: user=0.00 sys=0.00, real=0.00 secs] 
2020-10-28T20:33:50.418+0800: 0.494: [GC pause (G1 Evacuation Pause) (mixed), 0.0048019 secs]
   [Parallel Time: 3.9 ms, GC Workers: 10]
      [GC Worker Start (ms): Min: 493.8, Avg: 493.9, Max: 493.9, Diff: 0.1]
      [Ext Root Scanning (ms): Min: 0.0, Avg: 0.1, Max: 0.1, Diff: 0.1, Sum: 0.7]
      [Update RS (ms): Min: 0.4, Avg: 0.4, Max: 0.5, Diff: 0.1, Sum: 4.3]
         [Processed Buffers: Min: 2, Avg: 5.3, Max: 6, Diff: 4, Sum: 53]
      [Scan RS (ms): Min: 0.0, Avg: 0.0, Max: 0.1, Diff: 0.1, Sum: 0.3]
      [Code Root Scanning (ms): Min: 0.0, Avg: 0.0, Max: 0.0, Diff: 0.0, Sum: 0.0]
      [Object Copy (ms): Min: 3.1, Avg: 3.2, Max: 3.2, Diff: 0.2, Sum: 31.6]
      [Termination (ms): Min: 0.0, Avg: 0.1, Max: 0.1, Diff: 0.1, Sum: 0.8]
         [Termination Attempts: Min: 1, Avg: 1.0, Max: 1, Diff: 0, Sum: 10]
      [GC Worker Other (ms): Min: 0.0, Avg: 0.0, Max: 0.0, Diff: 0.0, Sum: 0.1]
      [GC Worker Total (ms): Min: 3.7, Avg: 3.8, Max: 3.8, Diff: 0.1, Sum: 37.9]
      [GC Worker End (ms): Min: 497.7, Avg: 497.7, Max: 497.7, Diff: 0.0]
   [Code Root Fixup: 0.0 ms]
   [Code Root Purge: 0.0 ms]
   [Clear CT: 0.3 ms]
   [Other: 0.7 ms]
      [Choose CSet: 0.0 ms]
      [Ref Proc: 0.1 ms]
      [Ref Enq: 0.0 ms]
      [Redirty Cards: 0.3 ms]
      [Humongous Register: 0.1 ms]
      [Humongous Reclaim: 0.0 ms]
      [Free CSet: 0.0 ms]
   [Eden: 14.0M(14.0M)->0.0B(40.0M) Survivors: 11.0M->4096.0K Heap: 390.4M(512.0M)->354.7M(512.0M)]
 [Times: user=0.00 sys=0.00, real=0.01 secs] 
2020-10-28T20:33:50.423+0800: 0.499: [GC pause (G1 Humongous Allocation) (young) (initial-mark), 0.0014711 secs]
   [Parallel Time: 0.6 ms, GC Workers: 10]
      [GC Worker Start (ms): Min: 498.8, Avg: 498.9, Max: 498.9, Diff: 0.1]
      [Ext Root Scanning (ms): Min: 0.0, Avg: 0.1, Max: 0.1, Diff: 0.1, Sum: 0.7]
      [Update RS (ms): Min: 0.0, Avg: 0.1, Max: 0.3, Diff: 0.3, Sum: 0.9]
         [Processed Buffers: Min: 1, Avg: 1.1, Max: 2, Diff: 1, Sum: 11]
      [Scan RS (ms): Min: 0.0, Avg: 0.0, Max: 0.0, Diff: 0.0, Sum: 0.0]
      [Code Root Scanning (ms): Min: 0.0, Avg: 0.0, Max: 0.0, Diff: 0.0, Sum: 0.0]
      [Object Copy (ms): Min: 0.0, Avg: 0.2, Max: 0.4, Diff: 0.4, Sum: 2.3]
      [Termination (ms): Min: 0.0, Avg: 0.1, Max: 0.2, Diff: 0.2, Sum: 1.4]
         [Termination Attempts: Min: 1, Avg: 1.1, Max: 2, Diff: 1, Sum: 11]
      [GC Worker Other (ms): Min: 0.0, Avg: 0.0, Max: 0.0, Diff: 0.0, Sum: 0.1]
      [GC Worker Total (ms): Min: 0.5, Avg: 0.5, Max: 0.6, Diff: 0.1, Sum: 5.3]
      [GC Worker End (ms): Min: 499.4, Avg: 499.4, Max: 499.4, Diff: 0.0]
   [Code Root Fixup: 0.0 ms]
   [Code Root Purge: 0.0 ms]
   [Clear CT: 0.2 ms]
   [Other: 0.7 ms]
      [Choose CSet: 0.0 ms]
      [Ref Proc: 0.3 ms]
      [Ref Enq: 0.0 ms]
      [Redirty Cards: 0.2 ms]
      [Humongous Register: 0.1 ms]
      [Humongous Reclaim: 0.0 ms]
      [Free CSet: 0.0 ms]
   [Eden: 1024.0K(40.0M)->0.0B(38.0M) Survivors: 4096.0K->1024.0K Heap: 355.0M(512.0M)->354.9M(512.0M)]
 [Times: user=0.00 sys=0.00, real=0.00 secs] 
2020-10-28T20:33:50.425+0800: 0.500: [GC concurrent-root-region-scan-start]
2020-10-28T20:33:50.425+0800: 0.500: [GC concurrent-root-region-scan-end, 0.0000489 secs]
2020-10-28T20:33:50.425+0800: 0.500: [GC concurrent-mark-start]
2020-10-28T20:33:50.426+0800: 0.502: [GC concurrent-mark-end, 0.0013744 secs]
2020-10-28T20:33:50.426+0800: 0.502: [GC remark 2020-10-28T20:33:50.426+0800: 0.502: [Finalize Marking, 0.0001240 secs] 2020-10-28T20:33:50.426+0800: 0.502: [GC ref-proc, 0.0002518 secs] 2020-10-28T20:33:50.427+0800: 0.502: [Unloading, 0.0004547 secs], 0.0013220 secs]
 [Times: user=0.00 sys=0.00, real=0.00 secs] 
2020-10-28T20:33:50.428+0800: 0.503: [GC cleanup 369M->369M(512M), 0.0008492 secs]
 [Times: user=0.00 sys=0.00, real=0.00 secs] 
2020-10-28T20:33:50.433+0800: 0.508: [GC pause (G1 Evacuation Pause) (young), 0.0025293 secs]
   [Parallel Time: 1.7 ms, GC Workers: 10]
      [GC Worker Start (ms): Min: 508.3, Avg: 508.4, Max: 508.4, Diff: 0.1]
      [Ext Root Scanning (ms): Min: 0.0, Avg: 0.1, Max: 0.1, Diff: 0.1, Sum: 0.7]
      [Update RS (ms): Min: 0.4, Avg: 0.4, Max: 0.4, Diff: 0.1, Sum: 3.9]
         [Processed Buffers: Min: 2, Avg: 5.2, Max: 6, Diff: 4, Sum: 52]
      [Scan RS (ms): Min: 0.0, Avg: 0.0, Max: 0.0, Diff: 0.0, Sum: 0.0]
      [Code Root Scanning (ms): Min: 0.0, Avg: 0.0, Max: 0.0, Diff: 0.0, Sum: 0.0]
      [Object Copy (ms): Min: 0.9, Avg: 1.0, Max: 1.1, Diff: 0.1, Sum: 10.0]
      [Termination (ms): Min: 0.0, Avg: 0.1, Max: 0.1, Diff: 0.1, Sum: 0.6]
         [Termination Attempts: Min: 1, Avg: 1.0, Max: 1, Diff: 0, Sum: 10]
      [GC Worker Other (ms): Min: 0.0, Avg: 0.0, Max: 0.0, Diff: 0.0, Sum: 0.1]
      [GC Worker Total (ms): Min: 1.5, Avg: 1.5, Max: 1.6, Diff: 0.1, Sum: 15.3]
      [GC Worker End (ms): Min: 509.9, Avg: 509.9, Max: 509.9, Diff: 0.0]
   [Code Root Fixup: 0.0 ms]
   [Code Root Purge: 0.0 ms]
   [Clear CT: 0.3 ms]
   [Other: 0.6 ms]
      [Choose CSet: 0.0 ms]
      [Ref Proc: 0.2 ms]
      [Ref Enq: 0.0 ms]
      [Redirty Cards: 0.2 ms]
      [Humongous Register: 0.1 ms]
      [Humongous Reclaim: 0.0 ms]
      [Free CSet: 0.0 ms]
   [Eden: 38.0M(38.0M)->0.0B(20.0M) Survivors: 1024.0K->5120.0K Heap: 403.7M(512.0M)->368.5M(512.0M)]
 [Times: user=0.00 sys=0.00, real=0.00 secs] 
2020-10-28T20:33:50.438+0800: 0.514: [GC pause (G1 Evacuation Pause) (mixed), 0.0036962 secs]
   [Parallel Time: 2.7 ms, GC Workers: 10]
      [GC Worker Start (ms): Min: 513.9, Avg: 513.9, Max: 514.0, Diff: 0.1]
      [Ext Root Scanning (ms): Min: 0.0, Avg: 0.1, Max: 0.1, Diff: 0.1, Sum: 0.8]
      [Update RS (ms): Min: 0.3, Avg: 0.3, Max: 0.3, Diff: 0.1, Sum: 2.9]
         [Processed Buffers: Min: 0, Avg: 3.9, Max: 5, Diff: 5, Sum: 39]
      [Scan RS (ms): Min: 0.0, Avg: 0.0, Max: 0.1, Diff: 0.1, Sum: 0.3]
      [Code Root Scanning (ms): Min: 0.0, Avg: 0.0, Max: 0.0, Diff: 0.0, Sum: 0.0]
      [Object Copy (ms): Min: 2.0, Avg: 2.1, Max: 2.2, Diff: 0.2, Sum: 20.6]
      [Termination (ms): Min: 0.0, Avg: 0.1, Max: 0.2, Diff: 0.2, Sum: 1.1]
         [Termination Attempts: Min: 1, Avg: 1.1, Max: 2, Diff: 1, Sum: 11]
      [GC Worker Other (ms): Min: 0.0, Avg: 0.0, Max: 0.0, Diff: 0.0, Sum: 0.1]
      [GC Worker Total (ms): Min: 2.5, Avg: 2.6, Max: 2.6, Diff: 0.1, Sum: 25.8]
      [GC Worker End (ms): Min: 516.5, Avg: 516.5, Max: 516.5, Diff: 0.0]
   [Code Root Fixup: 0.0 ms]
   [Code Root Purge: 0.0 ms]
   [Clear CT: 0.3 ms]
   [Other: 0.8 ms]
      [Choose CSet: 0.0 ms]
      [Ref Proc: 0.3 ms]
      [Ref Enq: 0.0 ms]
      [Redirty Cards: 0.2 ms]
      [Humongous Register: 0.1 ms]
      [Humongous Reclaim: 0.0 ms]
      [Free CSet: 0.1 ms]
   [Eden: 20.0M(20.0M)->0.0B(21.0M) Survivors: 5120.0K->4096.0K Heap: 392.3M(512.0M)->335.9M(512.0M)]
 [Times: user=0.00 sys=0.00, real=0.00 secs] 
2020-10-28T20:33:50.445+0800: 0.520: [GC pause (G1 Evacuation Pause) (mixed), 0.0043946 secs]
   [Parallel Time: 3.3 ms, GC Workers: 10]
      [GC Worker Start (ms): Min: 520.5, Avg: 520.5, Max: 520.6, Diff: 0.1]
      [Ext Root Scanning (ms): Min: 0.0, Avg: 0.1, Max: 0.1, Diff: 0.1, Sum: 0.8]
      [Update RS (ms): Min: 0.5, Avg: 0.5, Max: 0.5, Diff: 0.0, Sum: 5.1]
         [Processed Buffers: Min: 5, Avg: 6.9, Max: 8, Diff: 3, Sum: 69]
      [Scan RS (ms): Min: 0.0, Avg: 0.0, Max: 0.0, Diff: 0.0, Sum: 0.1]
      [Code Root Scanning (ms): Min: 0.0, Avg: 0.0, Max: 0.0, Diff: 0.0, Sum: 0.0]
      [Object Copy (ms): Min: 2.5, Avg: 2.5, Max: 2.6, Diff: 0.1, Sum: 25.4]
      [Termination (ms): Min: 0.0, Avg: 0.0, Max: 0.1, Diff: 0.1, Sum: 0.5]
         [Termination Attempts: Min: 1, Avg: 1.0, Max: 1, Diff: 0, Sum: 10]
      [GC Worker Other (ms): Min: 0.0, Avg: 0.0, Max: 0.0, Diff: 0.0, Sum: 0.2]
      [GC Worker Total (ms): Min: 3.2, Avg: 3.2, Max: 3.2, Diff: 0.1, Sum: 32.0]
      [GC Worker End (ms): Min: 523.7, Avg: 523.7, Max: 523.7, Diff: 0.0]
   [Code Root Fixup: 0.0 ms]
   [Code Root Purge: 0.0 ms]
   [Clear CT: 0.4 ms]
   [Other: 0.7 ms]
      [Choose CSet: 0.0 ms]
      [Ref Proc: 0.3 ms]
      [Ref Enq: 0.0 ms]
      [Redirty Cards: 0.2 ms]
      [Humongous Register: 0.1 ms]
      [Humongous Reclaim: 0.0 ms]
      [Free CSet: 0.0 ms]
   [Eden: 21.0M(21.0M)->0.0B(58.0M) Survivors: 4096.0K->4096.0K Heap: 364.1M(512.0M)->331.2M(512.0M)]
 [Times: user=0.16 sys=0.00, real=0.00 secs] 
2020-10-28T20:33:50.449+0800: 0.525: [GC pause (G1 Humongous Allocation) (young) (initial-mark), 0.0010389 secs]
   [Parallel Time: 0.6 ms, GC Workers: 10]
      [GC Worker Start (ms): Min: 525.0, Avg: 525.0, Max: 525.0, Diff: 0.1]
      [Ext Root Scanning (ms): Min: 0.1, Avg: 0.1, Max: 0.1, Diff: 0.1, Sum: 0.8]
      [Update RS (ms): Min: 0.0, Avg: 0.1, Max: 0.3, Diff: 0.3, Sum: 0.8]
         [Processed Buffers: Min: 0, Avg: 1.1, Max: 2, Diff: 2, Sum: 11]
      [Scan RS (ms): Min: 0.0, Avg: 0.0, Max: 0.0, Diff: 0.0, Sum: 0.0]
      [Code Root Scanning (ms): Min: 0.0, Avg: 0.0, Max: 0.0, Diff: 0.0, Sum: 0.0]
      [Object Copy (ms): Min: 0.0, Avg: 0.2, Max: 0.3, Diff: 0.3, Sum: 2.1]
      [Termination (ms): Min: 0.0, Avg: 0.1, Max: 0.1, Diff: 0.1, Sum: 0.8]
         [Termination Attempts: Min: 1, Avg: 1.4, Max: 2, Diff: 1, Sum: 14]
      [GC Worker Other (ms): Min: 0.0, Avg: 0.0, Max: 0.0, Diff: 0.0, Sum: 0.1]
      [GC Worker Total (ms): Min: 0.4, Avg: 0.4, Max: 0.5, Diff: 0.1, Sum: 4.5]
      [GC Worker End (ms): Min: 525.4, Avg: 525.4, Max: 525.4, Diff: 0.0]
   [Code Root Fixup: 0.0 ms]
   [Code Root Purge: 0.0 ms]
   [Clear CT: 0.1 ms]
   [Other: 0.3 ms]
      [Choose CSet: 0.0 ms]
      [Ref Proc: 0.1 ms]
      [Ref Enq: 0.0 ms]
      [Redirty Cards: 0.1 ms]
      [Humongous Register: 0.1 ms]
      [Humongous Reclaim: 0.0 ms]
      [Free CSet: 0.0 ms]
   [Eden: 1024.0K(58.0M)->0.0B(60.0M) Survivors: 4096.0K->5120.0K Heap: 331.5M(512.0M)->331.6M(512.0M)]
 [Times: user=0.00 sys=0.00, real=0.00 secs] 
2020-10-28T20:33:50.451+0800: 0.526: [GC concurrent-root-region-scan-start]
2020-10-28T20:33:50.451+0800: 0.526: [GC concurrent-root-region-scan-end, 0.0000810 secs]
2020-10-28T20:33:50.451+0800: 0.526: [GC concurrent-mark-start]
2020-10-28T20:33:50.452+0800: 0.528: [GC concurrent-mark-end, 0.0014978 secs]
2020-10-28T20:33:50.452+0800: 0.528: [GC remark 2020-10-28T20:33:50.452+0800: 0.528: [Finalize Marking, 0.0001206 secs] 2020-10-28T20:33:50.452+0800: 0.528: [GC ref-proc, 0.0002514 secs] 2020-10-28T20:33:50.453+0800: 0.528: [Unloading, 0.0003225 secs], 0.0012227 secs]
 [Times: user=0.00 sys=0.00, real=0.00 secs] 
2020-10-28T20:33:50.454+0800: 0.529: [GC cleanup 344M->344M(512M), 0.0008880 secs]
 [Times: user=0.00 sys=0.00, real=0.00 secs] 
2020-10-28T20:33:50.461+0800: 0.537: [GC pause (G1 Evacuation Pause) (young), 0.0030476 secs]
   [Parallel Time: 2.4 ms, GC Workers: 10]
      [GC Worker Start (ms): Min: 537.0, Avg: 537.0, Max: 537.1, Diff: 0.1]
      [Ext Root Scanning (ms): Min: 0.0, Avg: 0.1, Max: 0.1, Diff: 0.1, Sum: 0.7]
      [Update RS (ms): Min: 0.3, Avg: 0.4, Max: 0.4, Diff: 0.0, Sum: 3.5]
         [Processed Buffers: Min: 2, Avg: 4.8, Max: 6, Diff: 4, Sum: 48]
      [Scan RS (ms): Min: 0.0, Avg: 0.0, Max: 0.0, Diff: 0.0, Sum: 0.0]
      [Code Root Scanning (ms): Min: 0.0, Avg: 0.0, Max: 0.0, Diff: 0.0, Sum: 0.0]
      [Object Copy (ms): Min: 1.7, Avg: 1.8, Max: 1.8, Diff: 0.1, Sum: 17.6]
      [Termination (ms): Min: 0.0, Avg: 0.0, Max: 0.1, Diff: 0.1, Sum: 0.3]
         [Termination Attempts: Min: 1, Avg: 1.0, Max: 1, Diff: 0, Sum: 10]
      [GC Worker Other (ms): Min: 0.0, Avg: 0.0, Max: 0.0, Diff: 0.0, Sum: 0.1]
      [GC Worker Total (ms): Min: 2.2, Avg: 2.2, Max: 2.3, Diff: 0.1, Sum: 22.4]
      [GC Worker End (ms): Min: 539.2, Avg: 539.2, Max: 539.3, Diff: 0.0]
   [Code Root Fixup: 0.0 ms]
   [Code Root Purge: 0.0 ms]
   [Clear CT: 0.1 ms]
   [Other: 0.5 ms]
      [Choose CSet: 0.0 ms]
      [Ref Proc: 0.2 ms]
      [Ref Enq: 0.0 ms]
      [Redirty Cards: 0.1 ms]
      [Humongous Register: 0.1 ms]
      [Humongous Reclaim: 0.0 ms]
      [Free CSet: 0.0 ms]
   [Eden: 60.0M(60.0M)->0.0B(16.0M) Survivors: 5120.0K->9216.0K Heap: 408.0M(512.0M)->350.6M(512.0M)]
 [Times: user=0.16 sys=0.00, real=0.00 secs] 
2020-10-28T20:33:50.466+0800: 0.542: [GC pause (G1 Evacuation Pause) (mixed), 0.0046988 secs]
   [Parallel Time: 3.8 ms, GC Workers: 10]
      [GC Worker Start (ms): Min: 542.0, Avg: 542.1, Max: 542.1, Diff: 0.1]
      [Ext Root Scanning (ms): Min: 0.0, Avg: 0.1, Max: 0.1, Diff: 0.1, Sum: 0.6]
      [Update RS (ms): Min: 0.2, Avg: 0.2, Max: 0.2, Diff: 0.1, Sum: 2.3]
         [Processed Buffers: Min: 3, Avg: 3.8, Max: 5, Diff: 2, Sum: 38]
      [Scan RS (ms): Min: 0.0, Avg: 0.0, Max: 0.0, Diff: 0.0, Sum: 0.2]
      [Code Root Scanning (ms): Min: 0.0, Avg: 0.0, Max: 0.0, Diff: 0.0, Sum: 0.0]
      [Object Copy (ms): Min: 3.3, Avg: 3.4, Max: 3.4, Diff: 0.1, Sum: 33.6]
      [Termination (ms): Min: 0.0, Avg: 0.1, Max: 0.1, Diff: 0.1, Sum: 0.6]
         [Termination Attempts: Min: 1, Avg: 1.1, Max: 2, Diff: 1, Sum: 11]
      [GC Worker Other (ms): Min: 0.0, Avg: 0.0, Max: 0.0, Diff: 0.0, Sum: 0.1]
      [GC Worker Total (ms): Min: 3.7, Avg: 3.7, Max: 3.8, Diff: 0.1, Sum: 37.4]
      [GC Worker End (ms): Min: 545.8, Avg: 545.8, Max: 545.8, Diff: 0.0]
   [Code Root Fixup: 0.0 ms]
   [Code Root Purge: 0.0 ms]
   [Clear CT: 0.2 ms]
   [Other: 0.7 ms]
      [Choose CSet: 0.0 ms]
      [Ref Proc: 0.2 ms]
      [Ref Enq: 0.0 ms]
      [Redirty Cards: 0.2 ms]
      [Humongous Register: 0.1 ms]
      [Humongous Reclaim: 0.0 ms]
      [Free CSet: 0.1 ms]
   [Eden: 16.0M(16.0M)->0.0B(51.0M) Survivors: 9216.0K->4096.0K Heap: 369.9M(512.0M)->341.6M(512.0M)]
 [Times: user=0.00 sys=0.00, real=0.00 secs] 
2020-10-28T20:33:50.472+0800: 0.547: [GC pause (G1 Humongous Allocation) (young) (initial-mark), 0.0013747 secs]
   [Parallel Time: 0.6 ms, GC Workers: 10]
      [GC Worker Start (ms): Min: 547.3, Avg: 547.4, Max: 547.4, Diff: 0.1]
      [Ext Root Scanning (ms): Min: 0.0, Avg: 0.1, Max: 0.1, Diff: 0.1, Sum: 0.8]
      [Update RS (ms): Min: 0.0, Avg: 0.1, Max: 0.2, Diff: 0.2, Sum: 0.7]
         [Processed Buffers: Min: 1, Avg: 1.1, Max: 2, Diff: 1, Sum: 11]
      [Scan RS (ms): Min: 0.0, Avg: 0.0, Max: 0.0, Diff: 0.0, Sum: 0.0]
      [Code Root Scanning (ms): Min: 0.0, Avg: 0.0, Max: 0.0, Diff: 0.0, Sum: 0.0]
      [Object Copy (ms): Min: 0.1, Avg: 0.2, Max: 0.3, Diff: 0.2, Sum: 2.2]
      [Termination (ms): Min: 0.0, Avg: 0.0, Max: 0.1, Diff: 0.1, Sum: 0.3]
         [Termination Attempts: Min: 1, Avg: 1.0, Max: 1, Diff: 0, Sum: 10]
      [GC Worker Other (ms): Min: 0.0, Avg: 0.0, Max: 0.0, Diff: 0.0, Sum: 0.1]
      [GC Worker Total (ms): Min: 0.4, Avg: 0.4, Max: 0.5, Diff: 0.1, Sum: 4.1]
      [GC Worker End (ms): Min: 547.8, Avg: 547.8, Max: 547.8, Diff: 0.0]
   [Code Root Fixup: 0.0 ms]
   [Code Root Purge: 0.0 ms]
   [Clear CT: 0.2 ms]
   [Other: 0.5 ms]
      [Choose CSet: 0.0 ms]
      [Ref Proc: 0.2 ms]
      [Ref Enq: 0.0 ms]
      [Redirty Cards: 0.1 ms]
      [Humongous Register: 0.1 ms]
      [Humongous Reclaim: 0.0 ms]
      [Free CSet: 0.0 ms]
   [Eden: 3072.0K(51.0M)->0.0B(51.0M) Survivors: 4096.0K->5120.0K Heap: 343.6M(512.0M)->341.9M(512.0M)]
 [Times: user=0.00 sys=0.00, real=0.00 secs] 
2020-10-28T20:33:50.473+0800: 0.549: [GC concurrent-root-region-scan-start]
2020-10-28T20:33:50.473+0800: 0.549: [GC concurrent-root-region-scan-end, 0.0000769 secs]
2020-10-28T20:33:50.473+0800: 0.549: [GC concurrent-mark-start]
2020-10-28T20:33:50.475+0800: 0.550: [GC concurrent-mark-end, 0.0013341 secs]
2020-10-28T20:33:50.475+0800: 0.550: [GC remark 2020-10-28T20:33:50.475+0800: 0.550: [Finalize Marking, 0.0001663 secs] 2020-10-28T20:33:50.475+0800: 0.550: [GC ref-proc, 0.0002493 secs] 2020-10-28T20:33:50.475+0800: 0.551: [Unloading, 0.0004079 secs], 0.0012678 secs]
 [Times: user=0.00 sys=0.00, real=0.00 secs] 
2020-10-28T20:33:50.476+0800: 0.552: [GC cleanup 355M->355M(512M), 0.0005962 secs]
 [Times: user=0.00 sys=0.00, real=0.00 secs] 
2020-10-28T20:33:50.483+0800: 0.558: [GC pause (G1 Evacuation Pause) (young), 0.0029627 secs]
   [Parallel Time: 2.3 ms, GC Workers: 10]
      [GC Worker Start (ms): Min: 558.4, Avg: 558.4, Max: 558.5, Diff: 0.1]
      [Ext Root Scanning (ms): Min: 0.0, Avg: 0.1, Max: 0.1, Diff: 0.1, Sum: 0.7]
      [Update RS (ms): Min: 0.6, Avg: 0.7, Max: 0.7, Diff: 0.0, Sum: 6.6]
         [Processed Buffers: Min: 5, Avg: 8.6, Max: 10, Diff: 5, Sum: 86]
      [Scan RS (ms): Min: 0.0, Avg: 0.0, Max: 0.0, Diff: 0.0, Sum: 0.0]
      [Code Root Scanning (ms): Min: 0.0, Avg: 0.0, Max: 0.0, Diff: 0.0, Sum: 0.0]
      [Object Copy (ms): Min: 1.3, Avg: 1.4, Max: 1.4, Diff: 0.1, Sum: 13.7]
      [Termination (ms): Min: 0.0, Avg: 0.0, Max: 0.1, Diff: 0.1, Sum: 0.5]
         [Termination Attempts: Min: 1, Avg: 1.0, Max: 1, Diff: 0, Sum: 10]
      [GC Worker Other (ms): Min: 0.0, Avg: 0.0, Max: 0.0, Diff: 0.0, Sum: 0.2]
      [GC Worker Total (ms): Min: 2.1, Avg: 2.2, Max: 2.2, Diff: 0.1, Sum: 21.8]
      [GC Worker End (ms): Min: 560.6, Avg: 560.6, Max: 560.6, Diff: 0.0]
   [Code Root Fixup: 0.0 ms]
   [Code Root Purge: 0.0 ms]
   [Clear CT: 0.2 ms]
   [Other: 0.5 ms]
      [Choose CSet: 0.0 ms]
      [Ref Proc: 0.1 ms]
      [Ref Enq: 0.0 ms]
      [Redirty Cards: 0.1 ms]
      [Humongous Register: 0.1 ms]
      [Humongous Reclaim: 0.1 ms]
      [Free CSet: 0.1 ms]
   [Eden: 51.0M(51.0M)->0.0B(18.0M) Survivors: 5120.0K->7168.0K Heap: 406.4M(512.0M)->355.3M(512.0M)]
 [Times: user=0.00 sys=0.00, real=0.00 secs] 
2020-10-28T20:33:50.489+0800: 0.564: [GC pause (G1 Evacuation Pause) (mixed), 0.0045766 secs]
   [Parallel Time: 3.9 ms, GC Workers: 10]
      [GC Worker Start (ms): Min: 564.1, Avg: 564.1, Max: 564.2, Diff: 0.1]
      [Ext Root Scanning (ms): Min: 0.0, Avg: 0.1, Max: 0.1, Diff: 0.1, Sum: 0.7]
      [Update RS (ms): Min: 0.3, Avg: 0.3, Max: 0.4, Diff: 0.1, Sum: 3.3]
         [Processed Buffers: Min: 4, Avg: 4.7, Max: 6, Diff: 2, Sum: 47]
      [Scan RS (ms): Min: 0.0, Avg: 0.0, Max: 0.1, Diff: 0.1, Sum: 0.3]
      [Code Root Scanning (ms): Min: 0.0, Avg: 0.0, Max: 0.0, Diff: 0.0, Sum: 0.0]
      [Object Copy (ms): Min: 3.3, Avg: 3.4, Max: 3.4, Diff: 0.1, Sum: 33.8]
      [Termination (ms): Min: 0.0, Avg: 0.1, Max: 0.1, Diff: 0.1, Sum: 0.6]
         [Termination Attempts: Min: 1, Avg: 1.0, Max: 1, Diff: 0, Sum: 10]
      [GC Worker Other (ms): Min: 0.0, Avg: 0.0, Max: 0.0, Diff: 0.0, Sum: 0.1]
      [GC Worker Total (ms): Min: 3.8, Avg: 3.9, Max: 3.9, Diff: 0.1, Sum: 38.9]
      [GC Worker End (ms): Min: 568.0, Avg: 568.0, Max: 568.0, Diff: 0.0]
   [Code Root Fixup: 0.0 ms]
   [Code Root Purge: 0.0 ms]
   [Clear CT: 0.1 ms]
   [Other: 0.5 ms]
      [Choose CSet: 0.0 ms]
      [Ref Proc: 0.2 ms]
      [Ref Enq: 0.0 ms]
      [Redirty Cards: 0.1 ms]
      [Humongous Register: 0.1 ms]
      [Humongous Reclaim: 0.0 ms]
      [Free CSet: 0.0 ms]
   [Eden: 18.0M(18.0M)->0.0B(55.0M) Survivors: 7168.0K->4096.0K Heap: 377.8M(512.0M)->337.6M(512.0M)]
 [Times: user=0.00 sys=0.00, real=0.00 secs] 
2020-10-28T20:33:50.494+0800: 0.569: [GC pause (G1 Humongous Allocation) (young) (initial-mark), 0.0012086 secs]
   [Parallel Time: 0.6 ms, GC Workers: 10]
      [GC Worker Start (ms): Min: 569.4, Avg: 569.5, Max: 569.5, Diff: 0.1]
      [Ext Root Scanning (ms): Min: 0.0, Avg: 0.1, Max: 0.1, Diff: 0.1, Sum: 0.7]
      [Update RS (ms): Min: 0.0, Avg: 0.1, Max: 0.2, Diff: 0.2, Sum: 0.9]
         [Processed Buffers: Min: 1, Avg: 1.1, Max: 2, Diff: 1, Sum: 11]
      [Scan RS (ms): Min: 0.0, Avg: 0.0, Max: 0.0, Diff: 0.0, Sum: 0.0]
      [Code Root Scanning (ms): Min: 0.0, Avg: 0.0, Max: 0.0, Diff: 0.0, Sum: 0.0]
      [Object Copy (ms): Min: 0.2, Avg: 0.3, Max: 0.4, Diff: 0.2, Sum: 3.0]
      [Termination (ms): Min: 0.0, Avg: 0.1, Max: 0.1, Diff: 0.1, Sum: 0.5]
         [Termination Attempts: Min: 1, Avg: 1.0, Max: 1, Diff: 0, Sum: 10]
      [GC Worker Other (ms): Min: 0.0, Avg: 0.0, Max: 0.0, Diff: 0.0, Sum: 0.1]
      [GC Worker Total (ms): Min: 0.5, Avg: 0.5, Max: 0.6, Diff: 0.1, Sum: 5.3]
      [GC Worker End (ms): Min: 570.0, Avg: 570.0, Max: 570.0, Diff: 0.0]
   [Code Root Fixup: 0.0 ms]
   [Code Root Purge: 0.0 ms]
   [Clear CT: 0.1 ms]
   [Other: 0.5 ms]
      [Choose CSet: 0.0 ms]
      [Ref Proc: 0.2 ms]
      [Ref Enq: 0.0 ms]
      [Redirty Cards: 0.1 ms]
      [Humongous Register: 0.1 ms]
      [Humongous Reclaim: 0.0 ms]
      [Free CSet: 0.0 ms]
   [Eden: 6144.0K(55.0M)->0.0B(53.0M) Survivors: 4096.0K->6144.0K Heap: 343.1M(512.0M)->337.2M(512.0M)]
 [Times: user=0.16 sys=0.00, real=0.00 secs] 
2020-10-28T20:33:50.495+0800: 0.571: [GC concurrent-root-region-scan-start]
2020-10-28T20:33:50.495+0800: 0.571: [GC concurrent-root-region-scan-end, 0.0000803 secs]
2020-10-28T20:33:50.495+0800: 0.571: [GC concurrent-mark-start]
2020-10-28T20:33:50.497+0800: 0.572: [GC concurrent-mark-end, 0.0012289 secs]
2020-10-28T20:33:50.497+0800: 0.572: [GC remark 2020-10-28T20:33:50.497+0800: 0.572: [Finalize Marking, 0.0001046 secs] 2020-10-28T20:33:50.497+0800: 0.572: [GC ref-proc, 0.0002426 secs] 2020-10-28T20:33:50.497+0800: 0.572: [Unloading, 0.0004203 secs], 0.0012134 secs]
 [Times: user=0.00 sys=0.00, real=0.00 secs] 
2020-10-28T20:33:50.498+0800: 0.573: [GC cleanup 349M->349M(512M), 0.0005909 secs]
 [Times: user=0.00 sys=0.00, real=0.00 secs] 
2020-10-28T20:33:50.505+0800: 0.580: [GC pause (G1 Evacuation Pause) (young), 0.0034396 secs]
   [Parallel Time: 2.9 ms, GC Workers: 10]
      [GC Worker Start (ms): Min: 580.3, Avg: 580.3, Max: 580.4, Diff: 0.1]
      [Ext Root Scanning (ms): Min: 0.0, Avg: 0.1, Max: 0.1, Diff: 0.1, Sum: 0.8]
      [Update RS (ms): Min: 0.6, Avg: 0.6, Max: 0.7, Diff: 0.1, Sum: 6.4]
         [Processed Buffers: Min: 5, Avg: 8.1, Max: 10, Diff: 5, Sum: 81]
      [Scan RS (ms): Min: 0.0, Avg: 0.0, Max: 0.0, Diff: 0.0, Sum: 0.0]
      [Code Root Scanning (ms): Min: 0.0, Avg: 0.0, Max: 0.0, Diff: 0.0, Sum: 0.0]
      [Object Copy (ms): Min: 1.7, Avg: 1.8, Max: 2.0, Diff: 0.2, Sum: 18.3]
      [Termination (ms): Min: 0.0, Avg: 0.1, Max: 0.2, Diff: 0.2, Sum: 1.2]
         [Termination Attempts: Min: 1, Avg: 1.0, Max: 1, Diff: 0, Sum: 10]
      [GC Worker Other (ms): Min: 0.0, Avg: 0.0, Max: 0.0, Diff: 0.0, Sum: 0.1]
      [GC Worker Total (ms): Min: 2.7, Avg: 2.7, Max: 2.7, Diff: 0.1, Sum: 26.9]
      [GC Worker End (ms): Min: 583.0, Avg: 583.0, Max: 583.0, Diff: 0.0]
   [Code Root Fixup: 0.0 ms]
   [Code Root Purge: 0.0 ms]
   [Clear CT: 0.2 ms]
   [Other: 0.4 ms]
      [Choose CSet: 0.0 ms]
      [Ref Proc: 0.1 ms]
      [Ref Enq: 0.0 ms]
      [Redirty Cards: 0.1 ms]
      [Humongous Register: 0.1 ms]
      [Humongous Reclaim: 0.0 ms]
      [Free CSet: 0.0 ms]
   [Eden: 53.0M(53.0M)->0.0B(17.0M) Survivors: 6144.0K->8192.0K Heap: 405.7M(512.0M)->351.7M(512.0M)]
 [Times: user=0.00 sys=0.00, real=0.00 secs] 
2020-10-28T20:33:50.511+0800: 0.586: [GC pause (G1 Evacuation Pause) (mixed), 0.0039189 secs]
   [Parallel Time: 3.3 ms, GC Workers: 10]
      [GC Worker Start (ms): Min: 586.2, Avg: 586.3, Max: 586.3, Diff: 0.1]
      [Ext Root Scanning (ms): Min: 0.0, Avg: 0.1, Max: 0.1, Diff: 0.1, Sum: 0.7]
      [Update RS (ms): Min: 0.3, Avg: 0.3, Max: 0.3, Diff: 0.1, Sum: 2.8]
         [Processed Buffers: Min: 4, Avg: 4.2, Max: 5, Diff: 1, Sum: 42]
      [Scan RS (ms): Min: 0.0, Avg: 0.0, Max: 0.1, Diff: 0.1, Sum: 0.3]
      [Code Root Scanning (ms): Min: 0.0, Avg: 0.0, Max: 0.0, Diff: 0.0, Sum: 0.0]
      [Object Copy (ms): Min: 2.6, Avg: 2.6, Max: 2.7, Diff: 0.1, Sum: 26.5]
      [Termination (ms): Min: 0.0, Avg: 0.1, Max: 0.1, Diff: 0.1, Sum: 0.7]
         [Termination Attempts: Min: 1, Avg: 1.1, Max: 2, Diff: 1, Sum: 11]
      [GC Worker Other (ms): Min: 0.0, Avg: 0.0, Max: 0.0, Diff: 0.0, Sum: 0.1]
      [GC Worker Total (ms): Min: 3.1, Avg: 3.1, Max: 3.2, Diff: 0.1, Sum: 31.2]
      [GC Worker End (ms): Min: 589.4, Avg: 589.4, Max: 589.4, Diff: 0.0]
   [Code Root Fixup: 0.0 ms]
   [Code Root Purge: 0.0 ms]
   [Clear CT: 0.1 ms]
   [Other: 0.5 ms]
      [Choose CSet: 0.0 ms]
      [Ref Proc: 0.1 ms]
      [Ref Enq: 0.0 ms]
      [Redirty Cards: 0.1 ms]
      [Humongous Register: 0.1 ms]
      [Humongous Reclaim: 0.0 ms]
      [Free CSet: 0.1 ms]
   [Eden: 17.0M(17.0M)->0.0B(51.0M) Survivors: 8192.0K->4096.0K Heap: 372.9M(512.0M)->342.1M(512.0M)]
 [Times: user=0.00 sys=0.00, real=0.00 secs] 
2020-10-28T20:33:50.515+0800: 0.590: [GC pause (G1 Humongous Allocation) (young) (initial-mark), 0.0011081 secs]
   [Parallel Time: 0.6 ms, GC Workers: 10]
      [GC Worker Start (ms): Min: 590.3, Avg: 590.4, Max: 590.4, Diff: 0.1]
      [Ext Root Scanning (ms): Min: 0.0, Avg: 0.1, Max: 0.1, Diff: 0.1, Sum: 0.8]
      [Update RS (ms): Min: 0.0, Avg: 0.1, Max: 0.4, Diff: 0.3, Sum: 1.0]
         [Processed Buffers: Min: 1, Avg: 1.1, Max: 2, Diff: 1, Sum: 11]
      [Scan RS (ms): Min: 0.0, Avg: 0.0, Max: 0.0, Diff: 0.0, Sum: 0.0]
      [Code Root Scanning (ms): Min: 0.0, Avg: 0.0, Max: 0.0, Diff: 0.0, Sum: 0.0]
      [Object Copy (ms): Min: 0.0, Avg: 0.2, Max: 0.3, Diff: 0.2, Sum: 2.1]
      [Termination (ms): Min: 0.0, Avg: 0.1, Max: 0.1, Diff: 0.1, Sum: 0.7]
         [Termination Attempts: Min: 1, Avg: 1.0, Max: 1, Diff: 0, Sum: 10]
      [GC Worker Other (ms): Min: 0.0, Avg: 0.0, Max: 0.0, Diff: 0.0, Sum: 0.1]
      [GC Worker Total (ms): Min: 0.4, Avg: 0.5, Max: 0.5, Diff: 0.1, Sum: 4.6]
      [GC Worker End (ms): Min: 590.8, Avg: 590.8, Max: 590.8, Diff: 0.0]
   [Code Root Fixup: 0.0 ms]
   [Code Root Purge: 0.0 ms]
   [Clear CT: 0.1 ms]
   [Other: 0.4 ms]
      [Choose CSet: 0.0 ms]
      [Ref Proc: 0.1 ms]
      [Ref Enq: 0.0 ms]
      [Redirty Cards: 0.1 ms]
      [Humongous Register: 0.1 ms]
      [Humongous Reclaim: 0.0 ms]
      [Free CSet: 0.0 ms]
   [Eden: 1024.0K(51.0M)->0.0B(54.0M) Survivors: 4096.0K->4096.0K Heap: 342.7M(512.0M)->341.5M(512.0M)]
 [Times: user=0.00 sys=0.00, real=0.00 secs] 
2020-10-28T20:33:50.516+0800: 0.591: [GC concurrent-root-region-scan-start]
2020-10-28T20:33:50.516+0800: 0.592: [GC concurrent-root-region-scan-end, 0.0001185 secs]
2020-10-28T20:33:50.516+0800: 0.592: [GC concurrent-mark-start]
2020-10-28T20:33:50.518+0800: 0.593: [GC concurrent-mark-end, 0.0015061 secs]
2020-10-28T20:33:50.518+0800: 0.593: [GC remark 2020-10-28T20:33:50.518+0800: 0.593: [Finalize Marking, 0.0001595 secs] 2020-10-28T20:33:50.518+0800: 0.593: [GC ref-proc, 0.0002589 secs] 2020-10-28T20:33:50.518+0800: 0.594: [Unloading, 0.0003473 secs], 0.0013148 secs]
 [Times: user=0.00 sys=0.00, real=0.00 secs] 
2020-10-28T20:33:50.519+0800: 0.595: [GC cleanup 355M->355M(512M), 0.0005227 secs]
 [Times: user=0.00 sys=0.00, real=0.00 secs] 
2020-10-28T20:33:50.525+0800: 0.601: [GC pause (G1 Evacuation Pause) (young), 0.0034274 secs]
   [Parallel Time: 2.8 ms, GC Workers: 10]
      [GC Worker Start (ms): Min: 600.8, Avg: 600.9, Max: 600.9, Diff: 0.1]
      [Ext Root Scanning (ms): Min: 0.0, Avg: 0.1, Max: 0.1, Diff: 0.1, Sum: 0.7]
      [Update RS (ms): Min: 0.5, Avg: 0.5, Max: 0.6, Diff: 0.0, Sum: 5.4]
         [Processed Buffers: Min: 4, Avg: 6.9, Max: 8, Diff: 4, Sum: 69]
      [Scan RS (ms): Min: 0.0, Avg: 0.0, Max: 0.0, Diff: 0.0, Sum: 0.0]
      [Code Root Scanning (ms): Min: 0.0, Avg: 0.0, Max: 0.0, Diff: 0.0, Sum: 0.0]
      [Object Copy (ms): Min: 1.9, Avg: 2.0, Max: 2.0, Diff: 0.1, Sum: 19.7]
      [Termination (ms): Min: 0.0, Avg: 0.1, Max: 0.1, Diff: 0.1, Sum: 0.6]
         [Termination Attempts: Min: 1, Avg: 1.0, Max: 1, Diff: 0, Sum: 10]
      [GC Worker Other (ms): Min: 0.0, Avg: 0.0, Max: 0.0, Diff: 0.0, Sum: 0.1]
      [GC Worker Total (ms): Min: 2.6, Avg: 2.7, Max: 2.7, Diff: 0.1, Sum: 26.6]
      [GC Worker End (ms): Min: 603.5, Avg: 603.5, Max: 603.6, Diff: 0.0]
   [Code Root Fixup: 0.0 ms]
   [Code Root Purge: 0.0 ms]
   [Clear CT: 0.2 ms]
   [Other: 0.5 ms]
      [Choose CSet: 0.0 ms]
      [Ref Proc: 0.1 ms]
      [Ref Enq: 0.0 ms]
      [Redirty Cards: 0.1 ms]
      [Humongous Register: 0.1 ms]
      [Humongous Reclaim: 0.0 ms]
      [Free CSet: 0.0 ms]
   [Eden: 54.0M(54.0M)->0.0B(17.0M) Survivors: 4096.0K->8192.0K Heap: 411.4M(512.0M)->369.9M(512.0M)]
 [Times: user=0.01 sys=0.00, real=0.00 secs] 
2020-10-28T20:33:50.531+0800: 0.606: [GC pause (G1 Evacuation Pause) (mixed), 0.0041718 secs]
   [Parallel Time: 3.6 ms, GC Workers: 10]
      [GC Worker Start (ms): Min: 606.4, Avg: 606.5, Max: 606.5, Diff: 0.1]
      [Ext Root Scanning (ms): Min: 0.0, Avg: 0.1, Max: 0.1, Diff: 0.1, Sum: 0.8]
      [Update RS (ms): Min: 0.2, Avg: 0.2, Max: 0.3, Diff: 0.1, Sum: 2.4]
         [Processed Buffers: Min: 3, Avg: 3.6, Max: 5, Diff: 2, Sum: 36]
      [Scan RS (ms): Min: 0.0, Avg: 0.0, Max: 0.1, Diff: 0.1, Sum: 0.3]
      [Code Root Scanning (ms): Min: 0.0, Avg: 0.0, Max: 0.0, Diff: 0.0, Sum: 0.0]
      [Object Copy (ms): Min: 3.0, Avg: 3.0, Max: 3.1, Diff: 0.1, Sum: 30.3]
      [Termination (ms): Min: 0.0, Avg: 0.1, Max: 0.1, Diff: 0.1, Sum: 0.6]
         [Termination Attempts: Min: 1, Avg: 1.0, Max: 1, Diff: 0, Sum: 10]
      [GC Worker Other (ms): Min: 0.0, Avg: 0.0, Max: 0.0, Diff: 0.0, Sum: 0.2]
      [GC Worker Total (ms): Min: 3.4, Avg: 3.5, Max: 3.5, Diff: 0.1, Sum: 34.6]
      [GC Worker End (ms): Min: 609.9, Avg: 609.9, Max: 610.0, Diff: 0.0]
   [Code Root Fixup: 0.0 ms]
   [Code Root Purge: 0.0 ms]
   [Clear CT: 0.1 ms]
   [Other: 0.4 ms]
      [Choose CSet: 0.0 ms]
      [Ref Proc: 0.1 ms]
      [Ref Enq: 0.0 ms]
      [Redirty Cards: 0.1 ms]
      [Humongous Register: 0.1 ms]
      [Humongous Reclaim: 0.0 ms]
      [Free CSet: 0.1 ms]
   [Eden: 17.0M(17.0M)->0.0B(40.0M) Survivors: 8192.0K->4096.0K Heap: 390.0M(512.0M)->355.0M(512.0M)]
 [Times: user=0.00 sys=0.00, real=0.00 secs] 
2020-10-28T20:33:50.536+0800: 0.611: [GC pause (G1 Humongous Allocation) (young) (initial-mark), 0.0011334 secs]
   [Parallel Time: 0.5 ms, GC Workers: 10]
      [GC Worker Start (ms): Min: 611.1, Avg: 611.2, Max: 611.2, Diff: 0.1]
      [Ext Root Scanning (ms): Min: 0.0, Avg: 0.1, Max: 0.1, Diff: 0.1, Sum: 0.7]
      [Update RS (ms): Min: 0.0, Avg: 0.1, Max: 0.1, Diff: 0.1, Sum: 0.7]
         [Processed Buffers: Min: 1, Avg: 1.1, Max: 2, Diff: 1, Sum: 11]
      [Scan RS (ms): Min: 0.0, Avg: 0.0, Max: 0.0, Diff: 0.0, Sum: 0.0]
      [Code Root Scanning (ms): Min: 0.0, Avg: 0.0, Max: 0.0, Diff: 0.0, Sum: 0.0]
      [Object Copy (ms): Min: 0.1, Avg: 0.2, Max: 0.3, Diff: 0.2, Sum: 1.8]
      [Termination (ms): Min: 0.0, Avg: 0.1, Max: 0.1, Diff: 0.1, Sum: 0.6]
         [Termination Attempts: Min: 1, Avg: 1.0, Max: 1, Diff: 0, Sum: 10]
      [GC Worker Other (ms): Min: 0.0, Avg: 0.0, Max: 0.0, Diff: 0.0, Sum: 0.1]
      [GC Worker Total (ms): Min: 0.4, Avg: 0.4, Max: 0.4, Diff: 0.1, Sum: 3.9]
      [GC Worker End (ms): Min: 611.6, Avg: 611.6, Max: 611.6, Diff: 0.0]
   [Code Root Fixup: 0.0 ms]
   [Code Root Purge: 0.0 ms]
   [Clear CT: 0.1 ms]
   [Other: 0.5 ms]
      [Choose CSet: 0.0 ms]
      [Ref Proc: 0.2 ms]
      [Ref Enq: 0.0 ms]
      [Redirty Cards: 0.1 ms]
      [Humongous Register: 0.1 ms]
      [Humongous Reclaim: 0.0 ms]
      [Free CSet: 0.0 ms]
   [Eden: 2048.0K(40.0M)->0.0B(41.0M) Survivors: 4096.0K->1024.0K Heap: 356.9M(512.0M)->354.2M(512.0M)]
 [Times: user=0.00 sys=0.00, real=0.00 secs] 
2020-10-28T20:33:50.537+0800: 0.612: [GC concurrent-root-region-scan-start]
2020-10-28T20:33:50.537+0800: 0.612: [GC concurrent-root-region-scan-end, 0.0000429 secs]
2020-10-28T20:33:50.537+0800: 0.612: [GC concurrent-mark-start]
2020-10-28T20:33:50.538+0800: 0.614: [GC concurrent-mark-end, 0.0012789 secs]
2020-10-28T20:33:50.538+0800: 0.614: [GC remark 2020-10-28T20:33:50.538+0800: 0.614: [Finalize Marking, 0.0001834 secs] 2020-10-28T20:33:50.539+0800: 0.614: [GC ref-proc, 0.0002492 secs] 2020-10-28T20:33:50.539+0800: 0.614: [Unloading, 0.0004149 secs], 0.0013757 secs]
 [Times: user=0.00 sys=0.00, real=0.00 secs] 
2020-10-28T20:33:50.540+0800: 0.615: [GC cleanup 364M->364M(512M), 0.0005147 secs]
 [Times: user=0.00 sys=0.00, real=0.00 secs] 
2020-10-28T20:33:50.545+0800: 0.620: [GC pause (G1 Evacuation Pause) (young), 0.0022753 secs]
   [Parallel Time: 1.7 ms, GC Workers: 10]
      [GC Worker Start (ms): Min: 620.7, Avg: 620.7, Max: 620.7, Diff: 0.1]
      [Ext Root Scanning (ms): Min: 0.1, Avg: 0.1, Max: 0.1, Diff: 0.1, Sum: 0.9]
      [Update RS (ms): Min: 0.6, Avg: 0.6, Max: 0.6, Diff: 0.1, Sum: 5.8]
         [Processed Buffers: Min: 5, Avg: 8.2, Max: 9, Diff: 4, Sum: 82]
      [Scan RS (ms): Min: 0.0, Avg: 0.0, Max: 0.0, Diff: 0.0, Sum: 0.0]
      [Code Root Scanning (ms): Min: 0.0, Avg: 0.0, Max: 0.0, Diff: 0.0, Sum: 0.0]
      [Object Copy (ms): Min: 0.8, Avg: 0.9, Max: 0.9, Diff: 0.1, Sum: 8.5]
      [Termination (ms): Min: 0.0, Avg: 0.1, Max: 0.1, Diff: 0.1, Sum: 0.8]
         [Termination Attempts: Min: 1, Avg: 1.0, Max: 1, Diff: 0, Sum: 10]
      [GC Worker Other (ms): Min: 0.0, Avg: 0.0, Max: 0.0, Diff: 0.0, Sum: 0.1]
      [GC Worker Total (ms): Min: 1.6, Avg: 1.6, Max: 1.6, Diff: 0.1, Sum: 16.1]
      [GC Worker End (ms): Min: 622.3, Avg: 622.3, Max: 622.3, Diff: 0.0]
   [Code Root Fixup: 0.0 ms]
   [Code Root Purge: 0.0 ms]
   [Clear CT: 0.1 ms]
   [Other: 0.5 ms]
      [Choose CSet: 0.0 ms]
      [Ref Proc: 0.1 ms]
      [Ref Enq: 0.0 ms]
      [Redirty Cards: 0.1 ms]
      [Humongous Register: 0.1 ms]
      [Humongous Reclaim: 0.1 ms]
      [Free CSet: 0.0 ms]
   [Eden: 41.0M(41.0M)->0.0B(19.0M) Survivors: 1024.0K->6144.0K Heap: 407.5M(512.0M)->368.9M(512.0M)]
 [Times: user=0.00 sys=0.00, real=0.00 secs] 
2020-10-28T20:33:50.552+0800: 0.627: [GC pause (G1 Evacuation Pause) (mixed), 0.0051048 secs]
   [Parallel Time: 4.3 ms, GC Workers: 10]
      [GC Worker Start (ms): Min: 627.4, Avg: 627.4, Max: 627.5, Diff: 0.1]
      [Ext Root Scanning (ms): Min: 0.0, Avg: 0.1, Max: 0.1, Diff: 0.1, Sum: 0.8]
      [Update RS (ms): Min: 0.3, Avg: 0.3, Max: 0.4, Diff: 0.1, Sum: 3.4]
         [Processed Buffers: Min: 4, Avg: 4.5, Max: 5, Diff: 1, Sum: 45]
      [Scan RS (ms): Min: 0.0, Avg: 0.0, Max: 0.1, Diff: 0.1, Sum: 0.3]
      [Code Root Scanning (ms): Min: 0.0, Avg: 0.0, Max: 0.0, Diff: 0.0, Sum: 0.0]
      [Object Copy (ms): Min: 3.5, Avg: 3.6, Max: 3.7, Diff: 0.2, Sum: 36.2]
      [Termination (ms): Min: 0.0, Avg: 0.1, Max: 0.2, Diff: 0.2, Sum: 0.9]
         [Termination Attempts: Min: 1, Avg: 1.0, Max: 1, Diff: 0, Sum: 10]
      [GC Worker Other (ms): Min: 0.0, Avg: 0.0, Max: 0.0, Diff: 0.0, Sum: 0.1]
      [GC Worker Total (ms): Min: 4.1, Avg: 4.2, Max: 4.2, Diff: 0.1, Sum: 41.9]
      [GC Worker End (ms): Min: 631.6, Avg: 631.6, Max: 631.6, Diff: 0.0]
   [Code Root Fixup: 0.0 ms]
   [Code Root Purge: 0.0 ms]
   [Clear CT: 0.2 ms]
   [Other: 0.7 ms]
      [Choose CSet: 0.0 ms]
      [Ref Proc: 0.2 ms]
      [Ref Enq: 0.0 ms]
      [Redirty Cards: 0.2 ms]
      [Humongous Register: 0.2 ms]
      [Humongous Reclaim: 0.0 ms]
      [Free CSet: 0.1 ms]
   [Eden: 19.0M(19.0M)->0.0B(21.0M) Survivors: 6144.0K->4096.0K Heap: 392.3M(512.0M)->356.2M(512.0M)]
 [Times: user=0.00 sys=0.00, real=0.00 secs] 
2020-10-28T20:33:50.560+0800: 0.636: [GC pause (G1 Evacuation Pause) (mixed), 0.0019870 secs]
   [Parallel Time: 1.4 ms, GC Workers: 10]
      [GC Worker Start (ms): Min: 635.7, Avg: 635.8, Max: 635.8, Diff: 0.1]
      [Ext Root Scanning (ms): Min: 0.0, Avg: 0.1, Max: 0.1, Diff: 0.1, Sum: 0.8]
      [Update RS (ms): Min: 0.3, Avg: 0.3, Max: 0.3, Diff: 0.1, Sum: 2.9]
         [Processed Buffers: Min: 2, Avg: 4.0, Max: 5, Diff: 3, Sum: 40]
      [Scan RS (ms): Min: 0.0, Avg: 0.0, Max: 0.0, Diff: 0.0, Sum: 0.0]
      [Code Root Scanning (ms): Min: 0.0, Avg: 0.0, Max: 0.0, Diff: 0.0, Sum: 0.0]
      [Object Copy (ms): Min: 0.8, Avg: 0.9, Max: 0.9, Diff: 0.1, Sum: 8.7]
      [Termination (ms): Min: 0.0, Avg: 0.0, Max: 0.1, Diff: 0.1, Sum: 0.3]
         [Termination Attempts: Min: 1, Avg: 1.0, Max: 1, Diff: 0, Sum: 10]
      [GC Worker Other (ms): Min: 0.0, Avg: 0.0, Max: 0.0, Diff: 0.0, Sum: 0.1]
      [GC Worker Total (ms): Min: 1.2, Avg: 1.3, Max: 1.3, Diff: 0.1, Sum: 12.8]
      [GC Worker End (ms): Min: 637.0, Avg: 637.0, Max: 637.1, Diff: 0.0]
   [Code Root Fixup: 0.0 ms]
   [Code Root Purge: 0.0 ms]
   [Clear CT: 0.1 ms]
   [Other: 0.5 ms]
      [Choose CSet: 0.0 ms]
      [Ref Proc: 0.2 ms]
      [Ref Enq: 0.0 ms]
      [Redirty Cards: 0.1 ms]
      [Humongous Register: 0.1 ms]
      [Humongous Reclaim: 0.0 ms]
      [Free CSet: 0.0 ms]
   [Eden: 21.0M(21.0M)->0.0B(31.0M) Survivors: 4096.0K->4096.0K Heap: 380.8M(512.0M)->363.6M(512.0M)]
 [Times: user=0.00 sys=0.00, real=0.00 secs] 
2020-10-28T20:33:50.563+0800: 0.638: [GC pause (G1 Humongous Allocation) (young) (initial-mark), 0.0013483 secs]
   [Parallel Time: 0.8 ms, GC Workers: 10]
      [GC Worker Start (ms): Min: 638.5, Avg: 638.6, Max: 638.7, Diff: 0.1]
      [Ext Root Scanning (ms): Min: 0.0, Avg: 0.1, Max: 0.2, Diff: 0.2, Sum: 1.1]
      [Update RS (ms): Min: 0.0, Avg: 0.1, Max: 0.2, Diff: 0.2, Sum: 0.6]
         [Processed Buffers: Min: 0, Avg: 1.1, Max: 2, Diff: 2, Sum: 11]
      [Scan RS (ms): Min: 0.0, Avg: 0.0, Max: 0.0, Diff: 0.0, Sum: 0.0]
      [Code Root Scanning (ms): Min: 0.0, Avg: 0.0, Max: 0.0, Diff: 0.0, Sum: 0.0]
      [Object Copy (ms): Min: 0.3, Avg: 0.4, Max: 0.5, Diff: 0.2, Sum: 4.2]
      [Termination (ms): Min: 0.0, Avg: 0.1, Max: 0.1, Diff: 0.1, Sum: 0.6]
         [Termination Attempts: Min: 1, Avg: 1.0, Max: 1, Diff: 0, Sum: 10]
      [GC Worker Other (ms): Min: 0.0, Avg: 0.0, Max: 0.0, Diff: 0.0, Sum: 0.1]
      [GC Worker Total (ms): Min: 0.6, Avg: 0.7, Max: 0.7, Diff: 0.1, Sum: 6.6]
      [GC Worker End (ms): Min: 639.2, Avg: 639.2, Max: 639.3, Diff: 0.0]
   [Code Root Fixup: 0.0 ms]
   [Code Root Purge: 0.0 ms]
   [Clear CT: 0.2 ms]
   [Other: 0.4 ms]
      [Choose CSet: 0.0 ms]
      [Ref Proc: 0.1 ms]
      [Ref Enq: 0.0 ms]
      [Redirty Cards: 0.1 ms]
      [Humongous Register: 0.1 ms]
      [Humongous Reclaim: 0.0 ms]
      [Free CSet: 0.0 ms]
   [Eden: 5120.0K(31.0M)->0.0B(31.0M) Survivors: 4096.0K->2048.0K Heap: 368.6M(512.0M)->364.4M(512.0M)]
 [Times: user=0.00 sys=0.00, real=0.00 secs] 
2020-10-28T20:33:50.565+0800: 0.640: [GC concurrent-root-region-scan-start]
2020-10-28T20:33:50.565+0800: 0.640: [GC concurrent-root-region-scan-end, 0.0000930 secs]
2020-10-28T20:33:50.565+0800: 0.640: [GC concurrent-mark-start]
2020-10-28T20:33:50.567+0800: 0.642: [GC concurrent-mark-end, 0.0020265 secs]
2020-10-28T20:33:50.567+0800: 0.642: [GC remark 2020-10-28T20:33:50.567+0800: 0.642: [Finalize Marking, 0.0001532 secs] 2020-10-28T20:33:50.567+0800: 0.642: [GC ref-proc, 0.0002468 secs] 2020-10-28T20:33:50.567+0800: 0.643: [Unloading, 0.0003455 secs], 0.0012363 secs]
 [Times: user=0.00 sys=0.00, real=0.00 secs] 
2020-10-28T20:33:50.568+0800: 0.643: [GC cleanup 383M->383M(512M), 0.0005920 secs]
 [Times: user=0.00 sys=0.00, real=0.00 secs] 
2020-10-28T20:33:50.571+0800: 0.646: [GC pause (G1 Evacuation Pause) (young), 0.0020354 secs]
   [Parallel Time: 1.4 ms, GC Workers: 10]
      [GC Worker Start (ms): Min: 646.5, Avg: 646.5, Max: 646.6, Diff: 0.1]
      [Ext Root Scanning (ms): Min: 0.0, Avg: 0.1, Max: 0.1, Diff: 0.1, Sum: 0.8]
      [Update RS (ms): Min: 0.5, Avg: 0.5, Max: 0.6, Diff: 0.0, Sum: 5.3]
         [Processed Buffers: Min: 7, Avg: 7.8, Max: 8, Diff: 1, Sum: 78]
      [Scan RS (ms): Min: 0.0, Avg: 0.0, Max: 0.0, Diff: 0.0, Sum: 0.0]
      [Code Root Scanning (ms): Min: 0.0, Avg: 0.0, Max: 0.0, Diff: 0.0, Sum: 0.0]
      [Object Copy (ms): Min: 0.6, Avg: 0.7, Max: 0.7, Diff: 0.2, Sum: 6.7]
      [Termination (ms): Min: 0.0, Avg: 0.1, Max: 0.1, Diff: 0.1, Sum: 0.6]
         [Termination Attempts: Min: 1, Avg: 1.0, Max: 1, Diff: 0, Sum: 10]
      [GC Worker Other (ms): Min: 0.0, Avg: 0.0, Max: 0.0, Diff: 0.0, Sum: 0.1]
      [GC Worker Total (ms): Min: 1.3, Avg: 1.4, Max: 1.4, Diff: 0.1, Sum: 13.5]
      [GC Worker End (ms): Min: 647.9, Avg: 647.9, Max: 647.9, Diff: 0.0]
   [Code Root Fixup: 0.0 ms]
   [Code Root Purge: 0.0 ms]
   [Clear CT: 0.1 ms]
   [Other: 0.5 ms]
      [Choose CSet: 0.0 ms]
      [Ref Proc: 0.2 ms]
      [Ref Enq: 0.0 ms]
      [Redirty Cards: 0.1 ms]
      [Humongous Register: 0.1 ms]
      [Humongous Reclaim: 0.0 ms]
      [Free CSet: 0.0 ms]
   [Eden: 31.0M(31.0M)->0.0B(20.0M) Survivors: 2048.0K->5120.0K Heap: 403.8M(512.0M)->374.9M(512.0M)]
 [Times: user=0.14 sys=0.02, real=0.00 secs] 
2020-10-28T20:33:50.575+0800: 0.650: [GC pause (G1 Evacuation Pause) (mixed), 0.0045014 secs]
   [Parallel Time: 3.9 ms, GC Workers: 10]
      [GC Worker Start (ms): Min: 650.5, Avg: 650.5, Max: 650.6, Diff: 0.1]
      [Ext Root Scanning (ms): Min: 0.0, Avg: 0.1, Max: 0.1, Diff: 0.1, Sum: 0.7]
      [Update RS (ms): Min: 0.3, Avg: 0.6, Max: 3.6, Diff: 3.4, Sum: 6.1]
         [Processed Buffers: Min: 1, Avg: 4.0, Max: 6, Diff: 5, Sum: 40]
      [Scan RS (ms): Min: 0.0, Avg: 0.0, Max: 0.0, Diff: 0.0, Sum: 0.2]
      [Code Root Scanning (ms): Min: 0.0, Avg: 0.0, Max: 0.0, Diff: 0.0, Sum: 0.0]
      [Object Copy (ms): Min: 0.0, Avg: 2.9, Max: 3.4, Diff: 3.4, Sum: 29.3]
      [Termination (ms): Min: 0.1, Avg: 0.2, Max: 0.3, Diff: 0.3, Sum: 1.8]
         [Termination Attempts: Min: 1, Avg: 2.9, Max: 5, Diff: 4, Sum: 29]
      [GC Worker Other (ms): Min: 0.0, Avg: 0.0, Max: 0.0, Diff: 0.0, Sum: 0.1]
      [GC Worker Total (ms): Min: 3.8, Avg: 3.8, Max: 3.9, Diff: 0.1, Sum: 38.2]
      [GC Worker End (ms): Min: 654.3, Avg: 654.3, Max: 654.4, Diff: 0.0]
   [Code Root Fixup: 0.0 ms]
   [Code Root Purge: 0.0 ms]
   [Clear CT: 0.2 ms]
   [Other: 0.4 ms]
      [Choose CSet: 0.0 ms]
      [Ref Proc: 0.1 ms]
      [Ref Enq: 0.0 ms]
      [Redirty Cards: 0.1 ms]
      [Humongous Register: 0.1 ms]
      [Humongous Reclaim: 0.0 ms]
      [Free CSet: 0.0 ms]
   [Eden: 20.0M(20.0M)->0.0B(32.0M) Survivors: 5120.0K->4096.0K Heap: 398.4M(512.0M)->361.2M(512.0M)]
 [Times: user=0.00 sys=0.00, real=0.00 secs] 
2020-10-28T20:33:50.580+0800: 0.655: [GC pause (G1 Humongous Allocation) (young) (initial-mark), 0.0011084 secs]
   [Parallel Time: 0.6 ms, GC Workers: 10]
      [GC Worker Start (ms): Min: 655.2, Avg: 655.2, Max: 655.2, Diff: 0.1]
      [Ext Root Scanning (ms): Min: 0.0, Avg: 0.1, Max: 0.1, Diff: 0.1, Sum: 0.8]
      [Update RS (ms): Min: 0.0, Avg: 0.1, Max: 0.1, Diff: 0.1, Sum: 0.7]
         [Processed Buffers: Min: 1, Avg: 1.0, Max: 1, Diff: 0, Sum: 10]
      [Scan RS (ms): Min: 0.0, Avg: 0.0, Max: 0.0, Diff: 0.0, Sum: 0.0]
      [Code Root Scanning (ms): Min: 0.0, Avg: 0.0, Max: 0.0, Diff: 0.0, Sum: 0.0]
      [Object Copy (ms): Min: 0.0, Avg: 0.2, Max: 0.3, Diff: 0.3, Sum: 2.0]
      [Termination (ms): Min: 0.0, Avg: 0.1, Max: 0.2, Diff: 0.2, Sum: 0.8]
         [Termination Attempts: Min: 1, Avg: 1.2, Max: 2, Diff: 1, Sum: 12]
      [GC Worker Other (ms): Min: 0.0, Avg: 0.0, Max: 0.0, Diff: 0.0, Sum: 0.1]
      [GC Worker Total (ms): Min: 0.4, Avg: 0.4, Max: 0.5, Diff: 0.1, Sum: 4.3]
      [GC Worker End (ms): Min: 655.6, Avg: 655.6, Max: 655.6, Diff: 0.0]
   [Code Root Fixup: 0.0 ms]
   [Code Root Purge: 0.0 ms]
   [Clear CT: 0.1 ms]
   [Other: 0.4 ms]
      [Choose CSet: 0.0 ms]
      [Ref Proc: 0.2 ms]
      [Ref Enq: 0.0 ms]
      [Redirty Cards: 0.1 ms]
      [Humongous Register: 0.1 ms]
      [Humongous Reclaim: 0.0 ms]
      [Free CSet: 0.0 ms]
   [Eden: 1024.0K(32.0M)->0.0B(34.0M) Survivors: 4096.0K->0.0B Heap: 362.2M(512.0M)->361.2M(512.0M)]
 [Times: user=0.00 sys=0.00, real=0.00 secs] 
2020-10-28T20:33:50.581+0800: 0.656: [GC concurrent-root-region-scan-start]
2020-10-28T20:33:50.581+0800: 0.656: [GC concurrent-root-region-scan-end, 0.0000074 secs]
2020-10-28T20:33:50.581+0800: 0.656: [GC concurrent-mark-start]
2020-10-28T20:33:50.583+0800: 0.658: [GC concurrent-mark-end, 0.0015770 secs]
2020-10-28T20:33:50.583+0800: 0.658: [GC remark 2020-10-28T20:33:50.583+0800: 0.658: [Finalize Marking, 0.0001731 secs] 2020-10-28T20:33:50.583+0800: 0.658: [GC ref-proc, 0.0002629 secs] 2020-10-28T20:33:50.583+0800: 0.658: [Unloading, 0.0003467 secs], 0.0013102 secs]
 [Times: user=0.00 sys=0.00, real=0.00 secs] 
2020-10-28T20:33:50.584+0800: 0.659: [GC cleanup 375M->375M(512M), 0.0006359 secs]
 [Times: user=0.00 sys=0.00, real=0.00 secs] 
2020-10-28T20:33:50.588+0800: 0.663: [GC pause (G1 Evacuation Pause) (young), 0.0020632 secs]
   [Parallel Time: 1.5 ms, GC Workers: 10]
      [GC Worker Start (ms): Min: 663.2, Avg: 663.3, Max: 663.3, Diff: 0.1]
      [Ext Root Scanning (ms): Min: 0.0, Avg: 0.1, Max: 0.1, Diff: 0.1, Sum: 0.9]
      [Update RS (ms): Min: 0.5, Avg: 0.5, Max: 0.5, Diff: 0.1, Sum: 5.0]
         [Processed Buffers: Min: 6, Avg: 7.0, Max: 8, Diff: 2, Sum: 70]
      [Scan RS (ms): Min: 0.0, Avg: 0.0, Max: 0.0, Diff: 0.0, Sum: 0.0]
      [Code Root Scanning (ms): Min: 0.0, Avg: 0.0, Max: 0.0, Diff: 0.0, Sum: 0.0]
      [Object Copy (ms): Min: 0.7, Avg: 0.7, Max: 0.8, Diff: 0.1, Sum: 7.3]
      [Termination (ms): Min: 0.0, Avg: 0.0, Max: 0.1, Diff: 0.1, Sum: 0.4]
         [Termination Attempts: Min: 1, Avg: 1.1, Max: 2, Diff: 1, Sum: 11]
      [GC Worker Other (ms): Min: 0.0, Avg: 0.0, Max: 0.0, Diff: 0.0, Sum: 0.1]
      [GC Worker Total (ms): Min: 1.3, Avg: 1.4, Max: 1.4, Diff: 0.1, Sum: 13.7]
      [GC Worker End (ms): Min: 664.6, Avg: 664.6, Max: 664.6, Diff: 0.0]
   [Code Root Fixup: 0.0 ms]
   [Code Root Purge: 0.0 ms]
   [Clear CT: 0.1 ms]
   [Other: 0.4 ms]
      [Choose CSet: 0.0 ms]
      [Ref Proc: 0.1 ms]
      [Ref Enq: 0.0 ms]
      [Redirty Cards: 0.1 ms]
      [Humongous Register: 0.1 ms]
      [Humongous Reclaim: 0.0 ms]
      [Free CSet: 0.0 ms]
   [Eden: 34.0M(34.0M)->0.0B(20.0M) Survivors: 0.0B->5120.0K Heap: 403.0M(512.0M)->371.2M(512.0M)]
 [Times: user=0.16 sys=0.00, real=0.00 secs] 
2020-10-28T20:33:50.593+0800: 0.668: [GC pause (G1 Evacuation Pause) (mixed), 0.0039389 secs]
   [Parallel Time: 3.3 ms, GC Workers: 10]
      [GC Worker Start (ms): Min: 668.2, Avg: 668.3, Max: 668.3, Diff: 0.1]
      [Ext Root Scanning (ms): Min: 0.0, Avg: 0.1, Max: 0.1, Diff: 0.1, Sum: 0.7]
      [Update RS (ms): Min: 0.2, Avg: 0.2, Max: 0.2, Diff: 0.0, Sum: 1.8]
         [Processed Buffers: Min: 2, Avg: 2.7, Max: 3, Diff: 1, Sum: 27]
      [Scan RS (ms): Min: 0.0, Avg: 0.0, Max: 0.0, Diff: 0.0, Sum: 0.2]
      [Code Root Scanning (ms): Min: 0.0, Avg: 0.0, Max: 0.0, Diff: 0.0, Sum: 0.0]
      [Object Copy (ms): Min: 2.9, Avg: 2.9, Max: 2.9, Diff: 0.1, Sum: 29.1]
      [Termination (ms): Min: 0.0, Avg: 0.0, Max: 0.1, Diff: 0.1, Sum: 0.3]
         [Termination Attempts: Min: 1, Avg: 1.0, Max: 1, Diff: 0, Sum: 10]
      [GC Worker Other (ms): Min: 0.0, Avg: 0.0, Max: 0.0, Diff: 0.0, Sum: 0.1]
      [GC Worker Total (ms): Min: 3.2, Avg: 3.2, Max: 3.3, Diff: 0.1, Sum: 32.2]
      [GC Worker End (ms): Min: 671.5, Avg: 671.5, Max: 671.5, Diff: 0.0]
   [Code Root Fixup: 0.0 ms]
   [Code Root Purge: 0.0 ms]
   [Clear CT: 0.2 ms]
   [Other: 0.5 ms]
      [Choose CSet: 0.0 ms]
      [Ref Proc: 0.1 ms]
      [Ref Enq: 0.0 ms]
      [Redirty Cards: 0.1 ms]
      [Humongous Register: 0.1 ms]
      [Humongous Reclaim: 0.0 ms]
      [Free CSet: 0.0 ms]
   [Eden: 20.0M(20.0M)->0.0B(33.0M) Survivors: 5120.0K->4096.0K Heap: 393.1M(512.0M)->362.2M(512.0M)]
 [Times: user=0.00 sys=0.00, real=0.00 secs] 
2020-10-28T20:33:50.598+0800: 0.673: [GC pause (G1 Humongous Allocation) (young) (initial-mark), 0.0012782 secs]
   [Parallel Time: 0.7 ms, GC Workers: 10]
      [GC Worker Start (ms): Min: 672.9, Avg: 672.9, Max: 673.0, Diff: 0.1]
      [Ext Root Scanning (ms): Min: 0.0, Avg: 0.1, Max: 0.1, Diff: 0.1, Sum: 0.7]
      [Update RS (ms): Min: 0.0, Avg: 0.1, Max: 0.1, Diff: 0.1, Sum: 0.7]
         [Processed Buffers: Min: 1, Avg: 1.1, Max: 2, Diff: 1, Sum: 11]
      [Scan RS (ms): Min: 0.0, Avg: 0.0, Max: 0.0, Diff: 0.0, Sum: 0.0]
      [Code Root Scanning (ms): Min: 0.0, Avg: 0.0, Max: 0.0, Diff: 0.0, Sum: 0.0]
      [Object Copy (ms): Min: 0.3, Avg: 0.4, Max: 0.4, Diff: 0.2, Sum: 3.8]
      [Termination (ms): Min: 0.0, Avg: 0.1, Max: 0.1, Diff: 0.1, Sum: 0.6]
         [Termination Attempts: Min: 1, Avg: 1.0, Max: 1, Diff: 0, Sum: 10]
      [GC Worker Other (ms): Min: 0.0, Avg: 0.0, Max: 0.0, Diff: 0.0, Sum: 0.1]
      [GC Worker Total (ms): Min: 0.6, Avg: 0.6, Max: 0.6, Diff: 0.1, Sum: 5.9]
      [GC Worker End (ms): Min: 673.5, Avg: 673.5, Max: 673.6, Diff: 0.0]
   [Code Root Fixup: 0.0 ms]
   [Code Root Purge: 0.0 ms]
   [Clear CT: 0.1 ms]
   [Other: 0.5 ms]
      [Choose CSet: 0.0 ms]
      [Ref Proc: 0.2 ms]
      [Ref Enq: 0.0 ms]
      [Redirty Cards: 0.1 ms]
      [Humongous Register: 0.1 ms]
      [Humongous Reclaim: 0.0 ms]
      [Free CSet: 0.0 ms]
   [Eden: 6144.0K(33.0M)->0.0B(31.0M) Survivors: 4096.0K->3072.0K Heap: 368.2M(512.0M)->364.2M(512.0M)]
 [Times: user=0.00 sys=0.00, real=0.00 secs] 
2020-10-28T20:33:50.599+0800: 0.674: [GC concurrent-root-region-scan-start]
2020-10-28T20:33:50.599+0800: 0.674: [GC concurrent-root-region-scan-end, 0.0000840 secs]
2020-10-28T20:33:50.599+0800: 0.674: [GC concurrent-mark-start]
2020-10-28T20:33:50.601+0800: 0.676: [GC concurrent-mark-end, 0.0012875 secs]
2020-10-28T20:33:50.601+0800: 0.676: [GC remark 2020-10-28T20:33:50.601+0800: 0.676: [Finalize Marking, 0.0001572 secs] 2020-10-28T20:33:50.601+0800: 0.676: [GC ref-proc, 0.0002422 secs] 2020-10-28T20:33:50.601+0800: 0.676: [Unloading, 0.0003396 secs], 0.0012396 secs]
 [Times: user=0.00 sys=0.00, real=0.00 secs] 
2020-10-28T20:33:50.602+0800: 0.677: [GC cleanup 377M->377M(512M), 0.0006049 secs]
 [Times: user=0.00 sys=0.00, real=0.00 secs] 
2020-10-28T20:33:50.606+0800: 0.681: [GC pause (G1 Evacuation Pause) (young), 0.0022097 secs]
   [Parallel Time: 1.7 ms, GC Workers: 10]
      [GC Worker Start (ms): Min: 681.1, Avg: 681.1, Max: 681.1, Diff: 0.1]
      [Ext Root Scanning (ms): Min: 0.0, Avg: 0.1, Max: 0.1, Diff: 0.1, Sum: 0.7]
      [Update RS (ms): Min: 0.5, Avg: 0.6, Max: 0.6, Diff: 0.1, Sum: 5.6]
         [Processed Buffers: Min: 7, Avg: 7.8, Max: 10, Diff: 3, Sum: 78]
      [Scan RS (ms): Min: 0.0, Avg: 0.0, Max: 0.0, Diff: 0.0, Sum: 0.0]
      [Code Root Scanning (ms): Min: 0.0, Avg: 0.0, Max: 0.0, Diff: 0.0, Sum: 0.0]
      [Object Copy (ms): Min: 0.8, Avg: 0.9, Max: 0.9, Diff: 0.1, Sum: 8.6]
      [Termination (ms): Min: 0.0, Avg: 0.0, Max: 0.1, Diff: 0.1, Sum: 0.4]
         [Termination Attempts: Min: 1, Avg: 1.0, Max: 1, Diff: 0, Sum: 10]
      [GC Worker Other (ms): Min: 0.0, Avg: 0.0, Max: 0.0, Diff: 0.0, Sum: 0.1]
      [GC Worker Total (ms): Min: 1.5, Avg: 1.6, Max: 1.6, Diff: 0.1, Sum: 15.5]
      [GC Worker End (ms): Min: 682.6, Avg: 682.7, Max: 682.7, Diff: 0.0]
   [Code Root Fixup: 0.0 ms]
   [Code Root Purge: 0.0 ms]
   [Clear CT: 0.1 ms]
   [Other: 0.4 ms]
      [Choose CSet: 0.0 ms]
      [Ref Proc: 0.1 ms]
      [Ref Enq: 0.0 ms]
      [Redirty Cards: 0.1 ms]
      [Humongous Register: 0.1 ms]
      [Humongous Reclaim: 0.0 ms]
      [Free CSet: 0.0 ms]
   [Eden: 31.0M(31.0M)->0.0B(20.0M) Survivors: 3072.0K->5120.0K Heap: 403.6M(512.0M)->375.4M(512.0M)]
 [Times: user=0.00 sys=0.00, real=0.00 secs] 
2020-10-28T20:33:50.611+0800: 0.686: [GC pause (G1 Evacuation Pause) (mixed), 0.0044528 secs]
   [Parallel Time: 3.8 ms, GC Workers: 10]
      [GC Worker Start (ms): Min: 686.0, Avg: 686.0, Max: 686.1, Diff: 0.1]
      [Ext Root Scanning (ms): Min: 0.0, Avg: 0.1, Max: 0.1, Diff: 0.1, Sum: 0.8]
      [Update RS (ms): Min: 0.4, Avg: 0.4, Max: 0.4, Diff: 0.0, Sum: 3.9]
         [Processed Buffers: Min: 4, Avg: 5.4, Max: 7, Diff: 3, Sum: 54]
      [Scan RS (ms): Min: 0.0, Avg: 0.0, Max: 0.0, Diff: 0.0, Sum: 0.3]
      [Code Root Scanning (ms): Min: 0.0, Avg: 0.0, Max: 0.0, Diff: 0.0, Sum: 0.0]
      [Object Copy (ms): Min: 3.0, Avg: 3.1, Max: 3.2, Diff: 0.1, Sum: 30.8]
      [Termination (ms): Min: 0.0, Avg: 0.1, Max: 0.1, Diff: 0.1, Sum: 0.8]
         [Termination Attempts: Min: 1, Avg: 1.0, Max: 1, Diff: 0, Sum: 10]
      [GC Worker Other (ms): Min: 0.0, Avg: 0.0, Max: 0.0, Diff: 0.0, Sum: 0.1]
      [GC Worker Total (ms): Min: 3.6, Avg: 3.7, Max: 3.7, Diff: 0.1, Sum: 36.6]
      [GC Worker End (ms): Min: 689.7, Avg: 689.7, Max: 689.7, Diff: 0.0]
   [Code Root Fixup: 0.0 ms]
   [Code Root Purge: 0.0 ms]
   [Clear CT: 0.1 ms]
   [Other: 0.5 ms]
      [Choose CSet: 0.0 ms]
      [Ref Proc: 0.2 ms]
      [Ref Enq: 0.0 ms]
      [Redirty Cards: 0.2 ms]
      [Humongous Register: 0.1 ms]
      [Humongous Reclaim: 0.0 ms]
      [Free CSet: 0.0 ms]
   [Eden: 20.0M(20.0M)->0.0B(29.0M) Survivors: 5120.0K->4096.0K Heap: 400.7M(512.0M)->365.2M(512.0M)]
 [Times: user=0.00 sys=0.00, real=0.00 secs] 
2020-10-28T20:33:50.616+0800: 0.691: [GC pause (G1 Humongous Allocation) (young) (initial-mark), 0.0011109 secs]
   [Parallel Time: 0.6 ms, GC Workers: 10]
      [GC Worker Start (ms): Min: 690.8, Avg: 690.8, Max: 690.9, Diff: 0.1]
      [Ext Root Scanning (ms): Min: 0.0, Avg: 0.1, Max: 0.1, Diff: 0.1, Sum: 0.8]
      [Update RS (ms): Min: 0.0, Avg: 0.1, Max: 0.2, Diff: 0.2, Sum: 0.8]
         [Processed Buffers: Min: 1, Avg: 1.1, Max: 2, Diff: 1, Sum: 11]
      [Scan RS (ms): Min: 0.0, Avg: 0.0, Max: 0.0, Diff: 0.0, Sum: 0.0]
      [Code Root Scanning (ms): Min: 0.0, Avg: 0.0, Max: 0.0, Diff: 0.0, Sum: 0.0]
      [Object Copy (ms): Min: 0.1, Avg: 0.2, Max: 0.3, Diff: 0.2, Sum: 2.4]
      [Termination (ms): Min: 0.0, Avg: 0.0, Max: 0.1, Diff: 0.1, Sum: 0.3]
         [Termination Attempts: Min: 1, Avg: 1.0, Max: 1, Diff: 0, Sum: 10]
      [GC Worker Other (ms): Min: 0.0, Avg: 0.0, Max: 0.0, Diff: 0.0, Sum: 0.1]
      [GC Worker Total (ms): Min: 0.4, Avg: 0.4, Max: 0.5, Diff: 0.1, Sum: 4.4]
      [GC Worker End (ms): Min: 691.3, Avg: 691.3, Max: 691.3, Diff: 0.0]
   [Code Root Fixup: 0.0 ms]
   [Code Root Purge: 0.0 ms]
   [Clear CT: 0.1 ms]
   [Other: 0.4 ms]
      [Choose CSet: 0.0 ms]
      [Ref Proc: 0.2 ms]
      [Ref Enq: 0.0 ms]
      [Redirty Cards: 0.1 ms]
      [Humongous Register: 0.1 ms]
      [Humongous Reclaim: 0.0 ms]
      [Free CSet: 0.0 ms]
   [Eden: 3072.0K(29.0M)->0.0B(25.0M) Survivors: 4096.0K->1024.0K Heap: 367.5M(512.0M)->366.0M(512.0M)]
 [Times: user=0.00 sys=0.00, real=0.00 secs] 
2020-10-28T20:33:50.617+0800: 0.692: [GC concurrent-root-region-scan-start]
2020-10-28T20:33:50.617+0800: 0.692: [GC concurrent-root-region-scan-end, 0.0000761 secs]
2020-10-28T20:33:50.617+0800: 0.692: [GC concurrent-mark-start]
2020-10-28T20:33:50.618+0800: 0.693: [GC concurrent-mark-end, 0.0012532 secs]
2020-10-28T20:33:50.618+0800: 0.693: [GC remark 2020-10-28T20:33:50.618+0800: 0.693: [Finalize Marking, 0.0001760 secs] 2020-10-28T20:33:50.619+0800: 0.694: [GC ref-proc, 0.0002437 secs] 2020-10-28T20:33:50.619+0800: 0.694: [Unloading, 0.0004183 secs], 0.0013340 secs]
 [Times: user=0.16 sys=0.00, real=0.00 secs] 
2020-10-28T20:33:50.620+0800: 0.695: [GC cleanup 383M->383M(512M), 0.0005036 secs]
 [Times: user=0.00 sys=0.00, real=0.00 secs] 
2020-10-28T20:33:50.622+0800: 0.697: [GC pause (G1 Evacuation Pause) (young), 0.0021324 secs]
   [Parallel Time: 1.6 ms, GC Workers: 10]
      [GC Worker Start (ms): Min: 697.2, Avg: 697.2, Max: 697.2, Diff: 0.1]
      [Ext Root Scanning (ms): Min: 0.0, Avg: 0.1, Max: 0.1, Diff: 0.1, Sum: 0.7]
      [Update RS (ms): Min: 0.6, Avg: 0.6, Max: 0.6, Diff: 0.1, Sum: 6.0]
         [Processed Buffers: Min: 7, Avg: 8.6, Max: 10, Diff: 3, Sum: 86]
      [Scan RS (ms): Min: 0.0, Avg: 0.0, Max: 0.0, Diff: 0.0, Sum: 0.0]
      [Code Root Scanning (ms): Min: 0.0, Avg: 0.0, Max: 0.0, Diff: 0.0, Sum: 0.0]
      [Object Copy (ms): Min: 0.7, Avg: 0.8, Max: 0.9, Diff: 0.2, Sum: 8.0]
      [Termination (ms): Min: 0.0, Avg: 0.1, Max: 0.1, Diff: 0.1, Sum: 0.7]
         [Termination Attempts: Min: 1, Avg: 1.0, Max: 1, Diff: 0, Sum: 10]
      [GC Worker Other (ms): Min: 0.0, Avg: 0.0, Max: 0.0, Diff: 0.0, Sum: 0.1]
      [GC Worker Total (ms): Min: 1.5, Avg: 1.6, Max: 1.6, Diff: 0.1, Sum: 15.6]
      [GC Worker End (ms): Min: 698.8, Avg: 698.8, Max: 698.8, Diff: 0.0]
   [Code Root Fixup: 0.0 ms]
   [Code Root Purge: 0.0 ms]
   [Clear CT: 0.1 ms]
   [Other: 0.4 ms]
      [Choose CSet: 0.0 ms]
      [Ref Proc: 0.1 ms]
      [Ref Enq: 0.0 ms]
      [Redirty Cards: 0.1 ms]
      [Humongous Register: 0.1 ms]
      [Humongous Reclaim: 0.0 ms]
      [Free CSet: 0.0 ms]
   [Eden: 25.0M(25.0M)->0.0B(21.0M) Survivors: 1024.0K->4096.0K Heap: 400.5M(512.0M)->377.2M(512.0M)]
 [Times: user=0.00 sys=0.00, real=0.00 secs] 
2020-10-28T20:33:50.627+0800: 0.702: [GC pause (G1 Evacuation Pause) (mixed), 0.0037238 secs]
   [Parallel Time: 3.1 ms, GC Workers: 10]
      [GC Worker Start (ms): Min: 702.2, Avg: 702.3, Max: 702.3, Diff: 0.1]
      [Ext Root Scanning (ms): Min: 0.0, Avg: 0.1, Max: 0.1, Diff: 0.1, Sum: 0.7]
      [Update RS (ms): Min: 0.3, Avg: 0.4, Max: 0.4, Diff: 0.0, Sum: 3.7]
         [Processed Buffers: Min: 5, Avg: 5.8, Max: 7, Diff: 2, Sum: 58]
      [Scan RS (ms): Min: 0.0, Avg: 0.0, Max: 0.1, Diff: 0.1, Sum: 0.3]
      [Code Root Scanning (ms): Min: 0.0, Avg: 0.0, Max: 0.0, Diff: 0.0, Sum: 0.0]
      [Object Copy (ms): Min: 2.3, Avg: 2.4, Max: 2.5, Diff: 0.1, Sum: 24.2]
      [Termination (ms): Min: 0.0, Avg: 0.0, Max: 0.1, Diff: 0.1, Sum: 0.4]
         [Termination Attempts: Min: 1, Avg: 1.0, Max: 1, Diff: 0, Sum: 10]
      [GC Worker Other (ms): Min: 0.0, Avg: 0.0, Max: 0.0, Diff: 0.0, Sum: 0.2]
      [GC Worker Total (ms): Min: 2.9, Avg: 3.0, Max: 3.0, Diff: 0.1, Sum: 29.6]
      [GC Worker End (ms): Min: 705.2, Avg: 705.2, Max: 705.2, Diff: 0.0]
   [Code Root Fixup: 0.0 ms]
   [Code Root Purge: 0.0 ms]
   [Clear CT: 0.2 ms]
   [Other: 0.4 ms]
      [Choose CSet: 0.0 ms]
      [Ref Proc: 0.1 ms]
      [Ref Enq: 0.0 ms]
      [Redirty Cards: 0.1 ms]
      [Humongous Register: 0.1 ms]
      [Humongous Reclaim: 0.0 ms]
      [Free CSet: 0.0 ms]
   [Eden: 21.0M(21.0M)->0.0B(25.0M) Survivors: 4096.0K->4096.0K Heap: 404.0M(512.0M)->369.2M(512.0M)]
 [Times: user=0.00 sys=0.00, real=0.00 secs] 
2020-10-28T20:33:50.632+0800: 0.707: [GC pause (G1 Humongous Allocation) (young) (initial-mark), 0.0011619 secs]
   [Parallel Time: 0.6 ms, GC Workers: 10]
      [GC Worker Start (ms): Min: 706.7, Avg: 706.7, Max: 706.8, Diff: 0.1]
      [Ext Root Scanning (ms): Min: 0.0, Avg: 0.1, Max: 0.1, Diff: 0.1, Sum: 0.7]
      [Update RS (ms): Min: 0.0, Avg: 0.1, Max: 0.1, Diff: 0.1, Sum: 0.8]
         [Processed Buffers: Min: 1, Avg: 1.1, Max: 2, Diff: 1, Sum: 11]
      [Scan RS (ms): Min: 0.0, Avg: 0.0, Max: 0.0, Diff: 0.0, Sum: 0.0]
      [Code Root Scanning (ms): Min: 0.0, Avg: 0.0, Max: 0.0, Diff: 0.0, Sum: 0.0]
      [Object Copy (ms): Min: 0.2, Avg: 0.3, Max: 0.4, Diff: 0.2, Sum: 3.0]
      [Termination (ms): Min: 0.0, Avg: 0.1, Max: 0.1, Diff: 0.1, Sum: 0.5]
         [Termination Attempts: Min: 1, Avg: 1.0, Max: 1, Diff: 0, Sum: 10]
      [GC Worker Other (ms): Min: 0.0, Avg: 0.0, Max: 0.0, Diff: 0.0, Sum: 0.1]
      [GC Worker Total (ms): Min: 0.5, Avg: 0.5, Max: 0.5, Diff: 0.1, Sum: 5.1]
      [GC Worker End (ms): Min: 707.2, Avg: 707.3, Max: 707.3, Diff: 0.0]
   [Code Root Fixup: 0.0 ms]
   [Code Root Purge: 0.0 ms]
   [Clear CT: 0.1 ms]
   [Other: 0.4 ms]
      [Choose CSet: 0.0 ms]
      [Ref Proc: 0.2 ms]
      [Ref Enq: 0.0 ms]
      [Redirty Cards: 0.1 ms]
      [Humongous Register: 0.1 ms]
      [Humongous Reclaim: 0.0 ms]
      [Free CSet: 0.0 ms]
   [Eden: 5120.0K(25.0M)->0.0B(24.0M) Survivors: 4096.0K->2048.0K Heap: 373.9M(512.0M)->370.4M(512.0M)]
 [Times: user=0.00 sys=0.00, real=0.00 secs] 
2020-10-28T20:33:50.633+0800: 0.708: [GC concurrent-root-region-scan-start]
2020-10-28T20:33:50.633+0800: 0.708: [GC concurrent-root-region-scan-end, 0.0000892 secs]
2020-10-28T20:33:50.633+0800: 0.708: [GC concurrent-mark-start]
2020-10-28T20:33:50.634+0800: 0.709: [GC concurrent-mark-end, 0.0012023 secs]
2020-10-28T20:33:50.634+0800: 0.709: [GC remark 2020-10-28T20:33:50.634+0800: 0.709: [Finalize Marking, 0.0001783 secs] 2020-10-28T20:33:50.634+0800: 0.709: [GC ref-proc, 0.0002307 secs] 2020-10-28T20:33:50.635+0800: 0.710: [Unloading, 0.0003689 secs], 0.0012891 secs]
 [Times: user=0.02 sys=0.00, real=0.00 secs] 
2020-10-28T20:33:50.636+0800: 0.711: [GC cleanup 383M->383M(512M), 0.0005305 secs]
 [Times: user=0.00 sys=0.00, real=0.00 secs] 
2020-10-28T20:33:50.638+0800: 0.713: [GC pause (G1 Evacuation Pause) (young), 0.0018778 secs]
   [Parallel Time: 1.3 ms, GC Workers: 10]
      [GC Worker Start (ms): Min: 713.2, Avg: 713.2, Max: 713.3, Diff: 0.1]
      [Ext Root Scanning (ms): Min: 0.0, Avg: 0.1, Max: 0.1, Diff: 0.1, Sum: 0.7]
      [Update RS (ms): Min: 0.4, Avg: 0.4, Max: 0.4, Diff: 0.1, Sum: 4.1]
         [Processed Buffers: Min: 5, Avg: 5.8, Max: 7, Diff: 2, Sum: 58]
      [Scan RS (ms): Min: 0.0, Avg: 0.0, Max: 0.0, Diff: 0.0, Sum: 0.0]
      [Code Root Scanning (ms): Min: 0.0, Avg: 0.0, Max: 0.0, Diff: 0.0, Sum: 0.0]
      [Object Copy (ms): Min: 0.6, Avg: 0.7, Max: 0.7, Diff: 0.1, Sum: 6.7]
      [Termination (ms): Min: 0.0, Avg: 0.1, Max: 0.1, Diff: 0.1, Sum: 0.6]
         [Termination Attempts: Min: 1, Avg: 1.0, Max: 1, Diff: 0, Sum: 10]
      [GC Worker Other (ms): Min: 0.0, Avg: 0.0, Max: 0.0, Diff: 0.0, Sum: 0.1]
      [GC Worker Total (ms): Min: 1.2, Avg: 1.2, Max: 1.3, Diff: 0.1, Sum: 12.3]
      [GC Worker End (ms): Min: 714.4, Avg: 714.4, Max: 714.5, Diff: 0.0]
   [Code Root Fixup: 0.0 ms]
   [Code Root Purge: 0.0 ms]
   [Clear CT: 0.1 ms]
   [Other: 0.4 ms]
      [Choose CSet: 0.0 ms]
      [Ref Proc: 0.1 ms]
      [Ref Enq: 0.0 ms]
      [Redirty Cards: 0.1 ms]
      [Humongous Register: 0.1 ms]
      [Humongous Reclaim: 0.0 ms]
      [Free CSet: 0.0 ms]
   [Eden: 24.0M(24.0M)->0.0B(21.0M) Survivors: 2048.0K->4096.0K Heap: 400.3M(512.0M)->375.7M(512.0M)]
 [Times: user=0.00 sys=0.00, real=0.00 secs] 
2020-10-28T20:33:50.643+0800: 0.718: [GC pause (G1 Evacuation Pause) (mixed), 0.0042073 secs]
   [Parallel Time: 3.5 ms, GC Workers: 10]
      [GC Worker Start (ms): Min: 718.2, Avg: 718.3, Max: 718.3, Diff: 0.1]
      [Ext Root Scanning (ms): Min: 0.0, Avg: 0.1, Max: 0.1, Diff: 0.1, Sum: 0.8]
      [Update RS (ms): Min: 0.4, Avg: 0.4, Max: 0.4, Diff: 0.0, Sum: 3.9]
         [Processed Buffers: Min: 4, Avg: 5.2, Max: 7, Diff: 3, Sum: 52]
      [Scan RS (ms): Min: 0.0, Avg: 0.0, Max: 0.0, Diff: 0.0, Sum: 0.2]
      [Code Root Scanning (ms): Min: 0.0, Avg: 0.0, Max: 0.0, Diff: 0.0, Sum: 0.0]
      [Object Copy (ms): Min: 2.8, Avg: 2.8, Max: 2.9, Diff: 0.1, Sum: 28.5]
      [Termination (ms): Min: 0.0, Avg: 0.1, Max: 0.1, Diff: 0.1, Sum: 0.5]
         [Termination Attempts: Min: 1, Avg: 1.0, Max: 1, Diff: 0, Sum: 10]
      [GC Worker Other (ms): Min: 0.0, Avg: 0.0, Max: 0.0, Diff: 0.0, Sum: 0.2]
      [GC Worker Total (ms): Min: 3.4, Avg: 3.4, Max: 3.4, Diff: 0.1, Sum: 34.0]
      [GC Worker End (ms): Min: 721.7, Avg: 721.7, Max: 721.7, Diff: 0.0]
   [Code Root Fixup: 0.0 ms]
   [Code Root Purge: 0.0 ms]
   [Clear CT: 0.1 ms]
   [Other: 0.5 ms]
      [Choose CSet: 0.0 ms]
      [Ref Proc: 0.2 ms]
      [Ref Enq: 0.0 ms]
      [Redirty Cards: 0.1 ms]
      [Humongous Register: 0.1 ms]
      [Humongous Reclaim: 0.0 ms]
      [Free CSet: 0.0 ms]
   [Eden: 21.0M(21.0M)->0.0B(29.0M) Survivors: 4096.0K->4096.0K Heap: 401.7M(512.0M)->367.6M(512.0M)]
 [Times: user=0.00 sys=0.00, real=0.00 secs] 
2020-10-28T20:33:50.647+0800: 0.723: [GC pause (G1 Humongous Allocation) (young) (initial-mark), 0.0011305 secs]
   [Parallel Time: 0.6 ms, GC Workers: 10]
      [GC Worker Start (ms): Min: 722.8, Avg: 722.8, Max: 722.9, Diff: 0.1]
      [Ext Root Scanning (ms): Min: 0.0, Avg: 0.1, Max: 0.1, Diff: 0.1, Sum: 0.8]
      [Update RS (ms): Min: 0.0, Avg: 0.1, Max: 0.1, Diff: 0.1, Sum: 0.7]
         [Processed Buffers: Min: 1, Avg: 1.1, Max: 2, Diff: 1, Sum: 11]
      [Scan RS (ms): Min: 0.0, Avg: 0.0, Max: 0.0, Diff: 0.0, Sum: 0.0]
      [Code Root Scanning (ms): Min: 0.0, Avg: 0.0, Max: 0.0, Diff: 0.0, Sum: 0.0]
      [Object Copy (ms): Min: 0.2, Avg: 0.3, Max: 0.4, Diff: 0.2, Sum: 3.3]
      [Termination (ms): Min: 0.0, Avg: 0.0, Max: 0.1, Diff: 0.1, Sum: 0.5]
         [Termination Attempts: Min: 1, Avg: 1.0, Max: 1, Diff: 0, Sum: 10]
      [GC Worker Other (ms): Min: 0.0, Avg: 0.0, Max: 0.0, Diff: 0.0, Sum: 0.1]
      [GC Worker Total (ms): Min: 0.5, Avg: 0.5, Max: 0.6, Diff: 0.1, Sum: 5.2]
      [GC Worker End (ms): Min: 723.4, Avg: 723.4, Max: 723.4, Diff: 0.0]
   [Code Root Fixup: 0.0 ms]
   [Code Root Purge: 0.0 ms]
   [Clear CT: 0.1 ms]
   [Other: 0.4 ms]
      [Choose CSet: 0.0 ms]
      [Ref Proc: 0.1 ms]
      [Ref Enq: 0.0 ms]
      [Redirty Cards: 0.1 ms]
      [Humongous Register: 0.1 ms]
      [Humongous Reclaim: 0.0 ms]
      [Free CSet: 0.0 ms]
   [Eden: 3072.0K(29.0M)->0.0B(28.0M) Survivors: 4096.0K->2048.0K Heap: 370.1M(512.0M)->369.3M(512.0M)]
 [Times: user=0.00 sys=0.00, real=0.00 secs] 
2020-10-28T20:33:50.648+0800: 0.724: [GC concurrent-root-region-scan-start]
2020-10-28T20:33:50.648+0800: 0.724: [GC concurrent-root-region-scan-end, 0.0000790 secs]
2020-10-28T20:33:50.648+0800: 0.724: [GC concurrent-mark-start]
2020-10-28T20:33:50.649+0800: 0.725: [GC concurrent-mark-end, 0.0012835 secs]
2020-10-28T20:33:50.649+0800: 0.725: [GC remark 2020-10-28T20:33:50.650+0800: 0.725: [Finalize Marking, 0.0001515 secs] 2020-10-28T20:33:50.650+0800: 0.726: [GC ref-proc, 0.0002289 secs] 2020-10-28T20:33:50.650+0800: 0.726: [Unloading, 0.0003274 secs], 0.0011882 secs]
 [Times: user=0.16 sys=0.00, real=0.00 secs] 
2020-10-28T20:33:50.651+0800: 0.727: [GC cleanup 385M->385M(512M), 0.0006041 secs]
 [Times: user=0.00 sys=0.00, real=0.00 secs] 
2020-10-28T20:33:50.654+0800: 0.730: [GC pause (G1 Evacuation Pause) (young), 0.0024081 secs]
   [Parallel Time: 1.9 ms, GC Workers: 10]
      [GC Worker Start (ms): Min: 729.7, Avg: 729.7, Max: 729.7, Diff: 0.1]
      [Ext Root Scanning (ms): Min: 0.0, Avg: 0.1, Max: 0.1, Diff: 0.1, Sum: 0.7]
      [Update RS (ms): Min: 0.7, Avg: 0.8, Max: 0.8, Diff: 0.1, Sum: 7.8]
         [Processed Buffers: Min: 11, Avg: 11.7, Max: 14, Diff: 3, Sum: 117]
      [Scan RS (ms): Min: 0.0, Avg: 0.0, Max: 0.0, Diff: 0.0, Sum: 0.0]
      [Code Root Scanning (ms): Min: 0.0, Avg: 0.0, Max: 0.0, Diff: 0.0, Sum: 0.0]
      [Object Copy (ms): Min: 0.8, Avg: 0.9, Max: 1.0, Diff: 0.1, Sum: 8.9]
      [Termination (ms): Min: 0.0, Avg: 0.1, Max: 0.1, Diff: 0.1, Sum: 0.5]
         [Termination Attempts: Min: 1, Avg: 1.0, Max: 1, Diff: 0, Sum: 10]
      [GC Worker Other (ms): Min: 0.0, Avg: 0.0, Max: 0.0, Diff: 0.0, Sum: 0.1]
      [GC Worker Total (ms): Min: 1.8, Avg: 1.8, Max: 1.8, Diff: 0.1, Sum: 18.0]
      [GC Worker End (ms): Min: 731.5, Avg: 731.5, Max: 731.5, Diff: 0.0]
   [Code Root Fixup: 0.0 ms]
   [Code Root Purge: 0.0 ms]
   [Clear CT: 0.1 ms]
   [Other: 0.4 ms]
      [Choose CSet: 0.0 ms]
      [Ref Proc: 0.1 ms]
      [Ref Enq: 0.0 ms]
      [Redirty Cards: 0.1 ms]
      [Humongous Register: 0.1 ms]
      [Humongous Reclaim: 0.0 ms]
      [Free CSet: 0.0 ms]
   [Eden: 28.0M(28.0M)->0.0B(21.0M) Survivors: 2048.0K->4096.0K Heap: 410.5M(512.0M)->378.8M(512.0M)]
 [Times: user=0.00 sys=0.00, real=0.00 secs] 
2020-10-28T20:33:50.659+0800: 0.735: [GC pause (G1 Evacuation Pause) (mixed), 0.0041089 secs]
   [Parallel Time: 3.6 ms, GC Workers: 10]
      [GC Worker Start (ms): Min: 735.1, Avg: 735.1, Max: 735.2, Diff: 0.1]
      [Ext Root Scanning (ms): Min: 0.0, Avg: 0.1, Max: 0.1, Diff: 0.1, Sum: 0.7]
      [Update RS (ms): Min: 0.3, Avg: 0.4, Max: 0.4, Diff: 0.0, Sum: 3.7]
         [Processed Buffers: Min: 5, Avg: 5.9, Max: 7, Diff: 2, Sum: 59]
      [Scan RS (ms): Min: 0.0, Avg: 0.0, Max: 0.1, Diff: 0.1, Sum: 0.4]
      [Code Root Scanning (ms): Min: 0.0, Avg: 0.0, Max: 0.0, Diff: 0.0, Sum: 0.0]
      [Object Copy (ms): Min: 2.8, Avg: 2.9, Max: 2.9, Diff: 0.1, Sum: 28.8]
      [Termination (ms): Min: 0.0, Avg: 0.0, Max: 0.1, Diff: 0.1, Sum: 0.5]
         [Termination Attempts: Min: 1, Avg: 1.0, Max: 1, Diff: 0, Sum: 10]
      [GC Worker Other (ms): Min: 0.0, Avg: 0.0, Max: 0.0, Diff: 0.0, Sum: 0.1]
      [GC Worker Total (ms): Min: 3.4, Avg: 3.4, Max: 3.5, Diff: 0.1, Sum: 34.2]
      [GC Worker End (ms): Min: 738.6, Avg: 738.6, Max: 738.6, Diff: 0.0]
   [Code Root Fixup: 0.0 ms]
   [Code Root Purge: 0.0 ms]
   [Clear CT: 0.1 ms]
   [Other: 0.4 ms]
      [Choose CSet: 0.0 ms]
      [Ref Proc: 0.1 ms]
      [Ref Enq: 0.0 ms]
      [Redirty Cards: 0.1 ms]
      [Humongous Register: 0.1 ms]
      [Humongous Reclaim: 0.0 ms]
      [Free CSet: 0.0 ms]
   [Eden: 21.0M(21.0M)->0.0B(26.0M) Survivors: 4096.0K->4096.0K Heap: 405.7M(512.0M)->370.1M(512.0M)]
 [Times: user=0.00 sys=0.00, real=0.00 secs] 
2020-10-28T20:33:50.663+0800: 0.739: [GC pause (G1 Humongous Allocation) (young) (initial-mark), 0.0009826 secs]
   [Parallel Time: 0.6 ms, GC Workers: 10]
      [GC Worker Start (ms): Min: 739.4, Avg: 739.4, Max: 739.5, Diff: 0.1]
      [Ext Root Scanning (ms): Min: 0.0, Avg: 0.1, Max: 0.1, Diff: 0.1, Sum: 0.7]
      [Update RS (ms): Min: 0.0, Avg: 0.1, Max: 0.2, Diff: 0.2, Sum: 1.1]
         [Processed Buffers: Min: 1, Avg: 1.1, Max: 2, Diff: 1, Sum: 11]
      [Scan RS (ms): Min: 0.0, Avg: 0.0, Max: 0.0, Diff: 0.0, Sum: 0.0]
      [Code Root Scanning (ms): Min: 0.0, Avg: 0.0, Max: 0.0, Diff: 0.0, Sum: 0.0]
      [Object Copy (ms): Min: 0.1, Avg: 0.2, Max: 0.3, Diff: 0.2, Sum: 2.3]
      [Termination (ms): Min: 0.0, Avg: 0.0, Max: 0.1, Diff: 0.1, Sum: 0.2]
         [Termination Attempts: Min: 1, Avg: 1.1, Max: 2, Diff: 1, Sum: 11]
      [GC Worker Other (ms): Min: 0.0, Avg: 0.0, Max: 0.0, Diff: 0.0, Sum: 0.1]
      [GC Worker Total (ms): Min: 0.4, Avg: 0.4, Max: 0.5, Diff: 0.1, Sum: 4.4]
      [GC Worker End (ms): Min: 739.9, Avg: 739.9, Max: 739.9, Diff: 0.0]
   [Code Root Fixup: 0.0 ms]
   [Code Root Purge: 0.0 ms]
   [Clear CT: 0.1 ms]
   [Other: 0.3 ms]
      [Choose CSet: 0.0 ms]
      [Ref Proc: 0.1 ms]
      [Ref Enq: 0.0 ms]
      [Redirty Cards: 0.1 ms]
      [Humongous Register: 0.1 ms]
      [Humongous Reclaim: 0.0 ms]
      [Free CSet: 0.0 ms]
   [Eden: 2048.0K(26.0M)->0.0B(27.0M) Survivors: 4096.0K->1024.0K Heap: 371.8M(512.0M)->370.2M(512.0M)]
 [Times: user=0.00 sys=0.00, real=0.00 secs] 
2020-10-28T20:33:50.665+0800: 0.740: [GC concurrent-root-region-scan-start]
2020-10-28T20:33:50.665+0800: 0.740: [GC concurrent-root-region-scan-end, 0.0000441 secs]
2020-10-28T20:33:50.665+0800: 0.740: [GC concurrent-mark-start]
2020-10-28T20:33:50.666+0800: 0.742: [GC concurrent-mark-end, 0.0011817 secs]
2020-10-28T20:33:50.666+0800: 0.742: [GC remark 2020-10-28T20:33:50.666+0800: 0.742: [Finalize Marking, 0.0001513 secs] 2020-10-28T20:33:50.666+0800: 0.742: [GC ref-proc, 0.0002239 secs] 2020-10-28T20:33:50.666+0800: 0.742: [Unloading, 0.0003623 secs], 0.0011981 secs]
 [Times: user=0.00 sys=0.00, real=0.00 secs] 
2020-10-28T20:33:50.667+0800: 0.743: [GC cleanup 379M->379M(512M), 0.0005542 secs]
 [Times: user=0.00 sys=0.00, real=0.00 secs] 
2020-10-28T20:33:50.670+0800: 0.746: [GC pause (G1 Evacuation Pause) (young), 0.0017160 secs]
   [Parallel Time: 1.2 ms, GC Workers: 10]
      [GC Worker Start (ms): Min: 746.3, Avg: 746.3, Max: 746.3, Diff: 0.1]
      [Ext Root Scanning (ms): Min: 0.0, Avg: 0.1, Max: 0.1, Diff: 0.1, Sum: 0.7]
      [Update RS (ms): Min: 0.5, Avg: 0.5, Max: 0.5, Diff: 0.1, Sum: 4.9]
         [Processed Buffers: Min: 7, Avg: 7.6, Max: 9, Diff: 2, Sum: 76]
      [Scan RS (ms): Min: 0.0, Avg: 0.0, Max: 0.0, Diff: 0.0, Sum: 0.0]
      [Code Root Scanning (ms): Min: 0.0, Avg: 0.0, Max: 0.0, Diff: 0.0, Sum: 0.0]
      [Object Copy (ms): Min: 0.4, Avg: 0.5, Max: 0.6, Diff: 0.1, Sum: 5.2]
      [Termination (ms): Min: 0.0, Avg: 0.0, Max: 0.1, Diff: 0.1, Sum: 0.4]
         [Termination Attempts: Min: 1, Avg: 1.0, Max: 1, Diff: 0, Sum: 10]
      [GC Worker Other (ms): Min: 0.0, Avg: 0.0, Max: 0.0, Diff: 0.0, Sum: 0.1]
      [GC Worker Total (ms): Min: 1.1, Avg: 1.1, Max: 1.2, Diff: 0.1, Sum: 11.3]
      [GC Worker End (ms): Min: 747.4, Avg: 747.4, Max: 747.4, Diff: 0.0]
   [Code Root Fixup: 0.0 ms]
   [Code Root Purge: 0.0 ms]
   [Clear CT: 0.1 ms]
   [Other: 0.4 ms]
      [Choose CSet: 0.0 ms]
      [Ref Proc: 0.1 ms]
      [Ref Enq: 0.0 ms]
      [Redirty Cards: 0.1 ms]
      [Humongous Register: 0.1 ms]
      [Humongous Reclaim: 0.0 ms]
      [Free CSet: 0.0 ms]
   [Eden: 27.0M(27.0M)->0.0B(21.0M) Survivors: 1024.0K->4096.0K Heap: 405.6M(512.0M)->379.4M(512.0M)]
 [Times: user=0.00 sys=0.00, real=0.00 secs] 
2020-10-28T20:33:50.675+0800: 0.751: [GC pause (G1 Evacuation Pause) (mixed), 0.0041999 secs]
   [Parallel Time: 3.7 ms, GC Workers: 10]
      [GC Worker Start (ms): Min: 750.7, Avg: 750.7, Max: 750.8, Diff: 0.1]
      [Ext Root Scanning (ms): Min: 0.0, Avg: 0.1, Max: 0.1, Diff: 0.1, Sum: 0.7]
      [Update RS (ms): Min: 0.4, Avg: 0.4, Max: 0.4, Diff: 0.0, Sum: 4.0]
         [Processed Buffers: Min: 6, Avg: 6.5, Max: 8, Diff: 2, Sum: 65]
      [Scan RS (ms): Min: 0.0, Avg: 0.0, Max: 0.0, Diff: 0.0, Sum: 0.1]
      [Code Root Scanning (ms): Min: 0.0, Avg: 0.0, Max: 0.0, Diff: 0.0, Sum: 0.0]
      [Object Copy (ms): Min: 2.9, Avg: 2.9, Max: 3.0, Diff: 0.1, Sum: 29.4]
      [Termination (ms): Min: 0.0, Avg: 0.1, Max: 0.1, Diff: 0.1, Sum: 0.8]
         [Termination Attempts: Min: 1, Avg: 1.0, Max: 1, Diff: 0, Sum: 10]
      [GC Worker Other (ms): Min: 0.0, Avg: 0.0, Max: 0.0, Diff: 0.0, Sum: 0.1]
      [GC Worker Total (ms): Min: 3.5, Avg: 3.5, Max: 3.6, Diff: 0.1, Sum: 35.2]
      [GC Worker End (ms): Min: 754.3, Avg: 754.3, Max: 754.3, Diff: 0.0]
   [Code Root Fixup: 0.0 ms]
   [Code Root Purge: 0.0 ms]
   [Clear CT: 0.1 ms]
   [Other: 0.4 ms]
      [Choose CSet: 0.0 ms]
      [Ref Proc: 0.1 ms]
      [Ref Enq: 0.0 ms]
      [Redirty Cards: 0.1 ms]
      [Humongous Register: 0.1 ms]
      [Humongous Reclaim: 0.0 ms]
      [Free CSet: 0.0 ms]
   [Eden: 21.0M(21.0M)->0.0B(21.0M) Survivors: 4096.0K->4096.0K Heap: 407.3M(512.0M)->376.0M(512.0M)]
 [Times: user=0.00 sys=0.00, real=0.00 secs] 
2020-10-28T20:33:50.679+0800: 0.755: [GC pause (G1 Humongous Allocation) (young) (initial-mark), 0.0010032 secs]
   [Parallel Time: 0.5 ms, GC Workers: 10]
      [GC Worker Start (ms): Min: 755.4, Avg: 755.5, Max: 755.5, Diff: 0.1]
      [Ext Root Scanning (ms): Min: 0.0, Avg: 0.1, Max: 0.1, Diff: 0.1, Sum: 0.7]
      [Update RS (ms): Min: 0.0, Avg: 0.1, Max: 0.2, Diff: 0.2, Sum: 0.7]
         [Processed Buffers: Min: 1, Avg: 1.1, Max: 2, Diff: 1, Sum: 11]
      [Scan RS (ms): Min: 0.0, Avg: 0.0, Max: 0.0, Diff: 0.0, Sum: 0.0]
      [Code Root Scanning (ms): Min: 0.0, Avg: 0.0, Max: 0.0, Diff: 0.0, Sum: 0.0]
      [Object Copy (ms): Min: 0.1, Avg: 0.2, Max: 0.3, Diff: 0.2, Sum: 2.4]
      [Termination (ms): Min: 0.0, Avg: 0.0, Max: 0.1, Diff: 0.1, Sum: 0.3]
         [Termination Attempts: Min: 1, Avg: 1.0, Max: 1, Diff: 0, Sum: 10]
      [GC Worker Other (ms): Min: 0.0, Avg: 0.0, Max: 0.0, Diff: 0.0, Sum: 0.1]
      [GC Worker Total (ms): Min: 0.4, Avg: 0.4, Max: 0.4, Diff: 0.1, Sum: 4.1]
      [GC Worker End (ms): Min: 755.9, Avg: 755.9, Max: 755.9, Diff: 0.0]
   [Code Root Fixup: 0.0 ms]
   [Code Root Purge: 0.0 ms]
   [Clear CT: 0.1 ms]
   [Other: 0.4 ms]
      [Choose CSet: 0.0 ms]
      [Ref Proc: 0.1 ms]
      [Ref Enq: 0.0 ms]
      [Redirty Cards: 0.1 ms]
      [Humongous Register: 0.1 ms]
      [Humongous Reclaim: 0.0 ms]
      [Free CSet: 0.0 ms]
   [Eden: 3072.0K(21.0M)->0.0B(24.0M) Survivors: 4096.0K->1024.0K Heap: 378.6M(512.0M)->376.7M(512.0M)]
 [Times: user=0.00 sys=0.00, real=0.00 secs] 
2020-10-28T20:33:50.681+0800: 0.756: [GC concurrent-root-region-scan-start]
2020-10-28T20:33:50.681+0800: 0.756: [GC concurrent-root-region-scan-end, 0.0000833 secs]
2020-10-28T20:33:50.681+0800: 0.756: [GC concurrent-mark-start]
2020-10-28T20:33:50.682+0800: 0.758: [GC concurrent-mark-end, 0.0012453 secs]
2020-10-28T20:33:50.682+0800: 0.758: [GC remark 2020-10-28T20:33:50.682+0800: 0.758: [Finalize Marking, 0.0001629 secs] 2020-10-28T20:33:50.682+0800: 0.758: [GC ref-proc, 0.0002187 secs] 2020-10-28T20:33:50.682+0800: 0.758: [Unloading, 0.0003185 secs], 0.0010594 secs]
 [Times: user=0.00 sys=0.00, real=0.00 secs] 
2020-10-28T20:33:50.683+0800: 0.759: [GC cleanup 389M->389M(512M), 0.0005463 secs]
 [Times: user=0.00 sys=0.00, real=0.00 secs] 
2020-10-28T20:33:50.685+0800: 0.761: [GC pause (G1 Evacuation Pause) (young), 0.0017209 secs]
   [Parallel Time: 1.3 ms, GC Workers: 10]
      [GC Worker Start (ms): Min: 761.3, Avg: 761.3, Max: 761.4, Diff: 0.1]
      [Ext Root Scanning (ms): Min: 0.0, Avg: 0.1, Max: 0.1, Diff: 0.1, Sum: 0.7]
      [Update RS (ms): Min: 0.4, Avg: 0.4, Max: 0.5, Diff: 0.1, Sum: 4.4]
         [Processed Buffers: Min: 6, Avg: 6.9, Max: 8, Diff: 2, Sum: 69]
      [Scan RS (ms): Min: 0.0, Avg: 0.0, Max: 0.0, Diff: 0.0, Sum: 0.0]
      [Code Root Scanning (ms): Min: 0.0, Avg: 0.0, Max: 0.0, Diff: 0.0, Sum: 0.0]
      [Object Copy (ms): Min: 0.5, Avg: 0.6, Max: 0.6, Diff: 0.1, Sum: 5.6]
      [Termination (ms): Min: 0.0, Avg: 0.1, Max: 0.1, Diff: 0.1, Sum: 0.5]
         [Termination Attempts: Min: 1, Avg: 1.1, Max: 2, Diff: 1, Sum: 11]
      [GC Worker Other (ms): Min: 0.0, Avg: 0.0, Max: 0.0, Diff: 0.0, Sum: 0.1]
      [GC Worker Total (ms): Min: 1.1, Avg: 1.1, Max: 1.2, Diff: 0.1, Sum: 11.3]
      [GC Worker End (ms): Min: 762.5, Avg: 762.5, Max: 762.5, Diff: 0.0]
   [Code Root Fixup: 0.0 ms]
   [Code Root Purge: 0.0 ms]
   [Clear CT: 0.1 ms]
   [Other: 0.3 ms]
      [Choose CSet: 0.0 ms]
      [Ref Proc: 0.1 ms]
      [Ref Enq: 0.0 ms]
      [Redirty Cards: 0.1 ms]
      [Humongous Register: 0.1 ms]
      [Humongous Reclaim: 0.0 ms]
      [Free CSet: 0.0 ms]
   [Eden: 24.0M(24.0M)->0.0B(21.0M) Survivors: 1024.0K->4096.0K Heap: 408.0M(512.0M)->386.1M(512.0M)]
 [Times: user=0.00 sys=0.00, real=0.00 secs] 
2020-10-28T20:33:50.689+0800: 0.765: [GC pause (G1 Evacuation Pause) (mixed), 0.0042542 secs]
   [Parallel Time: 3.7 ms, GC Workers: 10]
      [GC Worker Start (ms): Min: 765.2, Avg: 765.3, Max: 765.3, Diff: 0.1]
      [Ext Root Scanning (ms): Min: 0.0, Avg: 0.1, Max: 0.1, Diff: 0.1, Sum: 0.7]
      [Update RS (ms): Min: 0.4, Avg: 0.4, Max: 0.4, Diff: 0.0, Sum: 4.1]
         [Processed Buffers: Min: 6, Avg: 6.7, Max: 9, Diff: 3, Sum: 67]
      [Scan RS (ms): Min: 0.0, Avg: 0.0, Max: 0.0, Diff: 0.0, Sum: 0.1]
      [Code Root Scanning (ms): Min: 0.0, Avg: 0.0, Max: 0.0, Diff: 0.0, Sum: 0.0]
      [Object Copy (ms): Min: 3.0, Avg: 3.1, Max: 3.1, Diff: 0.1, Sum: 30.6]
      [Termination (ms): Min: 0.0, Avg: 0.0, Max: 0.1, Diff: 0.1, Sum: 0.4]
         [Termination Attempts: Min: 1, Avg: 1.0, Max: 1, Diff: 0, Sum: 10]
      [GC Worker Other (ms): Min: 0.0, Avg: 0.0, Max: 0.0, Diff: 0.0, Sum: 0.1]
      [GC Worker Total (ms): Min: 3.6, Avg: 3.6, Max: 3.6, Diff: 0.1, Sum: 36.0]
      [GC Worker End (ms): Min: 768.9, Avg: 768.9, Max: 768.9, Diff: 0.0]
   [Code Root Fixup: 0.0 ms]
   [Code Root Purge: 0.0 ms]
   [Clear CT: 0.1 ms]
   [Other: 0.4 ms]
      [Choose CSet: 0.0 ms]
      [Ref Proc: 0.1 ms]
      [Ref Enq: 0.0 ms]
      [Redirty Cards: 0.1 ms]
      [Humongous Register: 0.1 ms]
      [Humongous Reclaim: 0.0 ms]
      [Free CSet: 0.0 ms]
   [Eden: 21.0M(21.0M)->0.0B(21.0M) Survivors: 4096.0K->4096.0K Heap: 414.0M(512.0M)->377.5M(512.0M)]
 [Times: user=0.00 sys=0.00, real=0.01 secs] 
2020-10-28T20:33:50.694+0800: 0.770: [GC pause (G1 Humongous Allocation) (young) (initial-mark), 0.0010290 secs]
   [Parallel Time: 0.6 ms, GC Workers: 10]
      [GC Worker Start (ms): Min: 769.9, Avg: 769.9, Max: 770.0, Diff: 0.1]
      [Ext Root Scanning (ms): Min: 0.0, Avg: 0.1, Max: 0.1, Diff: 0.1, Sum: 0.7]
      [Update RS (ms): Min: 0.0, Avg: 0.1, Max: 0.1, Diff: 0.1, Sum: 0.6]
         [Processed Buffers: Min: 1, Avg: 1.1, Max: 2, Diff: 1, Sum: 11]
      [Scan RS (ms): Min: 0.0, Avg: 0.0, Max: 0.0, Diff: 0.0, Sum: 0.0]
      [Code Root Scanning (ms): Min: 0.0, Avg: 0.0, Max: 0.0, Diff: 0.0, Sum: 0.0]
      [Object Copy (ms): Min: 0.2, Avg: 0.3, Max: 0.3, Diff: 0.1, Sum: 2.6]
      [Termination (ms): Min: 0.0, Avg: 0.0, Max: 0.1, Diff: 0.1, Sum: 0.4]
         [Termination Attempts: Min: 1, Avg: 1.0, Max: 1, Diff: 0, Sum: 10]
      [GC Worker Other (ms): Min: 0.0, Avg: 0.0, Max: 0.0, Diff: 0.0, Sum: 0.1]
      [GC Worker Total (ms): Min: 0.4, Avg: 0.4, Max: 0.5, Diff: 0.1, Sum: 4.4]
      [GC Worker End (ms): Min: 770.4, Avg: 770.4, Max: 770.4, Diff: 0.0]
   [Code Root Fixup: 0.0 ms]
   [Code Root Purge: 0.0 ms]
   [Clear CT: 0.1 ms]
   [Other: 0.4 ms]
      [Choose CSet: 0.0 ms]
      [Ref Proc: 0.1 ms]
      [Ref Enq: 0.0 ms]
      [Redirty Cards: 0.1 ms]
      [Humongous Register: 0.1 ms]
      [Humongous Reclaim: 0.0 ms]
      [Free CSet: 0.0 ms]
   [Eden: 4096.0K(21.0M)->0.0B(23.0M) Survivors: 4096.0K->2048.0K Heap: 380.8M(512.0M)->378.1M(512.0M)]
 [Times: user=0.00 sys=0.00, real=0.00 secs] 
2020-10-28T20:33:50.695+0800: 0.771: [GC concurrent-root-region-scan-start]
2020-10-28T20:33:50.695+0800: 0.771: [GC concurrent-root-region-scan-end, 0.0000741 secs]
2020-10-28T20:33:50.695+0800: 0.771: [GC concurrent-mark-start]
2020-10-28T20:33:50.696+0800: 0.772: [GC concurrent-mark-end, 0.0011240 secs]
2020-10-28T20:33:50.696+0800: 0.772: [GC remark 2020-10-28T20:33:50.696+0800: 0.772: [Finalize Marking, 0.0001702 secs] 2020-10-28T20:33:50.697+0800: 0.772: [GC ref-proc, 0.0002174 secs] 2020-10-28T20:33:50.697+0800: 0.773: [Unloading, 0.0002906 secs], 0.0010427 secs]
 [Times: user=0.00 sys=0.00, real=0.00 secs] 
2020-10-28T20:33:50.698+0800: 0.773: [GC cleanup 388M->388M(512M), 0.0004337 secs]
 [Times: user=0.00 sys=0.00, real=0.00 secs] 
2020-10-28T20:33:50.700+0800: 0.775: [GC pause (G1 Evacuation Pause) (young), 0.0016962 secs]
   [Parallel Time: 1.2 ms, GC Workers: 10]
      [GC Worker Start (ms): Min: 775.5, Avg: 775.6, Max: 775.6, Diff: 0.1]
      [Ext Root Scanning (ms): Min: 0.0, Avg: 0.1, Max: 0.1, Diff: 0.1, Sum: 0.7]
      [Update RS (ms): Min: 0.2, Avg: 0.3, Max: 0.3, Diff: 0.0, Sum: 2.6]
         [Processed Buffers: Min: 4, Avg: 4.3, Max: 6, Diff: 2, Sum: 43]
      [Scan RS (ms): Min: 0.0, Avg: 0.0, Max: 0.0, Diff: 0.0, Sum: 0.0]
      [Code Root Scanning (ms): Min: 0.0, Avg: 0.0, Max: 0.0, Diff: 0.0, Sum: 0.0]
      [Object Copy (ms): Min: 0.6, Avg: 0.6, Max: 0.7, Diff: 0.1, Sum: 6.4]
      [Termination (ms): Min: 0.0, Avg: 0.1, Max: 0.1, Diff: 0.1, Sum: 0.5]
         [Termination Attempts: Min: 1, Avg: 1.0, Max: 1, Diff: 0, Sum: 10]
      [GC Worker Other (ms): Min: 0.0, Avg: 0.0, Max: 0.0, Diff: 0.0, Sum: 0.1]
      [GC Worker Total (ms): Min: 1.0, Avg: 1.0, Max: 1.1, Diff: 0.1, Sum: 10.4]
      [GC Worker End (ms): Min: 776.6, Avg: 776.6, Max: 776.6, Diff: 0.0]
   [Code Root Fixup: 0.0 ms]
   [Code Root Purge: 0.0 ms]
   [Clear CT: 0.1 ms]
   [Other: 0.4 ms]
      [Choose CSet: 0.0 ms]
      [Ref Proc: 0.1 ms]
      [Ref Enq: 0.0 ms]
      [Redirty Cards: 0.1 ms]
      [Humongous Register: 0.1 ms]
      [Humongous Reclaim: 0.0 ms]
      [Free CSet: 0.0 ms]
   [Eden: 23.0M(23.0M)->0.0B(21.0M) Survivors: 2048.0K->4096.0K Heap: 405.3M(512.0M)->383.5M(512.0M)]
 [Times: user=0.00 sys=0.00, real=0.00 secs] 
2020-10-28T20:33:50.704+0800: 0.779: [GC pause (G1 Evacuation Pause) (mixed), 0.0036134 secs]
   [Parallel Time: 3.1 ms, GC Workers: 10]
      [GC Worker Start (ms): Min: 779.6, Avg: 779.7, Max: 779.7, Diff: 0.1]
      [Ext Root Scanning (ms): Min: 0.0, Avg: 0.1, Max: 0.1, Diff: 0.1, Sum: 0.7]
      [Update RS (ms): Min: 0.2, Avg: 0.2, Max: 0.2, Diff: 0.1, Sum: 2.0]
         [Processed Buffers: Min: 3, Avg: 3.5, Max: 4, Diff: 1, Sum: 35]
      [Scan RS (ms): Min: 0.0, Avg: 0.0, Max: 0.0, Diff: 0.0, Sum: 0.2]
      [Code Root Scanning (ms): Min: 0.0, Avg: 0.0, Max: 0.0, Diff: 0.0, Sum: 0.0]
      [Object Copy (ms): Min: 2.6, Avg: 2.7, Max: 2.7, Diff: 0.1, Sum: 26.8]
      [Termination (ms): Min: 0.0, Avg: 0.0, Max: 0.1, Diff: 0.1, Sum: 0.5]
         [Termination Attempts: Min: 1, Avg: 1.0, Max: 1, Diff: 0, Sum: 10]
      [GC Worker Other (ms): Min: 0.0, Avg: 0.0, Max: 0.0, Diff: 0.0, Sum: 0.2]
      [GC Worker Total (ms): Min: 3.0, Avg: 3.0, Max: 3.1, Diff: 0.1, Sum: 30.3]
      [GC Worker End (ms): Min: 782.7, Avg: 782.7, Max: 782.7, Diff: 0.0]
   [Code Root Fixup: 0.0 ms]
   [Code Root Purge: 0.0 ms]
   [Clear CT: 0.1 ms]
   [Other: 0.4 ms]
      [Choose CSet: 0.0 ms]
      [Ref Proc: 0.1 ms]
      [Ref Enq: 0.0 ms]
      [Redirty Cards: 0.1 ms]
      [Humongous Register: 0.1 ms]
      [Humongous Reclaim: 0.0 ms]
      [Free CSet: 0.0 ms]
   [Eden: 21.0M(21.0M)->0.0B(23.0M) Survivors: 4096.0K->4096.0K Heap: 407.6M(512.0M)->371.9M(512.0M)]
 [Times: user=0.00 sys=0.00, real=0.00 secs] 
2020-10-28T20:33:50.708+0800: 0.784: [GC pause (G1 Humongous Allocation) (young) (initial-mark), 0.0012263 secs]
   [Parallel Time: 0.7 ms, GC Workers: 10]
      [GC Worker Start (ms): Min: 783.7, Avg: 783.7, Max: 783.8, Diff: 0.1]
      [Ext Root Scanning (ms): Min: 0.0, Avg: 0.1, Max: 0.1, Diff: 0.1, Sum: 0.7]
      [Update RS (ms): Min: 0.0, Avg: 0.1, Max: 0.1, Diff: 0.1, Sum: 0.7]
         [Processed Buffers: Min: 1, Avg: 1.1, Max: 2, Diff: 1, Sum: 11]
      [Scan RS (ms): Min: 0.0, Avg: 0.0, Max: 0.0, Diff: 0.0, Sum: 0.0]
      [Code Root Scanning (ms): Min: 0.0, Avg: 0.0, Max: 0.0, Diff: 0.0, Sum: 0.0]
      [Object Copy (ms): Min: 0.2, Avg: 0.3, Max: 0.4, Diff: 0.2, Sum: 3.3]
      [Termination (ms): Min: 0.0, Avg: 0.0, Max: 0.1, Diff: 0.1, Sum: 0.4]
         [Termination Attempts: Min: 1, Avg: 1.1, Max: 2, Diff: 1, Sum: 11]
      [GC Worker Other (ms): Min: 0.0, Avg: 0.0, Max: 0.0, Diff: 0.0, Sum: 0.1]
      [GC Worker Total (ms): Min: 0.5, Avg: 0.5, Max: 0.5, Diff: 0.1, Sum: 5.1]
      [GC Worker End (ms): Min: 784.2, Avg: 784.2, Max: 784.2, Diff: 0.0]
   [Code Root Fixup: 0.0 ms]
   [Code Root Purge: 0.0 ms]
   [Clear CT: 0.1 ms]
   [Other: 0.4 ms]
      [Choose CSet: 0.0 ms]
      [Ref Proc: 0.2 ms]
      [Ref Enq: 0.0 ms]
      [Redirty Cards: 0.1 ms]
      [Humongous Register: 0.1 ms]
      [Humongous Reclaim: 0.0 ms]
      [Free CSet: 0.0 ms]
   [Eden: 3072.0K(23.0M)->0.0B(24.0M) Survivors: 4096.0K->1024.0K Heap: 374.6M(512.0M)->372.3M(512.0M)]
 [Times: user=0.00 sys=0.00, real=0.00 secs] 
2020-10-28T20:33:50.709+0800: 0.785: [GC concurrent-root-region-scan-start]
2020-10-28T20:33:50.709+0800: 0.785: [GC concurrent-root-region-scan-end, 0.0000791 secs]
2020-10-28T20:33:50.709+0800: 0.785: [GC concurrent-mark-start]
2020-10-28T20:33:50.710+0800: 0.786: [GC concurrent-mark-end, 0.0011710 secs]
2020-10-28T20:33:50.711+0800: 0.786: [GC remark 2020-10-28T20:33:50.711+0800: 0.786: [Finalize Marking, 0.0001448 secs] 2020-10-28T20:33:50.711+0800: 0.787: [GC ref-proc, 0.0002294 secs] 2020-10-28T20:33:50.711+0800: 0.787: [Unloading, 0.0003327 secs], 0.0012019 secs]
 [Times: user=0.00 sys=0.00, real=0.00 secs] 
2020-10-28T20:33:50.712+0800: 0.788: [GC cleanup 384M->384M(512M), 0.0005879 secs]
 [Times: user=0.00 sys=0.00, real=0.00 secs] 
2020-10-28T20:33:50.714+0800: 0.790: [GC pause (G1 Evacuation Pause) (young), 0.0019533 secs]
   [Parallel Time: 1.4 ms, GC Workers: 10]
      [GC Worker Start (ms): Min: 790.1, Avg: 790.2, Max: 790.2, Diff: 0.1]
      [Ext Root Scanning (ms): Min: 0.0, Avg: 0.1, Max: 0.1, Diff: 0.1, Sum: 0.8]
      [Update RS (ms): Min: 0.5, Avg: 0.5, Max: 0.5, Diff: 0.0, Sum: 5.2]
         [Processed Buffers: Min: 7, Avg: 7.7, Max: 10, Diff: 3, Sum: 77]
      [Scan RS (ms): Min: 0.0, Avg: 0.0, Max: 0.0, Diff: 0.0, Sum: 0.0]
      [Code Root Scanning (ms): Min: 0.0, Avg: 0.0, Max: 0.0, Diff: 0.0, Sum: 0.0]
      [Object Copy (ms): Min: 0.7, Avg: 0.7, Max: 0.8, Diff: 0.1, Sum: 7.1]
      [Termination (ms): Min: 0.0, Avg: 0.0, Max: 0.1, Diff: 0.1, Sum: 0.4]
         [Termination Attempts: Min: 1, Avg: 1.0, Max: 1, Diff: 0, Sum: 10]
      [GC Worker Other (ms): Min: 0.0, Avg: 0.0, Max: 0.0, Diff: 0.0, Sum: 0.1]
      [GC Worker Total (ms): Min: 1.3, Avg: 1.4, Max: 1.4, Diff: 0.1, Sum: 13.6]
      [GC Worker End (ms): Min: 791.5, Avg: 791.5, Max: 791.5, Diff: 0.0]
   [Code Root Fixup: 0.0 ms]
   [Code Root Purge: 0.0 ms]
   [Clear CT: 0.1 ms]
   [Other: 0.4 ms]
      [Choose CSet: 0.0 ms]
      [Ref Proc: 0.2 ms]
      [Ref Enq: 0.0 ms]
      [Redirty Cards: 0.1 ms]
      [Humongous Register: 0.1 ms]
      [Humongous Reclaim: 0.0 ms]
      [Free CSet: 0.0 ms]
   [Eden: 24.0M(24.0M)->0.0B(21.0M) Survivors: 1024.0K->4096.0K Heap: 404.7M(512.0M)->381.8M(512.0M)]
 [Times: user=0.00 sys=0.00, real=0.00 secs] 
2020-10-28T20:33:50.719+0800: 0.795: [GC pause (G1 Evacuation Pause) (mixed), 0.0037637 secs]
   [Parallel Time: 3.2 ms, GC Workers: 10]
      [GC Worker Start (ms): Min: 794.9, Avg: 795.0, Max: 795.0, Diff: 0.1]
      [Ext Root Scanning (ms): Min: 0.0, Avg: 0.1, Max: 0.1, Diff: 0.1, Sum: 0.7]
      [Update RS (ms): Min: 0.3, Avg: 0.3, Max: 0.3, Diff: 0.1, Sum: 3.0]
         [Processed Buffers: Min: 4, Avg: 4.8, Max: 5, Diff: 1, Sum: 48]
      [Scan RS (ms): Min: 0.0, Avg: 0.0, Max: 0.1, Diff: 0.1, Sum: 0.2]
      [Code Root Scanning (ms): Min: 0.0, Avg: 0.0, Max: 0.0, Diff: 0.0, Sum: 0.0]
      [Object Copy (ms): Min: 2.7, Avg: 2.7, Max: 2.7, Diff: 0.1, Sum: 27.1]
      [Termination (ms): Min: 0.0, Avg: 0.0, Max: 0.1, Diff: 0.1, Sum: 0.3]
         [Termination Attempts: Min: 1, Avg: 1.0, Max: 1, Diff: 0, Sum: 10]
      [GC Worker Other (ms): Min: 0.0, Avg: 0.0, Max: 0.0, Diff: 0.0, Sum: 0.1]
      [GC Worker Total (ms): Min: 3.1, Avg: 3.1, Max: 3.2, Diff: 0.1, Sum: 31.4]
      [GC Worker End (ms): Min: 798.1, Avg: 798.1, Max: 798.1, Diff: 0.0]
   [Code Root Fixup: 0.0 ms]
   [Code Root Purge: 0.0 ms]
   [Clear CT: 0.1 ms]
   [Other: 0.4 ms]
      [Choose CSet: 0.0 ms]
      [Ref Proc: 0.1 ms]
      [Ref Enq: 0.0 ms]
      [Redirty Cards: 0.1 ms]
      [Humongous Register: 0.1 ms]
      [Humongous Reclaim: 0.0 ms]
      [Free CSet: 0.0 ms]
   [Eden: 21.0M(21.0M)->0.0B(21.0M) Survivors: 4096.0K->4096.0K Heap: 407.5M(512.0M)->377.9M(512.0M)]
 [Times: user=0.00 sys=0.00, real=0.00 secs] 
2020-10-28T20:33:50.723+0800: 0.799: [GC pause (G1 Humongous Allocation) (young) (initial-mark), 0.0010525 secs]
   [Parallel Time: 0.6 ms, GC Workers: 10]
      [GC Worker Start (ms): Min: 798.9, Avg: 799.0, Max: 799.0, Diff: 0.1]
      [Ext Root Scanning (ms): Min: 0.0, Avg: 0.1, Max: 0.1, Diff: 0.1, Sum: 0.7]
      [Update RS (ms): Min: 0.0, Avg: 0.1, Max: 0.2, Diff: 0.1, Sum: 0.7]
         [Processed Buffers: Min: 1, Avg: 1.1, Max: 2, Diff: 1, Sum: 11]
      [Scan RS (ms): Min: 0.0, Avg: 0.0, Max: 0.0, Diff: 0.0, Sum: 0.0]
      [Code Root Scanning (ms): Min: 0.0, Avg: 0.0, Max: 0.0, Diff: 0.0, Sum: 0.0]
      [Object Copy (ms): Min: 0.2, Avg: 0.3, Max: 0.4, Diff: 0.2, Sum: 2.8]
      [Termination (ms): Min: 0.0, Avg: 0.1, Max: 0.1, Diff: 0.1, Sum: 0.6]
         [Termination Attempts: Min: 1, Avg: 1.0, Max: 1, Diff: 0, Sum: 10]
      [GC Worker Other (ms): Min: 0.0, Avg: 0.0, Max: 0.0, Diff: 0.0, Sum: 0.1]
      [GC Worker Total (ms): Min: 0.5, Avg: 0.5, Max: 0.5, Diff: 0.1, Sum: 4.9]
      [GC Worker End (ms): Min: 799.5, Avg: 799.5, Max: 799.5, Diff: 0.0]
   [Code Root Fixup: 0.0 ms]
   [Code Root Purge: 0.0 ms]
   [Clear CT: 0.1 ms]
   [Other: 0.3 ms]
      [Choose CSet: 0.0 ms]
      [Ref Proc: 0.1 ms]
      [Ref Enq: 0.0 ms]
      [Redirty Cards: 0.1 ms]
      [Humongous Register: 0.1 ms]
      [Humongous Reclaim: 0.0 ms]
      [Free CSet: 0.0 ms]
   [Eden: 2048.0K(21.0M)->0.0B(24.0M) Survivors: 4096.0K->1024.0K Heap: 379.3M(512.0M)->377.3M(512.0M)]
 [Times: user=0.00 sys=0.00, real=0.00 secs] 
2020-10-28T20:33:50.724+0800: 0.800: [GC concurrent-root-region-scan-start]
2020-10-28T20:33:50.724+0800: 0.800: [GC concurrent-root-region-scan-end, 0.0000813 secs]
2020-10-28T20:33:50.724+0800: 0.800: [GC concurrent-mark-start]
2020-10-28T20:33:50.726+0800: 0.801: [GC concurrent-mark-end, 0.0013206 secs]
2020-10-28T20:33:50.726+0800: 0.801: [GC remark 2020-10-28T20:33:50.726+0800: 0.802: [Finalize Marking, 0.0001430 secs] 2020-10-28T20:33:50.726+0800: 0.802: [GC ref-proc, 0.0002286 secs] 2020-10-28T20:33:50.726+0800: 0.802: [Unloading, 0.0003717 secs], 0.0011905 secs]
 [Times: user=0.00 sys=0.00, real=0.00 secs] 
2020-10-28T20:33:50.727+0800: 0.803: [GC cleanup 393M->393M(512M), 0.0005469 secs]
 [Times: user=0.00 sys=0.00, real=0.00 secs] 
2020-10-28T20:33:50.729+0800: 0.805: [GC pause (G1 Evacuation Pause) (young), 0.0016817 secs]
   [Parallel Time: 1.2 ms, GC Workers: 10]
      [GC Worker Start (ms): Min: 804.9, Avg: 804.9, Max: 805.0, Diff: 0.1]
      [Ext Root Scanning (ms): Min: 0.0, Avg: 0.1, Max: 0.1, Diff: 0.1, Sum: 0.7]
      [Update RS (ms): Min: 0.4, Avg: 0.4, Max: 0.5, Diff: 0.1, Sum: 4.3]
         [Processed Buffers: Min: 5, Avg: 6.7, Max: 8, Diff: 3, Sum: 67]
      [Scan RS (ms): Min: 0.0, Avg: 0.0, Max: 0.0, Diff: 0.0, Sum: 0.0]
      [Code Root Scanning (ms): Min: 0.0, Avg: 0.0, Max: 0.0, Diff: 0.0, Sum: 0.0]
      [Object Copy (ms): Min: 0.4, Avg: 0.5, Max: 0.5, Diff: 0.1, Sum: 4.8]
      [Termination (ms): Min: 0.0, Avg: 0.0, Max: 0.1, Diff: 0.1, Sum: 0.4]
         [Termination Attempts: Min: 1, Avg: 1.0, Max: 1, Diff: 0, Sum: 10]
      [GC Worker Other (ms): Min: 0.0, Avg: 0.0, Max: 0.0, Diff: 0.0, Sum: 0.1]
      [GC Worker Total (ms): Min: 1.0, Avg: 1.0, Max: 1.1, Diff: 0.1, Sum: 10.3]
      [GC Worker End (ms): Min: 806.0, Avg: 806.0, Max: 806.0, Diff: 0.0]
   [Code Root Fixup: 0.0 ms]
   [Code Root Purge: 0.0 ms]
   [Clear CT: 0.1 ms]
   [Other: 0.4 ms]
      [Choose CSet: 0.0 ms]
      [Ref Proc: 0.1 ms]
      [Ref Enq: 0.0 ms]
      [Redirty Cards: 0.1 ms]
      [Humongous Register: 0.1 ms]
      [Humongous Reclaim: 0.0 ms]
      [Free CSet: 0.0 ms]
   [Eden: 24.0M(24.0M)->0.0B(21.0M) Survivors: 1024.0K->4096.0K Heap: 408.3M(512.0M)->382.0M(512.0M)]
 [Times: user=0.00 sys=0.00, real=0.00 secs] 
2020-10-28T20:33:50.734+0800: 0.810: [GC pause (G1 Evacuation Pause) (mixed), 0.0033855 secs]
   [Parallel Time: 2.9 ms, GC Workers: 10]
      [GC Worker Start (ms): Min: 809.7, Avg: 809.8, Max: 809.8, Diff: 0.1]
      [Ext Root Scanning (ms): Min: 0.0, Avg: 0.1, Max: 0.1, Diff: 0.1, Sum: 0.7]
      [Update RS (ms): Min: 0.3, Avg: 0.3, Max: 0.3, Diff: 0.0, Sum: 2.7]
         [Processed Buffers: Min: 4, Avg: 4.4, Max: 6, Diff: 2, Sum: 44]
      [Scan RS (ms): Min: 0.0, Avg: 0.0, Max: 0.1, Diff: 0.1, Sum: 0.3]
      [Code Root Scanning (ms): Min: 0.0, Avg: 0.0, Max: 0.0, Diff: 0.0, Sum: 0.0]
      [Object Copy (ms): Min: 2.3, Avg: 2.3, Max: 2.4, Diff: 0.1, Sum: 23.4]
      [Termination (ms): Min: 0.0, Avg: 0.0, Max: 0.1, Diff: 0.1, Sum: 0.5]
         [Termination Attempts: Min: 1, Avg: 1.0, Max: 1, Diff: 0, Sum: 10]
      [GC Worker Other (ms): Min: 0.0, Avg: 0.0, Max: 0.0, Diff: 0.0, Sum: 0.1]
      [GC Worker Total (ms): Min: 2.7, Avg: 2.8, Max: 2.8, Diff: 0.1, Sum: 27.7]
      [GC Worker End (ms): Min: 812.5, Avg: 812.5, Max: 812.5, Diff: 0.0]
   [Code Root Fixup: 0.0 ms]
   [Code Root Purge: 0.0 ms]
   [Clear CT: 0.1 ms]
   [Other: 0.4 ms]
      [Choose CSet: 0.0 ms]
      [Ref Proc: 0.1 ms]
      [Ref Enq: 0.0 ms]
      [Redirty Cards: 0.1 ms]
      [Humongous Register: 0.1 ms]
      [Humongous Reclaim: 0.0 ms]
      [Free CSet: 0.0 ms]
   [Eden: 21.0M(21.0M)->0.0B(21.0M) Survivors: 4096.0K->4096.0K Heap: 407.2M(512.0M)->376.8M(512.0M)]
 [Times: user=0.00 sys=0.00, real=0.00 secs] 
2020-10-28T20:33:50.738+0800: 0.814: [GC pause (G1 Humongous Allocation) (young) (initial-mark), 0.0011744 secs]
   [Parallel Time: 0.7 ms, GC Workers: 10]
      [GC Worker Start (ms): Min: 813.7, Avg: 813.8, Max: 813.8, Diff: 0.1]
      [Ext Root Scanning (ms): Min: 0.0, Avg: 0.1, Max: 0.1, Diff: 0.1, Sum: 0.7]
      [Update RS (ms): Min: 0.0, Avg: 0.1, Max: 0.2, Diff: 0.2, Sum: 1.0]
         [Processed Buffers: Min: 1, Avg: 1.1, Max: 2, Diff: 1, Sum: 11]
      [Scan RS (ms): Min: 0.0, Avg: 0.0, Max: 0.0, Diff: 0.0, Sum: 0.0]
      [Code Root Scanning (ms): Min: 0.0, Avg: 0.0, Max: 0.0, Diff: 0.0, Sum: 0.0]
      [Object Copy (ms): Min: 0.2, Avg: 0.3, Max: 0.4, Diff: 0.2, Sum: 3.1]
      [Termination (ms): Min: 0.0, Avg: 0.1, Max: 0.2, Diff: 0.2, Sum: 1.0]
         [Termination Attempts: Min: 1, Avg: 1.1, Max: 2, Diff: 1, Sum: 11]
      [GC Worker Other (ms): Min: 0.0, Avg: 0.0, Max: 0.0, Diff: 0.0, Sum: 0.1]
      [GC Worker Total (ms): Min: 0.5, Avg: 0.6, Max: 0.6, Diff: 0.1, Sum: 5.8]
      [GC Worker End (ms): Min: 814.3, Avg: 814.3, Max: 814.3, Diff: 0.0]
   [Code Root Fixup: 0.0 ms]
   [Code Root Purge: 0.0 ms]
   [Clear CT: 0.1 ms]
   [Other: 0.4 ms]
      [Choose CSet: 0.0 ms]
      [Ref Proc: 0.2 ms]
      [Ref Enq: 0.0 ms]
      [Redirty Cards: 0.1 ms]
      [Humongous Register: 0.1 ms]
      [Humongous Reclaim: 0.0 ms]
      [Free CSet: 0.0 ms]
   [Eden: 5120.0K(21.0M)->0.0B(23.0M) Survivors: 4096.0K->2048.0K Heap: 381.4M(512.0M)->378.1M(512.0M)]
 [Times: user=0.00 sys=0.00, real=0.00 secs] 
2020-10-28T20:33:50.739+0800: 0.815: [GC concurrent-root-region-scan-start]
2020-10-28T20:33:50.739+0800: 0.815: [GC concurrent-root-region-scan-end, 0.0000752 secs]
2020-10-28T20:33:50.739+0800: 0.815: [GC concurrent-mark-start]
2020-10-28T20:33:50.741+0800: 0.816: [GC concurrent-mark-end, 0.0012259 secs]
2020-10-28T20:33:50.741+0800: 0.816: [GC remark 2020-10-28T20:33:50.741+0800: 0.816: [Finalize Marking, 0.0001521 secs] 2020-10-28T20:33:50.741+0800: 0.816: [GC ref-proc, 0.0002289 secs] 2020-10-28T20:33:50.741+0800: 0.817: [Unloading, 0.0003188 secs], 0.0011730 secs]
 [Times: user=0.00 sys=0.00, real=0.00 secs] 
2020-10-28T20:33:50.742+0800: 0.818: [GC cleanup 388M->388M(512M), 0.0005491 secs]
 [Times: user=0.00 sys=0.00, real=0.00 secs] 
2020-10-28T20:33:50.744+0800: 0.820: [GC pause (G1 Evacuation Pause) (young), 0.0015626 secs]
   [Parallel Time: 1.0 ms, GC Workers: 10]
      [GC Worker Start (ms): Min: 820.2, Avg: 820.3, Max: 820.3, Diff: 0.1]
      [Ext Root Scanning (ms): Min: 0.0, Avg: 0.1, Max: 0.1, Diff: 0.1, Sum: 0.7]
      [Update RS (ms): Min: 0.2, Avg: 0.2, Max: 0.3, Diff: 0.1, Sum: 2.4]
         [Processed Buffers: Min: 3, Avg: 3.7, Max: 4, Diff: 1, Sum: 37]
      [Scan RS (ms): Min: 0.0, Avg: 0.0, Max: 0.0, Diff: 0.0, Sum: 0.0]
      [Code Root Scanning (ms): Min: 0.0, Avg: 0.0, Max: 0.0, Diff: 0.0, Sum: 0.0]
      [Object Copy (ms): Min: 0.5, Avg: 0.6, Max: 0.7, Diff: 0.1, Sum: 5.9]
      [Termination (ms): Min: 0.0, Avg: 0.1, Max: 0.1, Diff: 0.1, Sum: 0.5]
         [Termination Attempts: Min: 1, Avg: 1.0, Max: 1, Diff: 0, Sum: 10]
      [GC Worker Other (ms): Min: 0.0, Avg: 0.0, Max: 0.0, Diff: 0.0, Sum: 0.1]
      [GC Worker Total (ms): Min: 0.9, Avg: 1.0, Max: 1.0, Diff: 0.1, Sum: 9.6]
      [GC Worker End (ms): Min: 821.2, Avg: 821.2, Max: 821.2, Diff: 0.0]
   [Code Root Fixup: 0.0 ms]
   [Code Root Purge: 0.0 ms]
   [Clear CT: 0.1 ms]
   [Other: 0.4 ms]
      [Choose CSet: 0.0 ms]
      [Ref Proc: 0.1 ms]
      [Ref Enq: 0.0 ms]
      [Redirty Cards: 0.1 ms]
      [Humongous Register: 0.1 ms]
      [Humongous Reclaim: 0.0 ms]
      [Free CSet: 0.0 ms]
   [Eden: 23.0M(23.0M)->0.0B(21.0M) Survivors: 2048.0K->4096.0K Heap: 404.3M(512.0M)->384.5M(512.0M)]
 [Times: user=0.02 sys=0.00, real=0.00 secs] 
2020-10-28T20:33:50.748+0800: 0.824: [GC pause (G1 Evacuation Pause) (mixed), 0.0042522 secs]
   [Parallel Time: 3.4 ms, GC Workers: 10]
      [GC Worker Start (ms): Min: 824.2, Avg: 824.2, Max: 824.3, Diff: 0.1]
      [Ext Root Scanning (ms): Min: 0.0, Avg: 0.1, Max: 0.1, Diff: 0.1, Sum: 0.7]
      [Update RS (ms): Min: 0.3, Avg: 0.3, Max: 0.4, Diff: 0.0, Sum: 3.3]
         [Processed Buffers: Min: 4, Avg: 5.3, Max: 7, Diff: 3, Sum: 53]
      [Scan RS (ms): Min: 0.0, Avg: 0.0, Max: 0.0, Diff: 0.0, Sum: 0.2]
      [Code Root Scanning (ms): Min: 0.0, Avg: 0.0, Max: 0.0, Diff: 0.0, Sum: 0.0]
      [Object Copy (ms): Min: 2.8, Avg: 2.8, Max: 2.9, Diff: 0.1, Sum: 28.3]
      [Termination (ms): Min: 0.0, Avg: 0.1, Max: 0.1, Diff: 0.1, Sum: 0.7]
         [Termination Attempts: Min: 1, Avg: 1.0, Max: 1, Diff: 0, Sum: 10]
      [GC Worker Other (ms): Min: 0.0, Avg: 0.0, Max: 0.0, Diff: 0.0, Sum: 0.1]
      [GC Worker Total (ms): Min: 3.3, Avg: 3.3, Max: 3.4, Diff: 0.1, Sum: 33.3]
      [GC Worker End (ms): Min: 827.6, Avg: 827.6, Max: 827.6, Diff: 0.0]
   [Code Root Fixup: 0.0 ms]
   [Code Root Purge: 0.0 ms]
   [Clear CT: 0.1 ms]
   [Other: 0.7 ms]
      [Choose CSet: 0.0 ms]
      [Ref Proc: 0.1 ms]
      [Ref Enq: 0.0 ms]
      [Redirty Cards: 0.2 ms]
      [Humongous Register: 0.1 ms]
      [Humongous Reclaim: 0.1 ms]
      [Free CSet: 0.2 ms]
   [Eden: 21.0M(21.0M)->0.0B(21.0M) Survivors: 4096.0K->4096.0K Heap: 410.8M(512.0M)->380.5M(512.0M)]
 [Times: user=0.00 sys=0.00, real=0.01 secs] 
2020-10-28T20:33:50.754+0800: 0.829: [GC pause (G1 Humongous Allocation) (young) (initial-mark), 0.0009957 secs]
   [Parallel Time: 0.5 ms, GC Workers: 10]
      [GC Worker Start (ms): Min: 829.3, Avg: 829.3, Max: 829.4, Diff: 0.1]
      [Ext Root Scanning (ms): Min: 0.0, Avg: 0.1, Max: 0.1, Diff: 0.1, Sum: 0.7]
      [Update RS (ms): Min: 0.0, Avg: 0.1, Max: 0.1, Diff: 0.1, Sum: 0.6]
         [Processed Buffers: Min: 1, Avg: 1.1, Max: 2, Diff: 1, Sum: 11]
      [Scan RS (ms): Min: 0.0, Avg: 0.0, Max: 0.0, Diff: 0.0, Sum: 0.0]
      [Code Root Scanning (ms): Min: 0.0, Avg: 0.0, Max: 0.0, Diff: 0.0, Sum: 0.0]
      [Object Copy (ms): Min: 0.1, Avg: 0.2, Max: 0.3, Diff: 0.2, Sum: 2.3]
      [Termination (ms): Min: 0.0, Avg: 0.1, Max: 0.1, Diff: 0.1, Sum: 0.5]
         [Termination Attempts: Min: 1, Avg: 1.1, Max: 2, Diff: 1, Sum: 11]
      [GC Worker Other (ms): Min: 0.0, Avg: 0.0, Max: 0.0, Diff: 0.0, Sum: 0.1]
      [GC Worker Total (ms): Min: 0.4, Avg: 0.4, Max: 0.5, Diff: 0.1, Sum: 4.3]
      [GC Worker End (ms): Min: 829.8, Avg: 829.8, Max: 829.8, Diff: 0.0]
   [Code Root Fixup: 0.0 ms]
   [Code Root Purge: 0.0 ms]
   [Clear CT: 0.1 ms]
   [Other: 0.3 ms]
      [Choose CSet: 0.0 ms]
      [Ref Proc: 0.1 ms]
      [Ref Enq: 0.0 ms]
      [Redirty Cards: 0.1 ms]
      [Humongous Register: 0.1 ms]
      [Humongous Reclaim: 0.0 ms]
      [Free CSet: 0.0 ms]
   [Eden: 3072.0K(21.0M)->0.0B(24.0M) Survivors: 4096.0K->1024.0K Heap: 382.9M(512.0M)->380.8M(512.0M)]
 [Times: user=0.00 sys=0.00, real=0.00 secs] 
2020-10-28T20:33:50.755+0800: 0.830: [GC concurrent-root-region-scan-start]
2020-10-28T20:33:50.755+0800: 0.830: [GC concurrent-root-region-scan-end, 0.0000409 secs]
2020-10-28T20:33:50.755+0800: 0.830: [GC concurrent-mark-start]
2020-10-28T20:33:50.756+0800: 0.832: [GC concurrent-mark-end, 0.0015590 secs]
2020-10-28T20:33:50.756+0800: 0.832: [GC remark 2020-10-28T20:33:50.756+0800: 0.832: [Finalize Marking, 0.0001533 secs] 2020-10-28T20:33:50.757+0800: 0.832: [GC ref-proc, 0.0002305 secs] 2020-10-28T20:33:50.757+0800: 0.832: [Unloading, 0.0003667 secs], 0.0012293 secs]
 [Times: user=0.00 sys=0.00, real=0.00 secs] 
2020-10-28T20:33:50.758+0800: 0.833: [GC cleanup 397M->397M(512M), 0.0005271 secs]
 [Times: user=0.00 sys=0.00, real=0.00 secs] 
2020-10-28T20:33:50.760+0800: 0.836: [GC pause (G1 Evacuation Pause) (young), 0.0016514 secs]
   [Parallel Time: 1.1 ms, GC Workers: 10]
      [GC Worker Start (ms): Min: 835.7, Avg: 835.7, Max: 835.8, Diff: 0.1]
      [Ext Root Scanning (ms): Min: 0.0, Avg: 0.1, Max: 0.1, Diff: 0.1, Sum: 0.7]
      [Update RS (ms): Min: 0.3, Avg: 0.3, Max: 0.4, Diff: 0.1, Sum: 3.4]
         [Processed Buffers: Min: 4, Avg: 5.1, Max: 6, Diff: 2, Sum: 51]
      [Scan RS (ms): Min: 0.0, Avg: 0.0, Max: 0.0, Diff: 0.0, Sum: 0.0]
      [Code Root Scanning (ms): Min: 0.0, Avg: 0.0, Max: 0.0, Diff: 0.0, Sum: 0.0]
      [Object Copy (ms): Min: 0.5, Avg: 0.5, Max: 0.6, Diff: 0.1, Sum: 5.1]
      [Termination (ms): Min: 0.0, Avg: 0.1, Max: 0.1, Diff: 0.1, Sum: 0.6]
         [Termination Attempts: Min: 1, Avg: 1.0, Max: 1, Diff: 0, Sum: 10]
      [GC Worker Other (ms): Min: 0.0, Avg: 0.0, Max: 0.0, Diff: 0.0, Sum: 0.1]
      [GC Worker Total (ms): Min: 1.0, Avg: 1.0, Max: 1.0, Diff: 0.1, Sum: 10.0]
      [GC Worker End (ms): Min: 836.7, Avg: 836.7, Max: 836.7, Diff: 0.0]
   [Code Root Fixup: 0.0 ms]
   [Code Root Purge: 0.0 ms]
   [Clear CT: 0.1 ms]
   [Other: 0.4 ms]
      [Choose CSet: 0.0 ms]
      [Ref Proc: 0.1 ms]
      [Ref Enq: 0.0 ms]
      [Redirty Cards: 0.1 ms]
      [Humongous Register: 0.1 ms]
      [Humongous Reclaim: 0.0 ms]
      [Free CSet: 0.0 ms]
   [Eden: 24.0M(24.0M)->0.0B(21.0M) Survivors: 1024.0K->4096.0K Heap: 410.1M(512.0M)->387.2M(512.0M)]
 [Times: user=0.00 sys=0.00, real=0.00 secs] 
2020-10-28T20:33:50.764+0800: 0.840: [GC pause (G1 Evacuation Pause) (mixed), 0.0041641 secs]
   [Parallel Time: 3.6 ms, GC Workers: 10]
      [GC Worker Start (ms): Min: 839.9, Avg: 839.9, Max: 840.0, Diff: 0.1]
      [Ext Root Scanning (ms): Min: 0.0, Avg: 0.1, Max: 0.1, Diff: 0.1, Sum: 0.7]
      [Update RS (ms): Min: 0.1, Avg: 0.2, Max: 0.2, Diff: 0.1, Sum: 1.8]
         [Processed Buffers: Min: 2, Avg: 2.8, Max: 3, Diff: 1, Sum: 28]
      [Scan RS (ms): Min: 0.0, Avg: 0.0, Max: 0.0, Diff: 0.0, Sum: 0.2]
      [Code Root Scanning (ms): Min: 0.0, Avg: 0.0, Max: 0.0, Diff: 0.0, Sum: 0.0]
      [Object Copy (ms): Min: 3.1, Avg: 3.1, Max: 3.2, Diff: 0.1, Sum: 31.4]
      [Termination (ms): Min: 0.0, Avg: 0.0, Max: 0.1, Diff: 0.1, Sum: 0.3]
         [Termination Attempts: Min: 1, Avg: 1.0, Max: 1, Diff: 0, Sum: 10]
      [GC Worker Other (ms): Min: 0.0, Avg: 0.0, Max: 0.0, Diff: 0.0, Sum: 0.1]
      [GC Worker Total (ms): Min: 3.4, Avg: 3.4, Max: 3.5, Diff: 0.1, Sum: 34.5]
      [GC Worker End (ms): Min: 843.4, Avg: 843.4, Max: 843.4, Diff: 0.0]
   [Code Root Fixup: 0.0 ms]
   [Code Root Purge: 0.0 ms]
   [Clear CT: 0.1 ms]
   [Other: 0.5 ms]
      [Choose CSet: 0.0 ms]
      [Ref Proc: 0.1 ms]
      [Ref Enq: 0.0 ms]
      [Redirty Cards: 0.1 ms]
      [Humongous Register: 0.1 ms]
      [Humongous Reclaim: 0.0 ms]
      [Free CSet: 0.0 ms]
   [Eden: 21.0M(21.0M)->0.0B(21.0M) Survivors: 4096.0K->4096.0K Heap: 410.4M(512.0M)->377.7M(512.0M)]
 [Times: user=0.00 sys=0.00, real=0.00 secs] 
2020-10-28T20:33:50.769+0800: 0.844: [GC pause (G1 Humongous Allocation) (young) (initial-mark), 0.0011380 secs]
   [Parallel Time: 0.6 ms, GC Workers: 10]
      [GC Worker Start (ms): Min: 844.3, Avg: 844.3, Max: 844.3, Diff: 0.1]
      [Ext Root Scanning (ms): Min: 0.0, Avg: 0.1, Max: 0.1, Diff: 0.1, Sum: 0.7]
      [Update RS (ms): Min: 0.0, Avg: 0.1, Max: 0.1, Diff: 0.1, Sum: 0.6]
         [Processed Buffers: Min: 1, Avg: 1.1, Max: 2, Diff: 1, Sum: 11]
      [Scan RS (ms): Min: 0.0, Avg: 0.0, Max: 0.0, Diff: 0.0, Sum: 0.0]
      [Code Root Scanning (ms): Min: 0.0, Avg: 0.0, Max: 0.0, Diff: 0.0, Sum: 0.0]
      [Object Copy (ms): Min: 0.2, Avg: 0.3, Max: 0.4, Diff: 0.2, Sum: 2.7]
      [Termination (ms): Min: 0.0, Avg: 0.1, Max: 0.1, Diff: 0.1, Sum: 0.9]
         [Termination Attempts: Min: 1, Avg: 1.0, Max: 1, Diff: 0, Sum: 10]
      [GC Worker Other (ms): Min: 0.0, Avg: 0.0, Max: 0.0, Diff: 0.0, Sum: 0.1]
      [GC Worker Total (ms): Min: 0.5, Avg: 0.5, Max: 0.5, Diff: 0.1, Sum: 4.9]
      [GC Worker End (ms): Min: 844.8, Avg: 844.8, Max: 844.8, Diff: 0.0]
   [Code Root Fixup: 0.0 ms]
   [Code Root Purge: 0.0 ms]
   [Clear CT: 0.1 ms]
   [Other: 0.4 ms]
      [Choose CSet: 0.0 ms]
      [Ref Proc: 0.2 ms]
      [Ref Enq: 0.0 ms]
      [Redirty Cards: 0.1 ms]
      [Humongous Register: 0.1 ms]
      [Humongous Reclaim: 0.0 ms]
      [Free CSet: 0.0 ms]
   [Eden: 2048.0K(21.0M)->0.0B(24.0M) Survivors: 4096.0K->1024.0K Heap: 379.0M(512.0M)->378.2M(512.0M)]
 [Times: user=0.00 sys=0.00, real=0.00 secs] 
2020-10-28T20:33:50.770+0800: 0.845: [GC concurrent-root-region-scan-start]
2020-10-28T20:33:50.770+0800: 0.845: [GC concurrent-root-region-scan-end, 0.0000709 secs]
2020-10-28T20:33:50.770+0800: 0.845: [GC concurrent-mark-start]
2020-10-28T20:33:50.771+0800: 0.847: [GC concurrent-mark-end, 0.0012431 secs]
2020-10-28T20:33:50.771+0800: 0.847: [GC remark 2020-10-28T20:33:50.771+0800: 0.847: [Finalize Marking, 0.0001338 secs] 2020-10-28T20:33:50.771+0800: 0.847: [GC ref-proc, 0.0002620 secs] 2020-10-28T20:33:50.772+0800: 0.847: [Unloading, 0.0004279 secs], 0.0014421 secs]
 [Times: user=0.00 sys=0.00, real=0.00 secs] 
2020-10-28T20:33:50.773+0800: 0.848: [GC cleanup 391M->391M(512M), 0.0005275 secs]
 [Times: user=0.00 sys=0.00, real=0.00 secs] 
2020-10-28T20:33:50.775+0800: 0.851: [GC pause (G1 Evacuation Pause) (young), 0.0019221 secs]
   [Parallel Time: 1.4 ms, GC Workers: 10]
      [GC Worker Start (ms): Min: 851.1, Avg: 851.2, Max: 851.2, Diff: 0.1]
      [Ext Root Scanning (ms): Min: 0.0, Avg: 0.1, Max: 0.1, Diff: 0.1, Sum: 0.8]
      [Update RS (ms): Min: 0.4, Avg: 0.4, Max: 0.4, Diff: 0.1, Sum: 4.0]
         [Processed Buffers: Min: 5, Avg: 5.7, Max: 7, Diff: 2, Sum: 57]
      [Scan RS (ms): Min: 0.0, Avg: 0.0, Max: 0.0, Diff: 0.0, Sum: 0.0]
      [Code Root Scanning (ms): Min: 0.0, Avg: 0.0, Max: 0.0, Diff: 0.0, Sum: 0.0]
      [Object Copy (ms): Min: 0.6, Avg: 0.7, Max: 0.8, Diff: 0.2, Sum: 6.9]
      [Termination (ms): Min: 0.0, Avg: 0.1, Max: 0.1, Diff: 0.1, Sum: 0.9]
         [Termination Attempts: Min: 1, Avg: 1.1, Max: 2, Diff: 1, Sum: 11]
      [GC Worker Other (ms): Min: 0.0, Avg: 0.0, Max: 0.0, Diff: 0.0, Sum: 0.1]
      [GC Worker Total (ms): Min: 1.2, Avg: 1.3, Max: 1.3, Diff: 0.1, Sum: 12.6]
      [GC Worker End (ms): Min: 852.4, Avg: 852.4, Max: 852.4, Diff: 0.0]
   [Code Root Fixup: 0.0 ms]
   [Code Root Purge: 0.0 ms]
   [Clear CT: 0.1 ms]
   [Other: 0.4 ms]
      [Choose CSet: 0.0 ms]
      [Ref Proc: 0.1 ms]
      [Ref Enq: 0.0 ms]
      [Redirty Cards: 0.1 ms]
      [Humongous Register: 0.1 ms]
      [Humongous Reclaim: 0.0 ms]
      [Free CSet: 0.0 ms]
   [Eden: 24.0M(24.0M)->0.0B(21.0M) Survivors: 1024.0K->4096.0K Heap: 407.9M(512.0M)->387.0M(512.0M)]
 [Times: user=0.02 sys=0.00, real=0.00 secs] 
2020-10-28T20:33:50.780+0800: 0.856: [GC pause (G1 Evacuation Pause) (mixed), 0.0033948 secs]
   [Parallel Time: 2.8 ms, GC Workers: 10]
      [GC Worker Start (ms): Min: 856.0, Avg: 856.0, Max: 856.1, Diff: 0.1]
      [Ext Root Scanning (ms): Min: 0.0, Avg: 0.1, Max: 0.1, Diff: 0.1, Sum: 0.7]
      [Update RS (ms): Min: 0.3, Avg: 0.4, Max: 0.4, Diff: 0.0, Sum: 3.5]
         [Processed Buffers: Min: 5, Avg: 5.5, Max: 7, Diff: 2, Sum: 55]
      [Scan RS (ms): Min: 0.0, Avg: 0.0, Max: 0.1, Diff: 0.1, Sum: 0.2]
      [Code Root Scanning (ms): Min: 0.0, Avg: 0.0, Max: 0.0, Diff: 0.0, Sum: 0.0]
      [Object Copy (ms): Min: 2.1, Avg: 2.2, Max: 2.3, Diff: 0.2, Sum: 21.9]
      [Termination (ms): Min: 0.0, Avg: 0.1, Max: 0.1, Diff: 0.1, Sum: 0.7]
         [Termination Attempts: Min: 1, Avg: 1.0, Max: 1, Diff: 0, Sum: 10]
      [GC Worker Other (ms): Min: 0.0, Avg: 0.0, Max: 0.0, Diff: 0.0, Sum: 0.1]
      [GC Worker Total (ms): Min: 2.7, Avg: 2.7, Max: 2.8, Diff: 0.1, Sum: 27.3]
      [GC Worker End (ms): Min: 858.8, Avg: 858.8, Max: 858.8, Diff: 0.0]
   [Code Root Fixup: 0.0 ms]
   [Code Root Purge: 0.0 ms]
   [Clear CT: 0.1 ms]
   [Other: 0.4 ms]
      [Choose CSet: 0.0 ms]
      [Ref Proc: 0.1 ms]
      [Ref Enq: 0.0 ms]
      [Redirty Cards: 0.1 ms]
      [Humongous Register: 0.1 ms]
      [Humongous Reclaim: 0.0 ms]
      [Free CSet: 0.0 ms]
   [Eden: 21.0M(21.0M)->0.0B(21.0M) Survivors: 4096.0K->4096.0K Heap: 413.5M(512.0M)->385.3M(512.0M)]
 [Times: user=0.00 sys=0.00, real=0.00 secs] 
2020-10-28T20:33:50.784+0800: 0.859: [GC pause (G1 Humongous Allocation) (young) (initial-mark), 0.0011602 secs]
   [Parallel Time: 0.7 ms, GC Workers: 10]
      [GC Worker Start (ms): Min: 859.6, Avg: 859.6, Max: 859.6, Diff: 0.1]
      [Ext Root Scanning (ms): Min: 0.0, Avg: 0.1, Max: 0.1, Diff: 0.1, Sum: 0.7]
      [Update RS (ms): Min: 0.0, Avg: 0.1, Max: 0.2, Diff: 0.2, Sum: 0.7]
         [Processed Buffers: Min: 1, Avg: 1.1, Max: 2, Diff: 1, Sum: 11]
      [Scan RS (ms): Min: 0.0, Avg: 0.0, Max: 0.0, Diff: 0.0, Sum: 0.0]
      [Code Root Scanning (ms): Min: 0.0, Avg: 0.0, Max: 0.0, Diff: 0.0, Sum: 0.0]
      [Object Copy (ms): Min: 0.2, Avg: 0.3, Max: 0.4, Diff: 0.3, Sum: 2.7]
      [Termination (ms): Min: 0.0, Avg: 0.1, Max: 0.2, Diff: 0.2, Sum: 1.2]
         [Termination Attempts: Min: 1, Avg: 1.1, Max: 2, Diff: 1, Sum: 11]
      [GC Worker Other (ms): Min: 0.0, Avg: 0.0, Max: 0.0, Diff: 0.0, Sum: 0.1]
      [GC Worker Total (ms): Min: 0.5, Avg: 0.5, Max: 0.6, Diff: 0.1, Sum: 5.5]
      [GC Worker End (ms): Min: 860.1, Avg: 860.1, Max: 860.1, Diff: 0.0]
   [Code Root Fixup: 0.0 ms]
   [Code Root Purge: 0.0 ms]
   [Clear CT: 0.1 ms]
   [Other: 0.4 ms]
      [Choose CSet: 0.0 ms]
      [Ref Proc: 0.1 ms]
      [Ref Enq: 0.0 ms]
      [Redirty Cards: 0.1 ms]
      [Humongous Register: 0.1 ms]
      [Humongous Reclaim: 0.0 ms]
      [Free CSet: 0.0 ms]
   [Eden: 1024.0K(21.0M)->0.0B(24.0M) Survivors: 4096.0K->1024.0K Heap: 386.1M(512.0M)->385.0M(512.0M)]
 [Times: user=0.00 sys=0.00, real=0.00 secs] 
2020-10-28T20:33:50.785+0800: 0.861: [GC concurrent-root-region-scan-start]
2020-10-28T20:33:50.785+0800: 0.861: [GC concurrent-root-region-scan-end, 0.0000430 secs]
2020-10-28T20:33:50.785+0800: 0.861: [GC concurrent-mark-start]
2020-10-28T20:33:50.787+0800: 0.862: [GC concurrent-mark-end, 0.0013197 secs]
2020-10-28T20:33:50.787+0800: 0.862: [GC remark 2020-10-28T20:33:50.787+0800: 0.862: [Finalize Marking, 0.0001610 secs] 2020-10-28T20:33:50.787+0800: 0.862: [GC ref-proc, 0.0002470 secs] 2020-10-28T20:33:50.787+0800: 0.863: [Unloading, 0.0004107 secs], 0.0013697 secs]
 [Times: user=0.00 sys=0.00, real=0.00 secs] 
2020-10-28T20:33:50.788+0800: 0.864: [GC cleanup 400M->400M(512M), 0.0004661 secs]
 [Times: user=0.00 sys=0.00, real=0.00 secs] 
2020-10-28T20:33:50.790+0800: 0.866: [GC pause (G1 Evacuation Pause) (young), 0.0017044 secs]
   [Parallel Time: 1.2 ms, GC Workers: 10]
      [GC Worker Start (ms): Min: 866.0, Avg: 866.1, Max: 866.1, Diff: 0.1]
      [Ext Root Scanning (ms): Min: 0.0, Avg: 0.1, Max: 0.1, Diff: 0.1, Sum: 0.7]
      [Update RS (ms): Min: 0.4, Avg: 0.4, Max: 0.4, Diff: 0.1, Sum: 3.9]
         [Processed Buffers: Min: 5, Avg: 5.7, Max: 7, Diff: 2, Sum: 57]
      [Scan RS (ms): Min: 0.0, Avg: 0.0, Max: 0.0, Diff: 0.0, Sum: 0.0]
      [Code Root Scanning (ms): Min: 0.0, Avg: 0.0, Max: 0.0, Diff: 0.0, Sum: 0.0]
      [Object Copy (ms): Min: 0.5, Avg: 0.6, Max: 0.7, Diff: 0.2, Sum: 5.9]
      [Termination (ms): Min: 0.0, Avg: 0.1, Max: 0.1, Diff: 0.1, Sum: 0.6]
         [Termination Attempts: Min: 1, Avg: 1.0, Max: 1, Diff: 0, Sum: 10]
      [GC Worker Other (ms): Min: 0.0, Avg: 0.0, Max: 0.0, Diff: 0.0, Sum: 0.1]
      [GC Worker Total (ms): Min: 1.1, Avg: 1.1, Max: 1.1, Diff: 0.1, Sum: 11.1]
      [GC Worker End (ms): Min: 867.2, Avg: 867.2, Max: 867.2, Diff: 0.0]
   [Code Root Fixup: 0.0 ms]
   [Code Root Purge: 0.0 ms]
   [Clear CT: 0.1 ms]
   [Other: 0.4 ms]
      [Choose CSet: 0.0 ms]
      [Ref Proc: 0.1 ms]
      [Ref Enq: 0.0 ms]
      [Redirty Cards: 0.1 ms]
      [Humongous Register: 0.1 ms]
      [Humongous Reclaim: 0.0 ms]
      [Free CSet: 0.0 ms]
   [Eden: 24.0M(24.0M)->0.0B(21.0M) Survivors: 1024.0K->4096.0K Heap: 414.8M(512.0M)->393.9M(512.0M)]
 [Times: user=0.16 sys=0.00, real=0.00 secs] 
2020-10-28T20:33:50.795+0800: 0.871: [GC pause (G1 Evacuation Pause) (mixed) (to-space exhausted), 0.0037459 secs]
   [Parallel Time: 3.1 ms, GC Workers: 10]
      [GC Worker Start (ms): Min: 870.9, Avg: 870.9, Max: 871.0, Diff: 0.1]
      [Ext Root Scanning (ms): Min: 0.0, Avg: 0.1, Max: 0.1, Diff: 0.1, Sum: 0.7]
      [Update RS (ms): Min: 0.4, Avg: 0.4, Max: 0.5, Diff: 0.1, Sum: 4.3]
         [Processed Buffers: Min: 6, Avg: 7.0, Max: 8, Diff: 2, Sum: 70]
      [Scan RS (ms): Min: 0.0, Avg: 0.0, Max: 0.1, Diff: 0.1, Sum: 0.3]
      [Code Root Scanning (ms): Min: 0.0, Avg: 0.0, Max: 0.0, Diff: 0.0, Sum: 0.0]
      [Object Copy (ms): Min: 2.3, Avg: 2.4, Max: 2.4, Diff: 0.1, Sum: 24.1]
      [Termination (ms): Min: 0.0, Avg: 0.0, Max: 0.0, Diff: 0.0, Sum: 0.2]
         [Termination Attempts: Min: 1, Avg: 1.2, Max: 2, Diff: 1, Sum: 12]
      [GC Worker Other (ms): Min: 0.0, Avg: 0.0, Max: 0.0, Diff: 0.0, Sum: 0.1]
      [GC Worker Total (ms): Min: 2.9, Avg: 3.0, Max: 3.0, Diff: 0.1, Sum: 29.7]
      [GC Worker End (ms): Min: 873.9, Avg: 873.9, Max: 873.9, Diff: 0.0]
   [Code Root Fixup: 0.0 ms]
   [Code Root Purge: 0.0 ms]
   [Clear CT: 0.1 ms]
   [Other: 0.5 ms]
      [Evacuation Failure: 0.1 ms]
      [Choose CSet: 0.0 ms]
      [Ref Proc: 0.1 ms]
      [Ref Enq: 0.0 ms]
      [Redirty Cards: 0.1 ms]
      [Humongous Register: 0.1 ms]
      [Humongous Reclaim: 0.0 ms]
      [Free CSet: 0.0 ms]
   [Eden: 21.0M(21.0M)->0.0B(21.0M) Survivors: 4096.0K->4096.0K Heap: 422.3M(512.0M)->401.7M(512.0M)]
 [Times: user=0.00 sys=0.00, real=0.00 secs] 
2020-10-28T20:33:50.799+0800: 0.875: [GC pause (G1 Humongous Allocation) (young) (initial-mark), 0.0011193 secs]
   [Parallel Time: 0.6 ms, GC Workers: 10]
      [GC Worker Start (ms): Min: 874.9, Avg: 874.9, Max: 874.9, Diff: 0.1]
      [Ext Root Scanning (ms): Min: 0.0, Avg: 0.1, Max: 0.1, Diff: 0.1, Sum: 0.8]
      [Update RS (ms): Min: 0.1, Avg: 0.1, Max: 0.3, Diff: 0.2, Sum: 0.9]
         [Processed Buffers: Min: 1, Avg: 2.1, Max: 4, Diff: 3, Sum: 21]
      [Scan RS (ms): Min: 0.0, Avg: 0.0, Max: 0.0, Diff: 0.0, Sum: 0.0]
      [Code Root Scanning (ms): Min: 0.0, Avg: 0.0, Max: 0.0, Diff: 0.0, Sum: 0.0]
      [Object Copy (ms): Min: 0.0, Avg: 0.3, Max: 0.3, Diff: 0.3, Sum: 2.5]
      [Termination (ms): Min: 0.0, Avg: 0.1, Max: 0.1, Diff: 0.1, Sum: 0.6]
         [Termination Attempts: Min: 1, Avg: 1.0, Max: 1, Diff: 0, Sum: 10]
      [GC Worker Other (ms): Min: 0.0, Avg: 0.0, Max: 0.0, Diff: 0.0, Sum: 0.1]
      [GC Worker Total (ms): Min: 0.5, Avg: 0.5, Max: 0.5, Diff: 0.1, Sum: 4.9]
      [GC Worker End (ms): Min: 875.4, Avg: 875.4, Max: 875.4, Diff: 0.0]
   [Code Root Fixup: 0.0 ms]
   [Code Root Purge: 0.0 ms]
   [Clear CT: 0.1 ms]
   [Other: 0.4 ms]
      [Choose CSet: 0.0 ms]
      [Ref Proc: 0.1 ms]
      [Ref Enq: 0.0 ms]
      [Redirty Cards: 0.1 ms]
      [Humongous Register: 0.1 ms]
      [Humongous Reclaim: 0.0 ms]
      [Free CSet: 0.0 ms]
   [Eden: 1024.0K(21.0M)->0.0B(24.0M) Survivors: 4096.0K->1024.0K Heap: 402.4M(512.0M)->401.5M(512.0M)]
 [Times: user=0.00 sys=0.00, real=0.00 secs] 
2020-10-28T20:33:50.800+0800: 0.876: [GC concurrent-root-region-scan-start]
2020-10-28T20:33:50.801+0800: 0.876: [GC concurrent-root-region-scan-end, 0.0000402 secs]
2020-10-28T20:33:50.801+0800: 0.876: [GC concurrent-mark-start]
2020-10-28T20:33:50.802+0800: 0.877: [GC concurrent-mark-end, 0.0013599 secs]
2020-10-28T20:33:50.802+0800: 0.877: [GC remark 2020-10-28T20:33:50.802+0800: 0.877: [Finalize Marking, 0.0001490 secs] 2020-10-28T20:33:50.802+0800: 0.878: [GC ref-proc, 0.0002304 secs] 2020-10-28T20:33:50.802+0800: 0.878: [Unloading, 0.0003666 secs], 0.0011834 secs]
 [Times: user=0.00 sys=0.00, real=0.00 secs] 
2020-10-28T20:33:50.803+0800: 0.879: [GC cleanup 420M->420M(512M), 0.0005145 secs]
 [Times: user=0.00 sys=0.00, real=0.00 secs] 
2020-10-28T20:33:50.805+0800: 0.881: [GC pause (G1 Evacuation Pause) (young), 0.0017531 secs]
   [Parallel Time: 1.2 ms, GC Workers: 10]
      [GC Worker Start (ms): Min: 880.8, Avg: 880.9, Max: 880.9, Diff: 0.1]
      [Ext Root Scanning (ms): Min: 0.0, Avg: 0.1, Max: 0.1, Diff: 0.1, Sum: 0.7]
      [Update RS (ms): Min: 0.3, Avg: 0.3, Max: 0.3, Diff: 0.0, Sum: 3.0]
         [Processed Buffers: Min: 4, Avg: 4.7, Max: 6, Diff: 2, Sum: 47]
      [Scan RS (ms): Min: 0.0, Avg: 0.0, Max: 0.0, Diff: 0.0, Sum: 0.0]
      [Code Root Scanning (ms): Min: 0.0, Avg: 0.0, Max: 0.0, Diff: 0.0, Sum: 0.0]
      [Object Copy (ms): Min: 0.6, Avg: 0.6, Max: 0.7, Diff: 0.1, Sum: 6.1]
      [Termination (ms): Min: 0.0, Avg: 0.0, Max: 0.1, Diff: 0.1, Sum: 0.4]
         [Termination Attempts: Min: 1, Avg: 1.0, Max: 1, Diff: 0, Sum: 10]
      [GC Worker Other (ms): Min: 0.0, Avg: 0.0, Max: 0.0, Diff: 0.0, Sum: 0.1]
      [GC Worker Total (ms): Min: 1.0, Avg: 1.0, Max: 1.1, Diff: 0.1, Sum: 10.3]
      [GC Worker End (ms): Min: 881.9, Avg: 881.9, Max: 881.9, Diff: 0.0]
   [Code Root Fixup: 0.0 ms]
   [Code Root Purge: 0.0 ms]
   [Clear CT: 0.1 ms]
   [Other: 0.5 ms]
      [Choose CSet: 0.0 ms]
      [Ref Proc: 0.2 ms]
      [Ref Enq: 0.0 ms]
      [Redirty Cards: 0.1 ms]
      [Humongous Register: 0.1 ms]
      [Humongous Reclaim: 0.0 ms]
      [Free CSet: 0.0 ms]
   [Eden: 24.0M(24.0M)->0.0B(21.0M) Survivors: 1024.0K->4096.0K Heap: 430.2M(512.0M)->408.1M(512.0M)]
 [Times: user=0.01 sys=0.00, real=0.00 secs] 
2020-10-28T20:33:50.810+0800: 0.885: [GC pause (G1 Evacuation Pause) (mixed) (to-space exhausted), 0.0026872 secs]
   [Parallel Time: 2.0 ms, GC Workers: 10]
      [GC Worker Start (ms): Min: 885.5, Avg: 885.6, Max: 885.6, Diff: 0.1]
      [Ext Root Scanning (ms): Min: 0.0, Avg: 0.1, Max: 0.1, Diff: 0.1, Sum: 0.7]
      [Update RS (ms): Min: 0.3, Avg: 0.4, Max: 0.4, Diff: 0.1, Sum: 3.5]
         [Processed Buffers: Min: 5, Avg: 5.5, Max: 6, Diff: 1, Sum: 55]
      [Scan RS (ms): Min: 0.0, Avg: 0.0, Max: 0.0, Diff: 0.0, Sum: 0.2]
      [Code Root Scanning (ms): Min: 0.0, Avg: 0.0, Max: 0.0, Diff: 0.0, Sum: 0.0]
      [Object Copy (ms): Min: 1.4, Avg: 1.4, Max: 1.5, Diff: 0.1, Sum: 14.2]
      [Termination (ms): Min: 0.0, Avg: 0.0, Max: 0.0, Diff: 0.0, Sum: 0.2]
         [Termination Attempts: Min: 1, Avg: 1.2, Max: 2, Diff: 1, Sum: 12]
      [GC Worker Other (ms): Min: 0.0, Avg: 0.0, Max: 0.0, Diff: 0.0, Sum: 0.1]
      [GC Worker Total (ms): Min: 1.9, Avg: 1.9, Max: 1.9, Diff: 0.1, Sum: 18.9]
      [GC Worker End (ms): Min: 887.4, Avg: 887.5, Max: 887.5, Diff: 0.0]
   [Code Root Fixup: 0.0 ms]
   [Code Root Purge: 0.0 ms]
   [Clear CT: 0.1 ms]
   [Other: 0.6 ms]
      [Evacuation Failure: 0.2 ms]
      [Choose CSet: 0.0 ms]
      [Ref Proc: 0.1 ms]
      [Ref Enq: 0.0 ms]
      [Redirty Cards: 0.1 ms]
      [Humongous Register: 0.1 ms]
      [Humongous Reclaim: 0.0 ms]
      [Free CSet: 0.0 ms]
   [Eden: 21.0M(21.0M)->0.0B(21.0M) Survivors: 4096.0K->4096.0K Heap: 434.7M(512.0M)->433.0M(512.0M)]
 [Times: user=0.00 sys=0.00, real=0.00 secs] 
2020-10-28T20:33:50.813+0800: 0.888: [GC pause (G1 Humongous Allocation) (young) (initial-mark), 0.0010662 secs]
   [Parallel Time: 0.6 ms, GC Workers: 10]
      [GC Worker Start (ms): Min: 888.4, Avg: 888.4, Max: 888.4, Diff: 0.1]
      [Ext Root Scanning (ms): Min: 0.1, Avg: 0.1, Max: 0.1, Diff: 0.1, Sum: 0.9]
      [Update RS (ms): Min: 0.0, Avg: 0.1, Max: 0.1, Diff: 0.0, Sum: 0.6]
         [Processed Buffers: Min: 1, Avg: 2.2, Max: 8, Diff: 7, Sum: 22]
      [Scan RS (ms): Min: 0.0, Avg: 0.0, Max: 0.0, Diff: 0.0, Sum: 0.0]
      [Code Root Scanning (ms): Min: 0.0, Avg: 0.0, Max: 0.0, Diff: 0.0, Sum: 0.0]
      [Object Copy (ms): Min: 0.2, Avg: 0.3, Max: 0.3, Diff: 0.1, Sum: 3.0]
      [Termination (ms): Min: 0.0, Avg: 0.0, Max: 0.1, Diff: 0.1, Sum: 0.3]
         [Termination Attempts: Min: 1, Avg: 1.0, Max: 1, Diff: 0, Sum: 10]
      [GC Worker Other (ms): Min: 0.0, Avg: 0.0, Max: 0.0, Diff: 0.0, Sum: 0.1]
      [GC Worker Total (ms): Min: 0.5, Avg: 0.5, Max: 0.5, Diff: 0.1, Sum: 4.8]
      [GC Worker End (ms): Min: 888.9, Avg: 888.9, Max: 888.9, Diff: 0.0]
   [Code Root Fixup: 0.0 ms]
   [Code Root Purge: 0.0 ms]
   [Clear CT: 0.1 ms]
   [Other: 0.4 ms]
      [Choose CSet: 0.0 ms]
      [Ref Proc: 0.1 ms]
      [Ref Enq: 0.0 ms]
      [Redirty Cards: 0.1 ms]
      [Humongous Register: 0.1 ms]
      [Humongous Reclaim: 0.0 ms]
      [Free CSet: 0.0 ms]
   [Eden: 1024.0K(21.0M)->0.0B(24.0M) Survivors: 4096.0K->1024.0K Heap: 433.5M(512.0M)->432.8M(512.0M)]
 [Times: user=0.00 sys=0.00, real=0.00 secs] 
2020-10-28T20:33:50.814+0800: 0.889: [GC concurrent-root-region-scan-start]
2020-10-28T20:33:50.814+0800: 0.889: [GC concurrent-root-region-scan-end, 0.0000396 secs]
2020-10-28T20:33:50.814+0800: 0.889: [GC concurrent-mark-start]
2020-10-28T20:33:50.815+0800: 0.891: [GC concurrent-mark-end, 0.0012271 secs]
2020-10-28T20:33:50.815+0800: 0.891: [GC remark 2020-10-28T20:33:50.815+0800: 0.891: [Finalize Marking, 0.0001668 secs] 2020-10-28T20:33:50.816+0800: 0.891: [GC ref-proc, 0.0002399 secs] 2020-10-28T20:33:50.816+0800: 0.891: [Unloading, 0.0002932 secs], 0.0011675 secs]
 [Times: user=0.00 sys=0.00, real=0.00 secs] 
2020-10-28T20:33:50.817+0800: 0.892: [GC cleanup 444M->444M(512M), 0.0005167 secs]
 [Times: user=0.00 sys=0.00, real=0.00 secs] 
2020-10-28T20:33:50.818+0800: 0.894: [GC pause (G1 Evacuation Pause) (young) (to-space exhausted), 0.0010473 secs]
   [Parallel Time: 0.4 ms, GC Workers: 10]
      [GC Worker Start (ms): Min: 893.8, Avg: 893.9, Max: 893.9, Diff: 0.1]
      [Ext Root Scanning (ms): Min: 0.0, Avg: 0.1, Max: 0.1, Diff: 0.1, Sum: 0.7]
      [Update RS (ms): Min: 0.2, Avg: 0.2, Max: 0.2, Diff: 0.1, Sum: 2.1]
         [Processed Buffers: Min: 3, Avg: 3.4, Max: 4, Diff: 1, Sum: 34]
      [Scan RS (ms): Min: 0.0, Avg: 0.0, Max: 0.0, Diff: 0.0, Sum: 0.0]
      [Code Root Scanning (ms): Min: 0.0, Avg: 0.0, Max: 0.0, Diff: 0.0, Sum: 0.0]
      [Object Copy (ms): Min: 0.0, Avg: 0.0, Max: 0.1, Diff: 0.1, Sum: 0.2]
      [Termination (ms): Min: 0.0, Avg: 0.0, Max: 0.0, Diff: 0.0, Sum: 0.1]
         [Termination Attempts: Min: 1, Avg: 1.0, Max: 1, Diff: 0, Sum: 10]
      [GC Worker Other (ms): Min: 0.0, Avg: 0.0, Max: 0.0, Diff: 0.0, Sum: 0.0]
      [GC Worker Total (ms): Min: 0.3, Avg: 0.3, Max: 0.4, Diff: 0.1, Sum: 3.2]
      [GC Worker End (ms): Min: 894.2, Avg: 894.2, Max: 894.2, Diff: 0.0]
   [Code Root Fixup: 0.0 ms]
   [Code Root Purge: 0.0 ms]
   [Clear CT: 0.1 ms]
   [Other: 0.5 ms]
      [Evacuation Failure: 0.1 ms]
      [Choose CSet: 0.0 ms]
      [Ref Proc: 0.1 ms]
      [Ref Enq: 0.0 ms]
      [Redirty Cards: 0.1 ms]
      [Humongous Register: 0.1 ms]
      [Humongous Reclaim: 0.0 ms]
      [Free CSet: 0.0 ms]
   [Eden: 16.0M(24.0M)->0.0B(25.0M) Survivors: 1024.0K->0.0B Heap: 451.7M(512.0M)->441.3M(512.0M)]
 [Times: user=0.00 sys=0.00, real=0.00 secs] 
2020-10-28T20:33:50.821+0800: 0.896: [GC pause (G1 Evacuation Pause) (mixed) (to-space exhausted), 0.0012112 secs]
   [Parallel Time: 0.5 ms, GC Workers: 10]
      [GC Worker Start (ms): Min: 896.2, Avg: 896.2, Max: 896.3, Diff: 0.1]
      [Ext Root Scanning (ms): Min: 0.0, Avg: 0.1, Max: 0.1, Diff: 0.1, Sum: 0.7]
      [Update RS (ms): Min: 0.2, Avg: 0.2, Max: 0.3, Diff: 0.0, Sum: 2.3]
         [Processed Buffers: Min: 3, Avg: 3.8, Max: 5, Diff: 2, Sum: 38]
      [Scan RS (ms): Min: 0.0, Avg: 0.0, Max: 0.0, Diff: 0.0, Sum: 0.2]
      [Code Root Scanning (ms): Min: 0.0, Avg: 0.0, Max: 0.0, Diff: 0.0, Sum: 0.0]
      [Object Copy (ms): Min: 0.1, Avg: 0.1, Max: 0.2, Diff: 0.0, Sum: 1.4]
      [Termination (ms): Min: 0.0, Avg: 0.0, Max: 0.0, Diff: 0.0, Sum: 0.2]
         [Termination Attempts: Min: 1, Avg: 1.1, Max: 2, Diff: 1, Sum: 11]
      [GC Worker Other (ms): Min: 0.0, Avg: 0.0, Max: 0.0, Diff: 0.0, Sum: 0.1]
      [GC Worker Total (ms): Min: 0.4, Avg: 0.5, Max: 0.5, Diff: 0.1, Sum: 4.8]
      [GC Worker End (ms): Min: 896.7, Avg: 896.7, Max: 896.7, Diff: 0.0]
   [Code Root Fixup: 0.0 ms]
   [Code Root Purge: 0.0 ms]
   [Clear CT: 0.1 ms]
   [Other: 0.6 ms]
      [Evacuation Failure: 0.1 ms]
      [Choose CSet: 0.0 ms]
      [Ref Proc: 0.1 ms]
      [Ref Enq: 0.0 ms]
      [Redirty Cards: 0.1 ms]
      [Humongous Register: 0.1 ms]
      [Humongous Reclaim: 0.0 ms]
      [Free CSet: 0.0 ms]
   [Eden: 8192.0K(25.0M)->0.0B(25.0M) Survivors: 0.0B->0.0B Heap: 452.4M(512.0M)->450.3M(512.0M)]
 [Times: user=0.00 sys=0.00, real=0.00 secs] 
2020-10-28T20:33:50.822+0800: 0.898: [GC pause (G1 Evacuation Pause) (mixed) (to-space exhausted), 0.0010550 secs]
   [Parallel Time: 0.5 ms, GC Workers: 10]
      [GC Worker Start (ms): Min: 897.7, Avg: 897.8, Max: 897.8, Diff: 0.1]
      [Ext Root Scanning (ms): Min: 0.0, Avg: 0.1, Max: 0.1, Diff: 0.1, Sum: 0.6]
      [Update RS (ms): Min: 0.0, Avg: 0.1, Max: 0.1, Diff: 0.1, Sum: 0.5]
         [Processed Buffers: Min: 1, Avg: 2.8, Max: 7, Diff: 6, Sum: 28]
      [Scan RS (ms): Min: 0.0, Avg: 0.0, Max: 0.0, Diff: 0.0, Sum: 0.2]
      [Code Root Scanning (ms): Min: 0.0, Avg: 0.0, Max: 0.0, Diff: 0.0, Sum: 0.0]
      [Object Copy (ms): Min: 0.2, Avg: 0.2, Max: 0.3, Diff: 0.1, Sum: 2.4]
      [Termination (ms): Min: 0.0, Avg: 0.0, Max: 0.0, Diff: 0.0, Sum: 0.1]
         [Termination Attempts: Min: 1, Avg: 1.0, Max: 1, Diff: 0, Sum: 10]
      [GC Worker Other (ms): Min: 0.0, Avg: 0.0, Max: 0.0, Diff: 0.0, Sum: 0.1]
      [GC Worker Total (ms): Min: 0.4, Avg: 0.4, Max: 0.4, Diff: 0.1, Sum: 4.0]
      [GC Worker End (ms): Min: 898.1, Avg: 898.2, Max: 898.2, Diff: 0.0]
   [Code Root Fixup: 0.0 ms]
   [Code Root Purge: 0.0 ms]
   [Clear CT: 0.1 ms]
   [Other: 0.4 ms]
      [Evacuation Failure: 0.1 ms]
      [Choose CSet: 0.0 ms]
      [Ref Proc: 0.1 ms]
      [Ref Enq: 0.0 ms]
      [Redirty Cards: 0.1 ms]
      [Humongous Register: 0.1 ms]
      [Humongous Reclaim: 0.0 ms]
      [Free CSet: 0.0 ms]
   [Eden: 2048.0K(25.0M)->0.0B(25.0M) Survivors: 0.0B->0.0B Heap: 452.9M(512.0M)->450.3M(512.0M)]
 [Times: user=0.02 sys=0.00, real=0.00 secs] 
2020-10-28T20:33:50.823+0800: 0.899: [GC pause (G1 Humongous Allocation) (young) (initial-mark), 0.0006884 secs]
   [Parallel Time: 0.2 ms, GC Workers: 10]
      [GC Worker Start (ms): Min: 898.9, Avg: 899.0, Max: 899.0, Diff: 0.1]
      [Ext Root Scanning (ms): Min: 0.0, Avg: 0.1, Max: 0.1, Diff: 0.1, Sum: 0.7]
      [Update RS (ms): Min: 0.0, Avg: 0.0, Max: 0.0, Diff: 0.0, Sum: 0.4]
         [Processed Buffers: Min: 1, Avg: 2.5, Max: 6, Diff: 5, Sum: 25]
      [Scan RS (ms): Min: 0.0, Avg: 0.0, Max: 0.0, Diff: 0.0, Sum: 0.0]
      [Code Root Scanning (ms): Min: 0.0, Avg: 0.0, Max: 0.0, Diff: 0.0, Sum: 0.0]
      [Object Copy (ms): Min: 0.0, Avg: 0.0, Max: 0.0, Diff: 0.0, Sum: 0.1]
      [Termination (ms): Min: 0.0, Avg: 0.0, Max: 0.0, Diff: 0.0, Sum: 0.1]
         [Termination Attempts: Min: 1, Avg: 1.2, Max: 2, Diff: 1, Sum: 12]
      [GC Worker Other (ms): Min: 0.0, Avg: 0.0, Max: 0.0, Diff: 0.0, Sum: 0.0]
      [GC Worker Total (ms): Min: 0.1, Avg: 0.1, Max: 0.2, Diff: 0.1, Sum: 1.2]
      [GC Worker End (ms): Min: 899.1, Avg: 899.1, Max: 899.1, Diff: 0.0]
   [Code Root Fixup: 0.0 ms]
   [Code Root Purge: 0.0 ms]
   [Clear CT: 0.1 ms]
   [Other: 0.3 ms]
      [Choose CSet: 0.0 ms]
      [Ref Proc: 0.1 ms]
      [Ref Enq: 0.0 ms]
      [Redirty Cards: 0.1 ms]
      [Humongous Register: 0.0 ms]
      [Humongous Reclaim: 0.0 ms]
      [Free CSet: 0.0 ms]
   [Eden: 1024.0K(25.0M)->0.0B(24.0M) Survivors: 0.0B->1024.0K Heap: 451.2M(512.0M)->450.7M(512.0M)]
 [Times: user=0.00 sys=0.00, real=0.00 secs] 
2020-10-28T20:33:50.824+0800: 0.900: [GC concurrent-root-region-scan-start]
2020-10-28T20:33:50.824+0800: 0.900: [GC concurrent-root-region-scan-end, 0.0000535 secs]
2020-10-28T20:33:50.824+0800: 0.900: [GC concurrent-mark-start]
2020-10-28T20:33:50.824+0800: 0.900: [GC pause (G1 Evacuation Pause) (young) (to-space exhausted), 0.0007496 secs]
   [Parallel Time: 0.2 ms, GC Workers: 10]
      [GC Worker Start (ms): Min: 899.9, Avg: 900.0, Max: 900.0, Diff: 0.1]
      [Ext Root Scanning (ms): Min: 0.0, Avg: 0.1, Max: 0.1, Diff: 0.1, Sum: 0.6]
      [Update RS (ms): Min: 0.0, Avg: 0.0, Max: 0.1, Diff: 0.1, Sum: 0.5]
         [Processed Buffers: Min: 0, Avg: 1.1, Max: 2, Diff: 2, Sum: 11]
      [Scan RS (ms): Min: 0.0, Avg: 0.0, Max: 0.0, Diff: 0.0, Sum: 0.0]
      [Code Root Scanning (ms): Min: 0.0, Avg: 0.0, Max: 0.0, Diff: 0.0, Sum: 0.0]
      [Object Copy (ms): Min: 0.0, Avg: 0.0, Max: 0.0, Diff: 0.0, Sum: 0.1]
      [Termination (ms): Min: 0.0, Avg: 0.0, Max: 0.1, Diff: 0.1, Sum: 0.4]
         [Termination Attempts: Min: 1, Avg: 1.4, Max: 3, Diff: 2, Sum: 14]
      [GC Worker Other (ms): Min: 0.0, Avg: 0.0, Max: 0.0, Diff: 0.0, Sum: 0.0]
      [GC Worker Total (ms): Min: 0.1, Avg: 0.2, Max: 0.2, Diff: 0.1, Sum: 1.5]
      [GC Worker End (ms): Min: 900.1, Avg: 900.1, Max: 900.1, Diff: 0.0]
   [Code Root Fixup: 0.0 ms]
   [Code Root Purge: 0.0 ms]
   [Clear CT: 0.1 ms]
   [Other: 0.4 ms]
      [Evacuation Failure: 0.1 ms]
      [Choose CSet: 0.0 ms]
      [Ref Proc: 0.1 ms]
      [Ref Enq: 0.0 ms]
      [Redirty Cards: 0.1 ms]
      [Humongous Register: 0.0 ms]
      [Humongous Reclaim: 0.0 ms]
      [Free CSet: 0.0 ms]
   [Eden: 2048.0K(24.0M)->0.0B(25.0M) Survivors: 1024.0K->0.0B Heap: 453.3M(512.0M)->452.6M(512.0M)]
 [Times: user=0.00 sys=0.00, real=0.00 secs] 
2020-10-28T20:33:50.826+0800: 0.901: [GC pause (G1 Evacuation Pause) (young) (to-space exhausted), 0.0008481 secs]
   [Parallel Time: 0.3 ms, GC Workers: 10]
      [GC Worker Start (ms): Min: 901.2, Avg: 901.2, Max: 901.3, Diff: 0.1]
      [Ext Root Scanning (ms): Min: 0.0, Avg: 0.1, Max: 0.1, Diff: 0.1, Sum: 0.6]
      [Update RS (ms): Min: 0.0, Avg: 0.0, Max: 0.1, Diff: 0.1, Sum: 0.3]
         [Processed Buffers: Min: 0, Avg: 1.3, Max: 3, Diff: 3, Sum: 13]
      [Scan RS (ms): Min: 0.0, Avg: 0.0, Max: 0.0, Diff: 0.0, Sum: 0.0]
      [Code Root Scanning (ms): Min: 0.0, Avg: 0.0, Max: 0.0, Diff: 0.0, Sum: 0.0]
      [Object Copy (ms): Min: 0.0, Avg: 0.0, Max: 0.0, Diff: 0.0, Sum: 0.0]
      [Termination (ms): Min: 0.0, Avg: 0.1, Max: 0.1, Diff: 0.1, Sum: 1.1]
         [Termination Attempts: Min: 1, Avg: 1.0, Max: 1, Diff: 0, Sum: 10]
      [GC Worker Other (ms): Min: 0.0, Avg: 0.0, Max: 0.0, Diff: 0.0, Sum: 0.0]
      [GC Worker Total (ms): Min: 0.2, Avg: 0.2, Max: 0.2, Diff: 0.1, Sum: 2.0]
      [GC Worker End (ms): Min: 901.4, Avg: 901.4, Max: 901.4, Diff: 0.0]
   [Code Root Fixup: 0.0 ms]
   [Code Root Purge: 0.0 ms]
   [Clear CT: 0.1 ms]
   [Other: 0.4 ms]
      [Evacuation Failure: 0.1 ms]
      [Choose CSet: 0.0 ms]
      [Ref Proc: 0.1 ms]
      [Ref Enq: 0.0 ms]
      [Redirty Cards: 0.1 ms]
      [Humongous Register: 0.0 ms]
      [Humongous Reclaim: 0.0 ms]
      [Free CSet: 0.0 ms]
   [Eden: 1024.0K(25.0M)->0.0B(25.0M) Survivors: 0.0B->0.0B Heap: 453.6M(512.0M)->453.6M(512.0M)]
 [Times: user=0.00 sys=0.00, real=0.00 secs] 
2020-10-28T20:33:50.827+0800: 0.902: [Full GC (Allocation Failure)  453M->334M(512M), 0.0302980 secs]
   [Eden: 0.0B(25.0M)->0.0B(29.0M) Survivors: 0.0B->0.0B Heap: 453.6M(512.0M)->334.2M(512.0M)], [Metaspace: 2722K->2722K(1056768K)]
 [Times: user=0.03 sys=0.00, real=0.03 secs] 
2020-10-28T20:33:50.857+0800: 0.933: [GC concurrent-mark-abort]
2020-10-28T20:33:50.857+0800: 0.933: [GC pause (G1 Humongous Allocation) (young) (initial-mark), 0.0021348 secs]
   [Parallel Time: 0.5 ms, GC Workers: 10]
      [GC Worker Start (ms): Min: 932.8, Avg: 932.9, Max: 932.9, Diff: 0.1]
      [Ext Root Scanning (ms): Min: 0.0, Avg: 0.1, Max: 0.2, Diff: 0.1, Sum: 0.8]
      [Update RS (ms): Min: 0.0, Avg: 0.0, Max: 0.2, Diff: 0.2, Sum: 0.2]
         [Processed Buffers: Min: 0, Avg: 0.2, Max: 1, Diff: 1, Sum: 2]
      [Scan RS (ms): Min: 0.0, Avg: 0.0, Max: 0.0, Diff: 0.0, Sum: 0.0]
      [Code Root Scanning (ms): Min: 0.0, Avg: 0.0, Max: 0.0, Diff: 0.0, Sum: 0.0]
      [Object Copy (ms): Min: 0.0, Avg: 0.0, Max: 0.0, Diff: 0.0, Sum: 0.1]
      [Termination (ms): Min: 0.0, Avg: 0.1, Max: 0.2, Diff: 0.2, Sum: 1.4]
         [Termination Attempts: Min: 1, Avg: 1.2, Max: 2, Diff: 1, Sum: 12]
      [GC Worker Other (ms): Min: 0.0, Avg: 0.0, Max: 0.0, Diff: 0.0, Sum: 0.0]
      [GC Worker Total (ms): Min: 0.2, Avg: 0.3, Max: 0.3, Diff: 0.1, Sum: 2.5]
      [GC Worker End (ms): Min: 933.1, Avg: 933.2, Max: 933.2, Diff: 0.0]
   [Code Root Fixup: 0.0 ms]
   [Code Root Purge: 0.0 ms]
   [Clear CT: 0.5 ms]
   [Other: 1.1 ms]
      [Choose CSet: 0.0 ms]
      [Ref Proc: 0.5 ms]
      [Ref Enq: 0.0 ms]
      [Redirty Cards: 0.5 ms]
      [Humongous Register: 0.0 ms]
      [Humongous Reclaim: 0.0 ms]
      [Free CSet: 0.0 ms]
   [Eden: 1024.0K(29.0M)->0.0B(28.0M) Survivors: 0.0B->1024.0K Heap: 334.9M(512.0M)->334.5M(512.0M)]
 [Times: user=0.00 sys=0.00, real=0.00 secs] 
2020-10-28T20:33:50.860+0800: 0.935: [GC concurrent-root-region-scan-start]
2020-10-28T20:33:50.860+0800: 0.935: [GC concurrent-root-region-scan-end, 0.0000843 secs]
2020-10-28T20:33:50.860+0800: 0.935: [GC concurrent-mark-start]
2020-10-28T20:33:50.861+0800: 0.936: [GC concurrent-mark-end, 0.0011707 secs]
2020-10-28T20:33:50.861+0800: 0.936: [GC remark 2020-10-28T20:33:50.861+0800: 0.936: [Finalize Marking, 0.0004240 secs] 2020-10-28T20:33:50.862+0800: 0.937: [GC ref-proc, 0.0002643 secs] 2020-10-28T20:33:50.862+0800: 0.937: [Unloading, 0.0008214 secs], 0.0024455 secs]
 [Times: user=0.00 sys=0.00, real=0.00 secs] 
2020-10-28T20:33:50.864+0800: 0.939: [GC cleanup 350M->350M(512M), 0.0020485 secs]
 [Times: user=0.00 sys=0.00, real=0.00 secs] 
2020-10-28T20:33:50.869+0800: 0.944: [GC pause (G1 Evacuation Pause) (young), 0.0019407 secs]
   [Parallel Time: 1.4 ms, GC Workers: 10]
      [GC Worker Start (ms): Min: 944.6, Avg: 944.6, Max: 944.6, Diff: 0.1]
      [Ext Root Scanning (ms): Min: 0.0, Avg: 0.1, Max: 0.1, Diff: 0.1, Sum: 0.7]
      [Update RS (ms): Min: 0.6, Avg: 0.6, Max: 0.6, Diff: 0.1, Sum: 6.2]
         [Processed Buffers: Min: 9, Avg: 9.7, Max: 10, Diff: 1, Sum: 97]
      [Scan RS (ms): Min: 0.0, Avg: 0.0, Max: 0.0, Diff: 0.0, Sum: 0.0]
      [Code Root Scanning (ms): Min: 0.0, Avg: 0.0, Max: 0.0, Diff: 0.0, Sum: 0.0]
      [Object Copy (ms): Min: 0.5, Avg: 0.6, Max: 0.6, Diff: 0.2, Sum: 5.9]
      [Termination (ms): Min: 0.0, Avg: 0.1, Max: 0.2, Diff: 0.2, Sum: 0.8]
         [Termination Attempts: Min: 1, Avg: 1.0, Max: 1, Diff: 0, Sum: 10]
      [GC Worker Other (ms): Min: 0.0, Avg: 0.0, Max: 0.0, Diff: 0.0, Sum: 0.1]
      [GC Worker Total (ms): Min: 1.3, Avg: 1.4, Max: 1.4, Diff: 0.1, Sum: 13.7]
      [GC Worker End (ms): Min: 946.0, Avg: 946.0, Max: 946.0, Diff: 0.0]
   [Code Root Fixup: 0.0 ms]
   [Code Root Purge: 0.0 ms]
   [Clear CT: 0.1 ms]
   [Other: 0.4 ms]
      [Choose CSet: 0.0 ms]
      [Ref Proc: 0.1 ms]
      [Ref Enq: 0.0 ms]
      [Redirty Cards: 0.1 ms]
      [Humongous Register: 0.1 ms]
      [Humongous Reclaim: 0.0 ms]
      [Free CSet: 0.0 ms]
   [Eden: 28.0M(28.0M)->0.0B(21.0M) Survivors: 1024.0K->4096.0K Heap: 374.1M(512.0M)->345.0M(512.0M)]
 [Times: user=0.16 sys=0.00, real=0.00 secs] 
2020-10-28T20:33:50.871+0800: 0.947: [GC pause (G1 Humongous Allocation) (young) (initial-mark), 0.0009009 secs]
   [Parallel Time: 0.5 ms, GC Workers: 10]
      [GC Worker Start (ms): Min: 946.8, Avg: 946.8, Max: 946.8, Diff: 0.1]
      [Ext Root Scanning (ms): Min: 0.0, Avg: 0.1, Max: 0.1, Diff: 0.1, Sum: 0.7]
      [Update RS (ms): Min: 0.0, Avg: 0.0, Max: 0.1, Diff: 0.1, Sum: 0.4]
         [Processed Buffers: Min: 1, Avg: 1.2, Max: 2, Diff: 1, Sum: 12]
      [Scan RS (ms): Min: 0.0, Avg: 0.0, Max: 0.0, Diff: 0.0, Sum: 0.0]
      [Code Root Scanning (ms): Min: 0.0, Avg: 0.0, Max: 0.0, Diff: 0.0, Sum: 0.0]
      [Object Copy (ms): Min: 0.2, Avg: 0.3, Max: 0.3, Diff: 0.1, Sum: 2.5]
      [Termination (ms): Min: 0.0, Avg: 0.1, Max: 0.1, Diff: 0.1, Sum: 0.8]
         [Termination Attempts: Min: 1, Avg: 1.0, Max: 1, Diff: 0, Sum: 10]
      [GC Worker Other (ms): Min: 0.0, Avg: 0.0, Max: 0.0, Diff: 0.0, Sum: 0.0]
      [GC Worker Total (ms): Min: 0.4, Avg: 0.5, Max: 0.5, Diff: 0.1, Sum: 4.6]
      [GC Worker End (ms): Min: 947.3, Avg: 947.3, Max: 947.3, Diff: 0.0]
   [Code Root Fixup: 0.0 ms]
   [Code Root Purge: 0.0 ms]
   [Clear CT: 0.1 ms]
   [Other: 0.3 ms]
      [Choose CSet: 0.0 ms]
      [Ref Proc: 0.1 ms]
      [Ref Enq: 0.0 ms]
      [Redirty Cards: 0.1 ms]
      [Humongous Register: 0.1 ms]
      [Humongous Reclaim: 0.0 ms]
      [Free CSet: 0.0 ms]
   [Eden: 1024.0K(21.0M)->0.0B(24.0M) Survivors: 4096.0K->1024.0K Heap: 345.8M(512.0M)->345.3M(512.0M)]
 [Times: user=0.00 sys=0.00, real=0.00 secs] 
2020-10-28T20:33:50.872+0800: 0.948: [GC concurrent-root-region-scan-start]
2020-10-28T20:33:50.872+0800: 0.948: [GC concurrent-root-region-scan-end, 0.0000381 secs]
2020-10-28T20:33:50.872+0800: 0.948: [GC concurrent-mark-start]
2020-10-28T20:33:50.874+0800: 0.949: [GC concurrent-mark-end, 0.0016004 secs]
2020-10-28T20:33:50.874+0800: 0.949: [GC remark 2020-10-28T20:33:50.874+0800: 0.949: [Finalize Marking, 0.0001639 secs] 2020-10-28T20:33:50.874+0800: 0.950: [GC ref-proc, 0.0003102 secs] 2020-10-28T20:33:50.875+0800: 0.950: [Unloading, 0.0003715 secs], 0.0013969 secs]
 [Times: user=0.00 sys=0.00, real=0.00 secs] 
2020-10-28T20:33:50.876+0800: 0.951: [GC cleanup 356M->356M(512M), 0.0005234 secs]
 [Times: user=0.00 sys=0.00, real=0.00 secs] 
2020-10-28T20:33:50.878+0800: 0.954: [GC pause (G1 Evacuation Pause) (young), 0.0021358 secs]
   [Parallel Time: 1.4 ms, GC Workers: 10]
      [GC Worker Start (ms): Min: 953.7, Avg: 953.8, Max: 953.9, Diff: 0.2]
      [Ext Root Scanning (ms): Min: 0.0, Avg: 0.0, Max: 0.2, Diff: 0.2, Sum: 0.5]
      [Update RS (ms): Min: 0.4, Avg: 0.4, Max: 0.4, Diff: 0.0, Sum: 4.2]
         [Processed Buffers: Min: 6, Avg: 6.5, Max: 8, Diff: 2, Sum: 65]
      [Scan RS (ms): Min: 0.0, Avg: 0.0, Max: 0.0, Diff: 0.0, Sum: 0.0]
      [Code Root Scanning (ms): Min: 0.0, Avg: 0.0, Max: 0.0, Diff: 0.0, Sum: 0.0]
      [Object Copy (ms): Min: 0.4, Avg: 0.4, Max: 0.5, Diff: 0.1, Sum: 4.2]
      [Termination (ms): Min: 0.0, Avg: 0.0, Max: 0.1, Diff: 0.1, Sum: 0.4]
         [Termination Attempts: Min: 1, Avg: 1.0, Max: 1, Diff: 0, Sum: 10]
      [GC Worker Other (ms): Min: 0.0, Avg: 0.0, Max: 0.0, Diff: 0.0, Sum: 0.1]
      [GC Worker Total (ms): Min: 0.9, Avg: 0.9, Max: 1.1, Diff: 0.2, Sum: 9.4]
      [GC Worker End (ms): Min: 954.8, Avg: 954.8, Max: 954.8, Diff: 0.0]
   [Code Root Fixup: 0.0 ms]
   [Code Root Purge: 0.0 ms]
   [Clear CT: 0.1 ms]
   [Other: 0.6 ms]
      [Choose CSet: 0.0 ms]
      [Ref Proc: 0.3 ms]
      [Ref Enq: 0.0 ms]
      [Redirty Cards: 0.1 ms]
      [Humongous Register: 0.1 ms]
      [Humongous Reclaim: 0.0 ms]
      [Free CSet: 0.0 ms]
   [Eden: 24.0M(24.0M)->0.0B(21.0M) Survivors: 1024.0K->4096.0K Heap: 376.0M(512.0M)->351.4M(512.0M)]
 [Times: user=0.00 sys=0.00, real=0.00 secs] 
2020-10-28T20:33:50.884+0800: 0.959: [GC pause (G1 Evacuation Pause) (mixed), 0.0024817 secs]
   [Parallel Time: 1.9 ms, GC Workers: 10]
      [GC Worker Start (ms): Min: 959.1, Avg: 959.2, Max: 959.5, Diff: 0.4]
      [Ext Root Scanning (ms): Min: 0.0, Avg: 0.1, Max: 0.1, Diff: 0.1, Sum: 0.6]
      [Update RS (ms): Min: 0.2, Avg: 0.4, Max: 0.5, Diff: 0.3, Sum: 4.0]
         [Processed Buffers: Min: 3, Avg: 6.7, Max: 9, Diff: 6, Sum: 67]
      [Scan RS (ms): Min: 0.0, Avg: 0.0, Max: 0.0, Diff: 0.0, Sum: 0.1]
      [Code Root Scanning (ms): Min: 0.0, Avg: 0.0, Max: 0.0, Diff: 0.0, Sum: 0.0]
      [Object Copy (ms): Min: 1.0, Avg: 1.1, Max: 1.2, Diff: 0.2, Sum: 11.0]
      [Termination (ms): Min: 0.0, Avg: 0.1, Max: 0.2, Diff: 0.2, Sum: 1.1]
         [Termination Attempts: Min: 1, Avg: 1.0, Max: 1, Diff: 0, Sum: 10]
      [GC Worker Other (ms): Min: 0.0, Avg: 0.0, Max: 0.0, Diff: 0.0, Sum: 0.1]
      [GC Worker Total (ms): Min: 1.4, Avg: 1.7, Max: 1.8, Diff: 0.4, Sum: 16.9]
      [GC Worker End (ms): Min: 960.9, Avg: 960.9, Max: 961.0, Diff: 0.1]
   [Code Root Fixup: 0.0 ms]
   [Code Root Purge: 0.0 ms]
   [Clear CT: 0.1 ms]
   [Other: 0.5 ms]
      [Choose CSet: 0.0 ms]
      [Ref Proc: 0.1 ms]
      [Ref Enq: 0.0 ms]
      [Redirty Cards: 0.1 ms]
      [Humongous Register: 0.1 ms]
      [Humongous Reclaim: 0.0 ms]
      [Free CSet: 0.0 ms]
   [Eden: 21.0M(21.0M)->0.0B(21.0M) Survivors: 4096.0K->4096.0K Heap: 379.5M(512.0M)->355.9M(512.0M)]
 [Times: user=0.11 sys=0.03, real=0.00 secs] 
2020-10-28T20:33:50.887+0800: 0.962: [GC pause (G1 Humongous Allocation) (young) (initial-mark), 0.0026582 secs]
   [Parallel Time: 0.6 ms, GC Workers: 10]
      [GC Worker Start (ms): Min: 962.0, Avg: 962.1, Max: 962.1, Diff: 0.2]
      [Ext Root Scanning (ms): Min: 0.0, Avg: 0.1, Max: 0.3, Diff: 0.3, Sum: 1.3]
      [Update RS (ms): Min: 0.0, Avg: 0.0, Max: 0.1, Diff: 0.1, Sum: 0.3]
         [Processed Buffers: Min: 0, Avg: 1.1, Max: 3, Diff: 3, Sum: 11]
      [Scan RS (ms): Min: 0.0, Avg: 0.0, Max: 0.0, Diff: 0.0, Sum: 0.0]
      [Code Root Scanning (ms): Min: 0.0, Avg: 0.0, Max: 0.0, Diff: 0.0, Sum: 0.0]
      [Object Copy (ms): Min: 0.1, Avg: 0.2, Max: 0.2, Diff: 0.1, Sum: 1.7]
      [Termination (ms): Min: 0.0, Avg: 0.1, Max: 0.1, Diff: 0.1, Sum: 0.6]
         [Termination Attempts: Min: 1, Avg: 1.0, Max: 1, Diff: 0, Sum: 10]
      [GC Worker Other (ms): Min: 0.0, Avg: 0.0, Max: 0.0, Diff: 0.0, Sum: 0.0]
      [GC Worker Total (ms): Min: 0.3, Avg: 0.4, Max: 0.5, Diff: 0.2, Sum: 3.9]
      [GC Worker End (ms): Min: 962.4, Avg: 962.4, Max: 962.5, Diff: 0.0]
   [Code Root Fixup: 0.0 ms]
   [Code Root Purge: 0.0 ms]
   [Clear CT: 0.6 ms]
   [Other: 1.4 ms]
      [Choose CSet: 0.0 ms]
      [Ref Proc: 0.7 ms]
      [Ref Enq: 0.0 ms]
      [Redirty Cards: 0.6 ms]
      [Humongous Register: 0.1 ms]
      [Humongous Reclaim: 0.0 ms]
      [Free CSet: 0.0 ms]
   [Eden: 2048.0K(21.0M)->0.0B(24.0M) Survivors: 4096.0K->1024.0K Heap: 357.6M(512.0M)->355.1M(512.0M)]
 [Times: user=0.00 sys=0.00, real=0.00 secs] 
2020-10-28T20:33:50.889+0800: 0.965: [GC concurrent-root-region-scan-start]
2020-10-28T20:33:50.889+0800: 0.965: [GC concurrent-root-region-scan-end, 0.0001568 secs]
2020-10-28T20:33:50.889+0800: 0.965: [GC concurrent-mark-start]
2020-10-28T20:33:50.891+0800: 0.966: [GC concurrent-mark-end, 0.0013489 secs]
2020-10-28T20:33:50.891+0800: 0.966: [GC remark 2020-10-28T20:33:50.891+0800: 0.966: [Finalize Marking, 0.0004836 secs] 2020-10-28T20:33:50.891+0800: 0.967: [GC ref-proc, 0.0002418 secs] 2020-10-28T20:33:50.892+0800: 0.967: [Unloading, 0.0005091 secs], 0.0019639 secs]
 [Times: user=0.00 sys=0.00, real=0.00 secs] 
2020-10-28T20:33:50.893+0800: 0.968: [GC cleanup 369M->369M(512M), 0.0018081 secs]
 [Times: user=0.00 sys=0.00, real=0.00 secs] 
2020-10-28T20:33:50.897+0800: 0.972: [GC pause (G1 Evacuation Pause) (young), 0.0025965 secs]
   [Parallel Time: 1.4 ms, GC Workers: 10]
      [GC Worker Start (ms): Min: 972.4, Avg: 972.5, Max: 972.6, Diff: 0.1]
      [Ext Root Scanning (ms): Min: 0.0, Avg: 0.0, Max: 0.1, Diff: 0.1, Sum: 0.5]
      [Update RS (ms): Min: 0.3, Avg: 0.4, Max: 0.4, Diff: 0.1, Sum: 3.6]
         [Processed Buffers: Min: 5, Avg: 5.7, Max: 6, Diff: 1, Sum: 57]
      [Scan RS (ms): Min: 0.0, Avg: 0.0, Max: 0.0, Diff: 0.0, Sum: 0.0]
      [Code Root Scanning (ms): Min: 0.0, Avg: 0.0, Max: 0.0, Diff: 0.0, Sum: 0.0]
      [Object Copy (ms): Min: 0.5, Avg: 0.5, Max: 0.6, Diff: 0.1, Sum: 5.4]
      [Termination (ms): Min: 0.0, Avg: 0.0, Max: 0.1, Diff: 0.1, Sum: 0.5]
         [Termination Attempts: Min: 1, Avg: 1.2, Max: 2, Diff: 1, Sum: 12]
      [GC Worker Other (ms): Min: 0.0, Avg: 0.0, Max: 0.0, Diff: 0.0, Sum: 0.1]
      [GC Worker Total (ms): Min: 1.0, Avg: 1.0, Max: 1.1, Diff: 0.1, Sum: 10.1]
      [GC Worker End (ms): Min: 973.5, Avg: 973.5, Max: 973.5, Diff: 0.0]
   [Code Root Fixup: 0.0 ms]
   [Code Root Purge: 0.0 ms]
   [Clear CT: 0.6 ms]
   [Other: 0.7 ms]
      [Choose CSet: 0.0 ms]
      [Ref Proc: 0.2 ms]
      [Ref Enq: 0.0 ms]
      [Redirty Cards: 0.3 ms]
      [Humongous Register: 0.1 ms]
      [Humongous Reclaim: 0.0 ms]
      [Free CSet: 0.0 ms]
   [Eden: 24.0M(24.0M)->0.0B(21.0M) Survivors: 1024.0K->4096.0K Heap: 385.2M(512.0M)->363.0M(512.0M)]
 [Times: user=0.00 sys=0.00, real=0.00 secs] 
2020-10-28T20:33:50.903+0800: 0.978: [GC pause (G1 Evacuation Pause) (mixed), 0.0051833 secs]
   [Parallel Time: 3.4 ms, GC Workers: 10]
      [GC Worker Start (ms): Min: 978.0, Avg: 978.1, Max: 978.2, Diff: 0.2]
      [Ext Root Scanning (ms): Min: 0.0, Avg: 0.0, Max: 0.1, Diff: 0.1, Sum: 0.4]
      [Update RS (ms): Min: 0.4, Avg: 0.4, Max: 0.5, Diff: 0.1, Sum: 4.2]
         [Processed Buffers: Min: 6, Avg: 6.8, Max: 8, Diff: 2, Sum: 68]
      [Scan RS (ms): Min: 0.0, Avg: 0.0, Max: 0.0, Diff: 0.0, Sum: 0.1]
      [Code Root Scanning (ms): Min: 0.0, Avg: 0.0, Max: 0.0, Diff: 0.0, Sum: 0.0]
      [Object Copy (ms): Min: 2.1, Avg: 2.1, Max: 2.2, Diff: 0.2, Sum: 21.2]
      [Termination (ms): Min: 0.0, Avg: 0.1, Max: 0.2, Diff: 0.2, Sum: 1.0]
         [Termination Attempts: Min: 1, Avg: 1.0, Max: 1, Diff: 0, Sum: 10]
      [GC Worker Other (ms): Min: 0.0, Avg: 0.0, Max: 0.0, Diff: 0.0, Sum: 0.1]
      [GC Worker Total (ms): Min: 2.6, Avg: 2.7, Max: 2.8, Diff: 0.2, Sum: 26.9]
      [GC Worker End (ms): Min: 980.8, Avg: 980.8, Max: 980.8, Diff: 0.0]
   [Code Root Fixup: 0.0 ms]
   [Code Root Purge: 0.0 ms]
   [Clear CT: 0.8 ms]
   [Other: 0.9 ms]
      [Choose CSet: 0.0 ms]
      [Ref Proc: 0.4 ms]
      [Ref Enq: 0.0 ms]
      [Redirty Cards: 0.4 ms]
      [Humongous Register: 0.1 ms]
      [Humongous Reclaim: 0.0 ms]
      [Free CSet: 0.0 ms]
   [Eden: 21.0M(21.0M)->0.0B(21.0M) Survivors: 4096.0K->4096.0K Heap: 391.2M(512.0M)->360.8M(512.0M)]
 [Times: user=0.00 sys=0.00, real=0.00 secs] 
2020-10-28T20:33:50.908+0800: 0.983: [GC pause (G1 Humongous Allocation) (young) (initial-mark), 0.0016745 secs]
   [Parallel Time: 0.7 ms, GC Workers: 10]
      [GC Worker Start (ms): Min: 983.4, Avg: 983.5, Max: 983.5, Diff: 0.1]
      [Ext Root Scanning (ms): Min: 0.0, Avg: 0.1, Max: 0.1, Diff: 0.1, Sum: 0.6]
      [Update RS (ms): Min: 0.0, Avg: 0.1, Max: 0.1, Diff: 0.1, Sum: 0.6]
         [Processed Buffers: Min: 1, Avg: 1.1, Max: 2, Diff: 1, Sum: 11]
      [Scan RS (ms): Min: 0.0, Avg: 0.0, Max: 0.0, Diff: 0.0, Sum: 0.0]
      [Code Root Scanning (ms): Min: 0.0, Avg: 0.0, Max: 0.0, Diff: 0.0, Sum: 0.0]
      [Object Copy (ms): Min: 0.2, Avg: 0.3, Max: 0.3, Diff: 0.1, Sum: 2.8]
      [Termination (ms): Min: 0.0, Avg: 0.0, Max: 0.1, Diff: 0.1, Sum: 0.3]
         [Termination Attempts: Min: 1, Avg: 1.0, Max: 1, Diff: 0, Sum: 10]
      [GC Worker Other (ms): Min: 0.0, Avg: 0.0, Max: 0.0, Diff: 0.0, Sum: 0.1]
      [GC Worker Total (ms): Min: 0.4, Avg: 0.4, Max: 0.5, Diff: 0.1, Sum: 4.3]
      [GC Worker End (ms): Min: 983.9, Avg: 983.9, Max: 983.9, Diff: 0.0]
   [Code Root Fixup: 0.0 ms]
   [Code Root Purge: 0.0 ms]
   [Clear CT: 0.4 ms]
   [Other: 0.6 ms]
      [Choose CSet: 0.0 ms]
      [Ref Proc: 0.2 ms]
      [Ref Enq: 0.0 ms]
      [Redirty Cards: 0.2 ms]
      [Humongous Register: 0.1 ms]
      [Humongous Reclaim: 0.0 ms]
      [Free CSet: 0.0 ms]
   [Eden: 1024.0K(21.0M)->0.0B(25.0M) Survivors: 4096.0K->0.0B Heap: 361.5M(512.0M)->360.9M(512.0M)]
 [Times: user=0.00 sys=0.00, real=0.00 secs] 
2020-10-28T20:33:50.910+0800: 0.985: [GC concurrent-root-region-scan-start]
2020-10-28T20:33:50.910+0800: 0.985: [GC concurrent-root-region-scan-end, 0.0000062 secs]
2020-10-28T20:33:50.910+0800: 0.985: [GC concurrent-mark-start]
2020-10-28T20:33:50.911+0800: 0.986: [GC concurrent-mark-end, 0.0013697 secs]
2020-10-28T20:33:50.911+0800: 0.987: [GC remark 2020-10-28T20:33:50.911+0800: 0.987: [Finalize Marking, 0.0001975 secs] 2020-10-28T20:33:50.912+0800: 0.987: [GC ref-proc, 0.0002177 secs] 2020-10-28T20:33:50.912+0800: 0.987: [Unloading, 0.0005120 secs], 0.0015039 secs]
 [Times: user=0.00 sys=0.00, real=0.00 secs] 
2020-10-28T20:33:50.913+0800: 0.988: [GC cleanup 374M->374M(512M), 0.0011470 secs]
 [Times: user=0.00 sys=0.00, real=0.00 secs] 
2020-10-28T20:33:50.916+0800: 0.991: [GC pause (G1 Evacuation Pause) (young), 0.0023516 secs]
   [Parallel Time: 1.4 ms, GC Workers: 10]
      [GC Worker Start (ms): Min: 991.2, Avg: 991.2, Max: 991.3, Diff: 0.1]
      [Ext Root Scanning (ms): Min: 0.0, Avg: 0.1, Max: 0.1, Diff: 0.1, Sum: 0.6]
      [Update RS (ms): Min: 0.3, Avg: 0.3, Max: 0.3, Diff: 0.0, Sum: 3.1]
         [Processed Buffers: Min: 4, Avg: 5.1, Max: 6, Diff: 2, Sum: 51]
      [Scan RS (ms): Min: 0.0, Avg: 0.0, Max: 0.0, Diff: 0.0, Sum: 0.0]
      [Code Root Scanning (ms): Min: 0.0, Avg: 0.0, Max: 0.0, Diff: 0.0, Sum: 0.0]
      [Object Copy (ms): Min: 0.6, Avg: 0.6, Max: 0.7, Diff: 0.1, Sum: 6.2]
      [Termination (ms): Min: 0.0, Avg: 0.1, Max: 0.1, Diff: 0.1, Sum: 0.5]
         [Termination Attempts: Min: 1, Avg: 1.0, Max: 1, Diff: 0, Sum: 10]
      [GC Worker Other (ms): Min: 0.0, Avg: 0.0, Max: 0.0, Diff: 0.0, Sum: 0.1]
      [GC Worker Total (ms): Min: 1.0, Avg: 1.1, Max: 1.1, Diff: 0.1, Sum: 10.6]
      [GC Worker End (ms): Min: 992.3, Avg: 992.3, Max: 992.3, Diff: 0.0]
   [Code Root Fixup: 0.0 ms]
   [Code Root Purge: 0.0 ms]
   [Clear CT: 0.2 ms]
   [Other: 0.8 ms]
      [Choose CSet: 0.0 ms]
      [Ref Proc: 0.4 ms]
      [Ref Enq: 0.0 ms]
      [Redirty Cards: 0.2 ms]
      [Humongous Register: 0.1 ms]
      [Humongous Reclaim: 0.0 ms]
      [Free CSet: 0.0 ms]
   [Eden: 25.0M(25.0M)->0.0B(21.0M) Survivors: 0.0B->4096.0K Heap: 391.1M(512.0M)->371.8M(512.0M)]
 [Times: user=0.16 sys=0.00, real=0.00 secs] 
2020-10-28T20:33:50.921+0800: 0.996: [GC pause (G1 Evacuation Pause) (mixed) (to-space exhausted), 0.0050692 secs]
   [Parallel Time: 3.5 ms, GC Workers: 10]
      [GC Worker Start (ms): Min: 996.2, Avg: 996.2, Max: 996.2, Diff: 0.1]
      [Ext Root Scanning (ms): Min: 0.0, Avg: 0.1, Max: 0.1, Diff: 0.1, Sum: 0.7]
      [Update RS (ms): Min: 0.2, Avg: 0.2, Max: 0.2, Diff: 0.0, Sum: 1.8]
         [Processed Buffers: Min: 3, Avg: 3.2, Max: 4, Diff: 1, Sum: 32]
      [Scan RS (ms): Min: 0.0, Avg: 0.0, Max: 0.0, Diff: 0.0, Sum: 0.2]
      [Code Root Scanning (ms): Min: 0.0, Avg: 0.0, Max: 0.0, Diff: 0.0, Sum: 0.0]
      [Object Copy (ms): Min: 2.7, Avg: 2.7, Max: 2.8, Diff: 0.1, Sum: 27.0]
      [Termination (ms): Min: 0.0, Avg: 0.1, Max: 0.1, Diff: 0.1, Sum: 0.6]
         [Termination Attempts: Min: 1, Avg: 1.0, Max: 1, Diff: 0, Sum: 10]
      [GC Worker Other (ms): Min: 0.0, Avg: 0.0, Max: 0.0, Diff: 0.0, Sum: 0.2]
      [GC Worker Total (ms): Min: 3.0, Avg: 3.0, Max: 3.1, Diff: 0.1, Sum: 30.5]
      [GC Worker End (ms): Min: 999.2, Avg: 999.3, Max: 999.3, Diff: 0.0]
   [Code Root Fixup: 0.0 ms]
   [Code Root Purge: 0.0 ms]
   [Clear CT: 0.7 ms]
   [Other: 0.9 ms]
      [Evacuation Failure: 0.3 ms]
      [Choose CSet: 0.0 ms]
      [Ref Proc: 0.2 ms]
      [Ref Enq: 0.0 ms]
      [Redirty Cards: 0.2 ms]
      [Humongous Register: 0.1 ms]
      [Humongous Reclaim: 0.0 ms]
      [Free CSet: 0.0 ms]
   [Eden: 21.0M(21.0M)->0.0B(21.0M) Survivors: 4096.0K->4096.0K Heap: 395.4M(512.0M)->367.6M(512.0M)]
 [Times: user=0.00 sys=0.00, real=0.01 secs] 
2020-10-28T20:33:50.926+0800: 1.002: [GC pause (G1 Humongous Allocation) (young) (initial-mark), 0.0016100 secs]
   [Parallel Time: 0.6 ms, GC Workers: 10]
      [GC Worker Start (ms): Min: 1001.8, Avg: 1001.9, Max: 1001.9, Diff: 0.1]
      [Ext Root Scanning (ms): Min: 0.0, Avg: 0.1, Max: 0.1, Diff: 0.1, Sum: 0.6]
      [Update RS (ms): Min: 0.1, Avg: 0.1, Max: 0.1, Diff: 0.1, Sum: 0.7]
         [Processed Buffers: Min: 1, Avg: 2.1, Max: 5, Diff: 4, Sum: 21]
      [Scan RS (ms): Min: 0.0, Avg: 0.0, Max: 0.0, Diff: 0.0, Sum: 0.0]
      [Code Root Scanning (ms): Min: 0.0, Avg: 0.0, Max: 0.0, Diff: 0.0, Sum: 0.0]
      [Object Copy (ms): Min: 0.3, Avg: 0.3, Max: 0.3, Diff: 0.1, Sum: 2.8]
      [Termination (ms): Min: 0.0, Avg: 0.0, Max: 0.1, Diff: 0.1, Sum: 0.4]
         [Termination Attempts: Min: 1, Avg: 1.0, Max: 1, Diff: 0, Sum: 10]
      [GC Worker Other (ms): Min: 0.0, Avg: 0.0, Max: 0.0, Diff: 0.0, Sum: 0.1]
      [GC Worker Total (ms): Min: 0.4, Avg: 0.5, Max: 0.5, Diff: 0.1, Sum: 4.6]
      [GC Worker End (ms): Min: 1002.3, Avg: 1002.3, Max: 1002.3, Diff: 0.0]
   [Code Root Fixup: 0.0 ms]
   [Code Root Purge: 0.0 ms]
   [Clear CT: 0.4 ms]
   [Other: 0.6 ms]
      [Choose CSet: 0.0 ms]
      [Ref Proc: 0.2 ms]
      [Ref Enq: 0.0 ms]
      [Redirty Cards: 0.2 ms]
      [Humongous Register: 0.1 ms]
      [Humongous Reclaim: 0.0 ms]
      [Free CSet: 0.0 ms]
   [Eden: 4096.0K(21.0M)->0.0B(24.0M) Survivors: 4096.0K->1024.0K Heap: 371.6M(512.0M)->366.8M(512.0M)]
 [Times: user=0.00 sys=0.00, real=0.00 secs] 
2020-10-28T20:33:50.928+0800: 1.003: [GC concurrent-root-region-scan-start]
2020-10-28T20:33:50.928+0800: 1.004: [GC concurrent-root-region-scan-end, 0.0001283 secs]
2020-10-28T20:33:50.928+0800: 1.004: [GC concurrent-mark-start]
2020-10-28T20:33:50.930+0800: 1.005: [GC concurrent-mark-end, 0.0013267 secs]
2020-10-28T20:33:50.930+0800: 1.005: [GC remark 2020-10-28T20:33:50.930+0800: 1.005: [Finalize Marking, 0.0003558 secs] 2020-10-28T20:33:50.930+0800: 1.005: [GC ref-proc, 0.0002282 secs] 2020-10-28T20:33:50.930+0800: 1.006: [Unloading, 0.0005543 secs], 0.0016048 secs]
 [Times: user=0.00 sys=0.00, real=0.00 secs] 
2020-10-28T20:33:50.932+0800: 1.007: [GC cleanup 383M->383M(512M), 0.0013919 secs]
 [Times: user=0.09 sys=0.00, real=0.00 secs] 
2020-10-28T20:33:50.935+0800: 1.010: [GC pause (G1 Evacuation Pause) (young), 0.0018445 secs]
   [Parallel Time: 1.3 ms, GC Workers: 10]
      [GC Worker Start (ms): Min: 1009.9, Avg: 1009.9, Max: 1009.9, Diff: 0.1]
      [Ext Root Scanning (ms): Min: 0.0, Avg: 0.1, Max: 0.1, Diff: 0.1, Sum: 0.7]
      [Update RS (ms): Min: 0.3, Avg: 0.3, Max: 0.4, Diff: 0.0, Sum: 3.3]
         [Processed Buffers: Min: 5, Avg: 5.1, Max: 6, Diff: 1, Sum: 51]
      [Scan RS (ms): Min: 0.0, Avg: 0.0, Max: 0.0, Diff: 0.0, Sum: 0.0]
      [Code Root Scanning (ms): Min: 0.0, Avg: 0.0, Max: 0.0, Diff: 0.0, Sum: 0.0]
      [Object Copy (ms): Min: 0.7, Avg: 0.7, Max: 0.8, Diff: 0.2, Sum: 7.5]
      [Termination (ms): Min: 0.0, Avg: 0.1, Max: 0.1, Diff: 0.1, Sum: 0.6]
         [Termination Attempts: Min: 1, Avg: 1.0, Max: 1, Diff: 0, Sum: 10]
      [GC Worker Other (ms): Min: 0.0, Avg: 0.0, Max: 0.0, Diff: 0.0, Sum: 0.1]
      [GC Worker Total (ms): Min: 1.2, Avg: 1.2, Max: 1.3, Diff: 0.1, Sum: 12.2]
      [GC Worker End (ms): Min: 1011.1, Avg: 1011.1, Max: 1011.1, Diff: 0.0]
   [Code Root Fixup: 0.0 ms]
   [Code Root Purge: 0.0 ms]
   [Clear CT: 0.1 ms]
   [Other: 0.4 ms]
      [Choose CSet: 0.0 ms]
      [Ref Proc: 0.1 ms]
      [Ref Enq: 0.0 ms]
      [Redirty Cards: 0.1 ms]
      [Humongous Register: 0.1 ms]
      [Humongous Reclaim: 0.0 ms]
      [Free CSet: 0.0 ms]
   [Eden: 24.0M(24.0M)->0.0B(21.0M) Survivors: 1024.0K->4096.0K Heap: 396.0M(512.0M)->378.1M(512.0M)]
 [Times: user=0.00 sys=0.00, real=0.00 secs] 
2020-10-28T20:33:50.939+0800: 1.015: [GC pause (G1 Evacuation Pause) (mixed) (to-space exhausted), 0.0043637 secs]
   [Parallel Time: 2.9 ms, GC Workers: 10]
      [GC Worker Start (ms): Min: 1014.8, Avg: 1014.9, Max: 1014.9, Diff: 0.1]
      [Ext Root Scanning (ms): Min: 0.0, Avg: 0.1, Max: 0.1, Diff: 0.1, Sum: 0.7]
      [Update RS (ms): Min: 0.4, Avg: 0.4, Max: 0.5, Diff: 0.1, Sum: 4.5]
         [Processed Buffers: Min: 6, Avg: 6.9, Max: 7, Diff: 1, Sum: 69]
      [Scan RS (ms): Min: 0.0, Avg: 0.0, Max: 0.0, Diff: 0.0, Sum: 0.2]
      [Code Root Scanning (ms): Min: 0.0, Avg: 0.0, Max: 0.0, Diff: 0.0, Sum: 0.0]
      [Object Copy (ms): Min: 1.9, Avg: 1.9, Max: 1.9, Diff: 0.0, Sum: 18.9]
      [Termination (ms): Min: 0.0, Avg: 0.0, Max: 0.0, Diff: 0.0, Sum: 0.1]
         [Termination Attempts: Min: 1, Avg: 1.0, Max: 1, Diff: 0, Sum: 10]
      [GC Worker Other (ms): Min: 0.0, Avg: 0.0, Max: 0.0, Diff: 0.0, Sum: 0.1]
      [GC Worker Total (ms): Min: 2.4, Avg: 2.4, Max: 2.5, Diff: 0.1, Sum: 24.5]
      [GC Worker End (ms): Min: 1017.3, Avg: 1017.3, Max: 1017.3, Diff: 0.0]
   [Code Root Fixup: 0.0 ms]
   [Code Root Purge: 0.0 ms]
   [Clear CT: 0.4 ms]
   [Other: 1.0 ms]
      [Evacuation Failure: 0.2 ms]
      [Choose CSet: 0.0 ms]
      [Ref Proc: 0.4 ms]
      [Ref Enq: 0.0 ms]
      [Redirty Cards: 0.2 ms]
      [Humongous Register: 0.1 ms]
      [Humongous Reclaim: 0.0 ms]
      [Free CSet: 0.0 ms]
   [Eden: 21.0M(21.0M)->0.0B(21.0M) Survivors: 4096.0K->4096.0K Heap: 406.3M(512.0M)->391.2M(512.0M)]
 [Times: user=0.00 sys=0.00, real=0.01 secs] 
2020-10-28T20:33:50.945+0800: 1.020: [GC pause (G1 Humongous Allocation) (young) (initial-mark), 0.0025345 secs]
   [Parallel Time: 1.1 ms, GC Workers: 10]
      [GC Worker Start (ms): Min: 1020.1, Avg: 1020.2, Max: 1020.2, Diff: 0.2]
      [Ext Root Scanning (ms): Min: 0.0, Avg: 0.1, Max: 0.2, Diff: 0.2, Sum: 0.6]
      [Update RS (ms): Min: 0.1, Avg: 0.1, Max: 0.1, Diff: 0.0, Sum: 0.6]
         [Processed Buffers: Min: 1, Avg: 2.2, Max: 5, Diff: 4, Sum: 22]
      [Scan RS (ms): Min: 0.0, Avg: 0.0, Max: 0.0, Diff: 0.0, Sum: 0.0]
      [Code Root Scanning (ms): Min: 0.0, Avg: 0.0, Max: 0.0, Diff: 0.0, Sum: 0.0]
      [Object Copy (ms): Min: 0.5, Avg: 0.6, Max: 0.6, Diff: 0.1, Sum: 5.6]
      [Termination (ms): Min: 0.0, Avg: 0.1, Max: 0.1, Diff: 0.1, Sum: 0.7]
         [Termination Attempts: Min: 1, Avg: 1.0, Max: 1, Diff: 0, Sum: 10]
      [GC Worker Other (ms): Min: 0.0, Avg: 0.0, Max: 0.0, Diff: 0.0, Sum: 0.1]
      [GC Worker Total (ms): Min: 0.7, Avg: 0.8, Max: 0.9, Diff: 0.2, Sum: 7.6]
      [GC Worker End (ms): Min: 1020.9, Avg: 1020.9, Max: 1020.9, Diff: 0.0]
   [Code Root Fixup: 0.0 ms]
   [Code Root Purge: 0.0 ms]
   [Clear CT: 0.7 ms]
   [Other: 0.8 ms]
      [Choose CSet: 0.0 ms]
      [Ref Proc: 0.3 ms]
      [Ref Enq: 0.0 ms]
      [Redirty Cards: 0.3 ms]
      [Humongous Register: 0.1 ms]
      [Humongous Reclaim: 0.0 ms]
      [Free CSet: 0.0 ms]
   [Eden: 8192.0K(21.0M)->0.0B(21.0M) Survivors: 4096.0K->4096.0K Heap: 398.4M(512.0M)->393.9M(512.0M)]
 [Times: user=0.00 sys=0.00, real=0.00 secs] 
2020-10-28T20:33:50.947+0800: 1.023: [GC concurrent-root-region-scan-start]
2020-10-28T20:33:50.948+0800: 1.023: [GC concurrent-root-region-scan-end, 0.0001075 secs]
2020-10-28T20:33:50.948+0800: 1.023: [GC concurrent-mark-start]
2020-10-28T20:33:50.949+0800: 1.024: [GC concurrent-mark-end, 0.0014672 secs]
2020-10-28T20:33:50.949+0800: 1.024: [GC remark 2020-10-28T20:33:50.949+0800: 1.024: [Finalize Marking, 0.0002240 secs] 2020-10-28T20:33:50.949+0800: 1.025: [GC ref-proc, 0.0002592 secs] 2020-10-28T20:33:50.950+0800: 1.025: [Unloading, 0.0003816 secs], 0.0014154 secs]
 [Times: user=0.00 sys=0.00, real=0.00 secs] 
2020-10-28T20:33:50.951+0800: 1.026: [GC cleanup 410M->409M(512M), 0.0006240 secs]
 [Times: user=0.00 sys=0.00, real=0.00 secs] 
2020-10-28T20:33:50.951+0800: 1.026: [GC concurrent-cleanup-start]
2020-10-28T20:33:50.951+0800: 1.026: [GC concurrent-cleanup-end, 0.0000090 secs]
2020-10-28T20:33:50.953+0800: 1.028: [GC pause (G1 Evacuation Pause) (young), 0.0029571 secs]
   [Parallel Time: 1.8 ms, GC Workers: 10]
      [GC Worker Start (ms): Min: 1028.0, Avg: 1028.0, Max: 1028.1, Diff: 0.1]
      [Ext Root Scanning (ms): Min: 0.0, Avg: 0.1, Max: 0.1, Diff: 0.1, Sum: 0.7]
      [Update RS (ms): Min: 0.4, Avg: 0.4, Max: 0.4, Diff: 0.1, Sum: 4.1]
         [Processed Buffers: Min: 5, Avg: 5.7, Max: 6, Diff: 1, Sum: 57]
      [Scan RS (ms): Min: 0.0, Avg: 0.0, Max: 0.0, Diff: 0.0, Sum: 0.0]
      [Code Root Scanning (ms): Min: 0.0, Avg: 0.0, Max: 0.0, Diff: 0.0, Sum: 0.0]
      [Object Copy (ms): Min: 0.7, Avg: 0.8, Max: 0.9, Diff: 0.2, Sum: 8.2]
      [Termination (ms): Min: 0.0, Avg: 0.1, Max: 0.1, Diff: 0.1, Sum: 0.5]
         [Termination Attempts: Min: 1, Avg: 1.0, Max: 1, Diff: 0, Sum: 10]
      [GC Worker Other (ms): Min: 0.0, Avg: 0.0, Max: 0.0, Diff: 0.0, Sum: 0.1]
      [GC Worker Total (ms): Min: 1.3, Avg: 1.4, Max: 1.4, Diff: 0.1, Sum: 13.7]
      [GC Worker End (ms): Min: 1029.4, Avg: 1029.4, Max: 1029.4, Diff: 0.0]
   [Code Root Fixup: 0.0 ms]
   [Code Root Purge: 0.0 ms]
   [Clear CT: 0.3 ms]
   [Other: 0.8 ms]
      [Choose CSet: 0.0 ms]
      [Ref Proc: 0.4 ms]
      [Ref Enq: 0.0 ms]
      [Redirty Cards: 0.2 ms]
      [Humongous Register: 0.1 ms]
      [Humongous Reclaim: 0.0 ms]
      [Free CSet: 0.0 ms]
   [Eden: 21.0M(21.0M)->0.0B(21.0M) Survivors: 4096.0K->4096.0K Heap: 419.5M(512.0M)->397.0M(512.0M)]
 [Times: user=0.00 sys=0.00, real=0.00 secs] 
2020-10-28T20:33:50.959+0800: 1.034: [GC pause (G1 Evacuation Pause) (mixed) (to-space exhausted), 0.0041011 secs]
   [Parallel Time: 2.4 ms, GC Workers: 10]
      [GC Worker Start (ms): Min: 1033.8, Avg: 1033.8, Max: 1033.9, Diff: 0.1]
      [Ext Root Scanning (ms): Min: 0.0, Avg: 0.1, Max: 0.1, Diff: 0.1, Sum: 0.8]
      [Update RS (ms): Min: 0.3, Avg: 0.3, Max: 0.4, Diff: 0.1, Sum: 3.3]
         [Processed Buffers: Min: 4, Avg: 4.8, Max: 5, Diff: 1, Sum: 48]
      [Scan RS (ms): Min: 0.0, Avg: 0.0, Max: 0.0, Diff: 0.0, Sum: 0.2]
      [Code Root Scanning (ms): Min: 0.0, Avg: 0.0, Max: 0.0, Diff: 0.0, Sum: 0.0]
      [Object Copy (ms): Min: 1.5, Avg: 1.6, Max: 1.6, Diff: 0.1, Sum: 15.5]
      [Termination (ms): Min: 0.0, Avg: 0.0, Max: 0.0, Diff: 0.0, Sum: 0.2]
         [Termination Attempts: Min: 1, Avg: 1.2, Max: 2, Diff: 1, Sum: 12]
      [GC Worker Other (ms): Min: 0.0, Avg: 0.0, Max: 0.0, Diff: 0.0, Sum: 0.1]
      [GC Worker Total (ms): Min: 2.0, Avg: 2.0, Max: 2.0, Diff: 0.1, Sum: 20.1]
      [GC Worker End (ms): Min: 1035.8, Avg: 1035.8, Max: 1035.8, Diff: 0.0]
   [Code Root Fixup: 0.0 ms]
   [Code Root Purge: 0.0 ms]
   [Clear CT: 0.5 ms]
   [Other: 1.2 ms]
      [Evacuation Failure: 0.4 ms]
      [Choose CSet: 0.0 ms]
      [Ref Proc: 0.3 ms]
      [Ref Enq: 0.0 ms]
      [Redirty Cards: 0.2 ms]
      [Humongous Register: 0.1 ms]
      [Humongous Reclaim: 0.0 ms]
      [Free CSet: 0.0 ms]
   [Eden: 21.0M(21.0M)->0.0B(22.0M) Survivors: 4096.0K->3072.0K Heap: 422.6M(512.0M)->412.0M(512.0M)]
 [Times: user=0.00 sys=0.00, real=0.00 secs] 
2020-10-28T20:33:50.965+0800: 1.040: [GC pause (G1 Evacuation Pause) (mixed) (to-space exhausted), 0.0024125 secs]
   [Parallel Time: 0.9 ms, GC Workers: 10]
      [GC Worker Start (ms): Min: 1040.6, Avg: 1040.7, Max: 1040.7, Diff: 0.1]
      [Ext Root Scanning (ms): Min: 0.1, Avg: 0.1, Max: 0.2, Diff: 0.1, Sum: 1.0]
      [Update RS (ms): Min: 0.1, Avg: 0.2, Max: 0.3, Diff: 0.1, Sum: 2.5]
         [Processed Buffers: Min: 2, Avg: 4.6, Max: 13, Diff: 11, Sum: 46]
      [Scan RS (ms): Min: 0.0, Avg: 0.0, Max: 0.0, Diff: 0.0, Sum: 0.2]
      [Code Root Scanning (ms): Min: 0.0, Avg: 0.0, Max: 0.0, Diff: 0.0, Sum: 0.0]
      [Object Copy (ms): Min: 0.3, Avg: 0.3, Max: 0.4, Diff: 0.1, Sum: 3.0]
      [Termination (ms): Min: 0.0, Avg: 0.0, Max: 0.0, Diff: 0.0, Sum: 0.3]
         [Termination Attempts: Min: 1, Avg: 1.0, Max: 1, Diff: 0, Sum: 10]
      [GC Worker Other (ms): Min: 0.0, Avg: 0.0, Max: 0.0, Diff: 0.0, Sum: 0.1]
      [GC Worker Total (ms): Min: 0.7, Avg: 0.7, Max: 0.8, Diff: 0.1, Sum: 7.0]
      [GC Worker End (ms): Min: 1041.4, Avg: 1041.4, Max: 1041.4, Diff: 0.0]
   [Code Root Fixup: 0.0 ms]
   [Code Root Purge: 0.0 ms]
   [Clear CT: 0.6 ms]
   [Other: 0.9 ms]
      [Evacuation Failure: 0.3 ms]
      [Choose CSet: 0.0 ms]
      [Ref Proc: 0.2 ms]
      [Ref Enq: 0.0 ms]
      [Redirty Cards: 0.2 ms]
      [Humongous Register: 0.1 ms]
      [Humongous Reclaim: 0.0 ms]
      [Free CSet: 0.0 ms]
   [Eden: 22.0M(22.0M)->0.0B(24.0M) Survivors: 3072.0K->1024.0K Heap: 436.7M(512.0M)->429.0M(512.0M)]
 [Times: user=0.00 sys=0.00, real=0.00 secs] 
2020-10-28T20:33:50.968+0800: 1.043: [GC pause (G1 Humongous Allocation) (young) (initial-mark), 0.0007883 secs]
   [Parallel Time: 0.2 ms, GC Workers: 10]
      [GC Worker Start (ms): Min: 1043.3, Avg: 1043.3, Max: 1043.4, Diff: 0.1]
      [Ext Root Scanning (ms): Min: 0.0, Avg: 0.1, Max: 0.1, Diff: 0.1, Sum: 0.9]
      [Update RS (ms): Min: 0.0, Avg: 0.1, Max: 0.1, Diff: 0.0, Sum: 0.5]
         [Processed Buffers: Min: 1, Avg: 2.2, Max: 5, Diff: 4, Sum: 22]
      [Scan RS (ms): Min: 0.0, Avg: 0.0, Max: 0.0, Diff: 0.0, Sum: 0.0]
      [Code Root Scanning (ms): Min: 0.0, Avg: 0.0, Max: 0.0, Diff: 0.0, Sum: 0.0]
      [Object Copy (ms): Min: 0.0, Avg: 0.0, Max: 0.1, Diff: 0.1, Sum: 0.2]
      [Termination (ms): Min: 0.0, Avg: 0.0, Max: 0.1, Diff: 0.1, Sum: 0.3]
         [Termination Attempts: Min: 1, Avg: 1.1, Max: 2, Diff: 1, Sum: 11]
      [GC Worker Other (ms): Min: 0.0, Avg: 0.0, Max: 0.0, Diff: 0.0, Sum: 0.1]
      [GC Worker Total (ms): Min: 0.2, Avg: 0.2, Max: 0.2, Diff: 0.1, Sum: 2.0]
      [GC Worker End (ms): Min: 1043.5, Avg: 1043.5, Max: 1043.5, Diff: 0.0]
   [Code Root Fixup: 0.0 ms]
   [Code Root Purge: 0.0 ms]
   [Clear CT: 0.2 ms]
   [Other: 0.4 ms]
      [Choose CSet: 0.0 ms]
      [Ref Proc: 0.1 ms]
      [Ref Enq: 0.0 ms]
      [Redirty Cards: 0.1 ms]
      [Humongous Register: 0.1 ms]
      [Humongous Reclaim: 0.0 ms]
      [Free CSet: 0.0 ms]
   [Eden: 2048.0K(24.0M)->0.0B(24.0M) Survivors: 1024.0K->1024.0K Heap: 430.5M(512.0M)->428.7M(512.0M)]
 [Times: user=0.00 sys=0.00, real=0.00 secs] 
2020-10-28T20:33:50.969+0800: 1.044: [GC concurrent-root-region-scan-start]
2020-10-28T20:33:50.969+0800: 1.044: [GC concurrent-root-region-scan-end, 0.0000734 secs]
2020-10-28T20:33:50.969+0800: 1.044: [GC concurrent-mark-start]
2020-10-28T20:33:50.970+0800: 1.045: [GC pause (G1 Evacuation Pause) (young) (to-space exhausted), 0.0011593 secs]
   [Parallel Time: 0.5 ms, GC Workers: 10]
      [GC Worker Start (ms): Min: 1045.2, Avg: 1045.3, Max: 1045.3, Diff: 0.1]
      [Ext Root Scanning (ms): Min: 0.0, Avg: 0.1, Max: 0.1, Diff: 0.1, Sum: 0.8]
      [Update RS (ms): Min: 0.2, Avg: 0.2, Max: 0.3, Diff: 0.1, Sum: 2.1]
         [Processed Buffers: Min: 3, Avg: 3.0, Max: 3, Diff: 0, Sum: 30]
      [Scan RS (ms): Min: 0.0, Avg: 0.0, Max: 0.0, Diff: 0.0, Sum: 0.0]
      [Code Root Scanning (ms): Min: 0.0, Avg: 0.0, Max: 0.0, Diff: 0.0, Sum: 0.0]
      [Object Copy (ms): Min: 0.0, Avg: 0.0, Max: 0.1, Diff: 0.1, Sum: 0.4]
      [Termination (ms): Min: 0.0, Avg: 0.0, Max: 0.1, Diff: 0.1, Sum: 0.3]
         [Termination Attempts: Min: 1, Avg: 1.0, Max: 1, Diff: 0, Sum: 10]
      [GC Worker Other (ms): Min: 0.0, Avg: 0.0, Max: 0.0, Diff: 0.0, Sum: 0.1]
      [GC Worker Total (ms): Min: 0.3, Avg: 0.4, Max: 0.4, Diff: 0.1, Sum: 3.6]
      [GC Worker End (ms): Min: 1045.6, Avg: 1045.6, Max: 1045.6, Diff: 0.0]
   [Code Root Fixup: 0.0 ms]
   [Code Root Purge: 0.0 ms]
   [Clear CT: 0.1 ms]
   [Other: 0.5 ms]
      [Evacuation Failure: 0.1 ms]
      [Choose CSet: 0.0 ms]
      [Ref Proc: 0.1 ms]
      [Ref Enq: 0.0 ms]
      [Redirty Cards: 0.2 ms]
      [Humongous Register: 0.1 ms]
      [Humongous Reclaim: 0.0 ms]
      [Free CSet: 0.0 ms]
   [Eden: 6144.0K(24.0M)->0.0B(25.0M) Survivors: 1024.0K->0.0B Heap: 437.6M(512.0M)->434.7M(512.0M)]
 [Times: user=0.00 sys=0.00, real=0.00 secs] 
2020-10-28T20:33:50.972+0800: 1.047: [GC pause (G1 Evacuation Pause) (young) (to-space exhausted), 0.0009989 secs]
   [Parallel Time: 0.3 ms, GC Workers: 10]
      [GC Worker Start (ms): Min: 1046.8, Avg: 1046.9, Max: 1046.9, Diff: 0.1]
      [Ext Root Scanning (ms): Min: 0.0, Avg: 0.1, Max: 0.1, Diff: 0.1, Sum: 0.7]
      [Update RS (ms): Min: 0.0, Avg: 0.1, Max: 0.1, Diff: 0.1, Sum: 0.7]
         [Processed Buffers: Min: 1, Avg: 2.0, Max: 3, Diff: 2, Sum: 20]
      [Scan RS (ms): Min: 0.0, Avg: 0.0, Max: 0.0, Diff: 0.0, Sum: 0.0]
      [Code Root Scanning (ms): Min: 0.0, Avg: 0.0, Max: 0.0, Diff: 0.0, Sum: 0.0]
      [Object Copy (ms): Min: 0.0, Avg: 0.0, Max: 0.0, Diff: 0.0, Sum: 0.1]
      [Termination (ms): Min: 0.0, Avg: 0.0, Max: 0.1, Diff: 0.1, Sum: 0.2]
         [Termination Attempts: Min: 1, Avg: 1.0, Max: 1, Diff: 0, Sum: 10]
      [GC Worker Other (ms): Min: 0.0, Avg: 0.0, Max: 0.0, Diff: 0.0, Sum: 0.1]
      [GC Worker Total (ms): Min: 0.1, Avg: 0.2, Max: 0.2, Diff: 0.1, Sum: 1.7]
      [GC Worker End (ms): Min: 1047.0, Avg: 1047.0, Max: 1047.0, Diff: 0.0]
   [Code Root Fixup: 0.0 ms]
   [Code Root Purge: 0.0 ms]
   [Clear CT: 0.2 ms]
   [Other: 0.5 ms]
      [Evacuation Failure: 0.2 ms]
      [Choose CSet: 0.0 ms]
      [Ref Proc: 0.1 ms]
      [Ref Enq: 0.0 ms]
      [Redirty Cards: 0.2 ms]
      [Humongous Register: 0.1 ms]
      [Humongous Reclaim: 0.0 ms]
      [Free CSet: 0.0 ms]
   [Eden: 3072.0K(25.0M)->0.0B(25.0M) Survivors: 0.0B->0.0B Heap: 438.5M(512.0M)->437.2M(512.0M)]
 [Times: user=0.00 sys=0.00, real=0.00 secs] 
2020-10-28T20:33:50.973+0800: 1.048: [GC concurrent-mark-end, 0.0037585 secs]
2020-10-28T20:33:50.973+0800: 1.048: [GC remark 2020-10-28T20:33:50.973+0800: 1.048: [Finalize Marking, 0.0001773 secs] 2020-10-28T20:33:50.973+0800: 1.048: [GC ref-proc, 0.0002808 secs] 2020-10-28T20:33:50.973+0800: 1.048: [Unloading, 0.0003817 secs], 0.0012994 secs]
 [Times: user=0.00 sys=0.00, real=0.00 secs] 
2020-10-28T20:33:50.974+0800: 1.049: [GC cleanup 437M->436M(512M), 0.0006947 secs]
 [Times: user=0.00 sys=0.00, real=0.00 secs] 
2020-10-28T20:33:50.975+0800: 1.050: [GC concurrent-cleanup-start]
2020-10-28T20:33:50.975+0800: 1.050: [GC concurrent-cleanup-end, 0.0000074 secs]
2020-10-28T20:33:50.975+0800: 1.050: [GC pause (G1 Humongous Allocation) (young) (to-space exhausted), 0.0009457 secs]
   [Parallel Time: 0.3 ms, GC Workers: 10]
      [GC Worker Start (ms): Min: 1050.4, Avg: 1050.4, Max: 1050.4, Diff: 0.1]
      [Ext Root Scanning (ms): Min: 0.0, Avg: 0.1, Max: 0.1, Diff: 0.1, Sum: 0.7]
      [Update RS (ms): Min: 0.0, Avg: 0.1, Max: 0.1, Diff: 0.1, Sum: 0.8]
         [Processed Buffers: Min: 1, Avg: 1.9, Max: 3, Diff: 2, Sum: 19]
      [Scan RS (ms): Min: 0.0, Avg: 0.0, Max: 0.0, Diff: 0.0, Sum: 0.0]
      [Code Root Scanning (ms): Min: 0.0, Avg: 0.0, Max: 0.0, Diff: 0.0, Sum: 0.0]
      [Object Copy (ms): Min: 0.0, Avg: 0.0, Max: 0.0, Diff: 0.0, Sum: 0.0]
      [Termination (ms): Min: 0.0, Avg: 0.0, Max: 0.1, Diff: 0.1, Sum: 0.4]
         [Termination Attempts: Min: 1, Avg: 1.3, Max: 2, Diff: 1, Sum: 13]
      [GC Worker Other (ms): Min: 0.0, Avg: 0.0, Max: 0.0, Diff: 0.0, Sum: 0.1]
      [GC Worker Total (ms): Min: 0.2, Avg: 0.2, Max: 0.2, Diff: 0.1, Sum: 2.0]
      [GC Worker End (ms): Min: 1050.6, Avg: 1050.6, Max: 1050.6, Diff: 0.0]
   [Code Root Fixup: 0.0 ms]
   [Code Root Purge: 0.0 ms]
   [Clear CT: 0.1 ms]
   [Other: 0.5 ms]
      [Evacuation Failure: 0.1 ms]
      [Choose CSet: 0.0 ms]
      [Ref Proc: 0.1 ms]
      [Ref Enq: 0.0 ms]
      [Redirty Cards: 0.1 ms]
      [Humongous Register: 0.1 ms]
      [Humongous Reclaim: 0.0 ms]
      [Free CSet: 0.0 ms]
   [Eden: 2048.0K(25.0M)->0.0B(25.0M) Survivors: 0.0B->0.0B Heap: 438.4M(512.0M)->438.4M(512.0M)]
 [Times: user=0.00 sys=0.00, real=0.00 secs] 
2020-10-28T20:33:50.976+0800: 1.051: [Full GC (Allocation Failure)  438M->339M(512M), 0.0304790 secs]
   [Eden: 0.0B(25.0M)->0.0B(28.0M) Survivors: 0.0B->0.0B Heap: 438.4M(512.0M)->339.7M(512.0M)], [Metaspace: 2722K->2722K(1056768K)]
 [Times: user=0.03 sys=0.00, real=0.03 secs] 
2020-10-28T20:33:51.007+0800: 1.082: [GC pause (G1 Humongous Allocation) (young) (initial-mark), 0.0020451 secs]
   [Parallel Time: 0.5 ms, GC Workers: 10]
      [GC Worker Start (ms): Min: 1082.3, Avg: 1082.4, Max: 1082.4, Diff: 0.1]
      [Ext Root Scanning (ms): Min: 0.0, Avg: 0.1, Max: 0.1, Diff: 0.1, Sum: 0.6]
      [Update RS (ms): Min: 0.0, Avg: 0.1, Max: 0.2, Diff: 0.2, Sum: 0.5]
         [Processed Buffers: Min: 0, Avg: 0.6, Max: 1, Diff: 1, Sum: 6]
      [Scan RS (ms): Min: 0.0, Avg: 0.0, Max: 0.0, Diff: 0.0, Sum: 0.0]
      [Code Root Scanning (ms): Min: 0.0, Avg: 0.0, Max: 0.0, Diff: 0.0, Sum: 0.0]
      [Object Copy (ms): Min: 0.0, Avg: 0.0, Max: 0.0, Diff: 0.0, Sum: 0.1]
      [Termination (ms): Min: 0.0, Avg: 0.1, Max: 0.2, Diff: 0.2, Sum: 1.2]
         [Termination Attempts: Min: 1, Avg: 1.4, Max: 3, Diff: 2, Sum: 14]
      [GC Worker Other (ms): Min: 0.0, Avg: 0.0, Max: 0.0, Diff: 0.0, Sum: 0.1]
      [GC Worker Total (ms): Min: 0.2, Avg: 0.2, Max: 0.3, Diff: 0.1, Sum: 2.5]
      [GC Worker End (ms): Min: 1082.6, Avg: 1082.6, Max: 1082.6, Diff: 0.0]
   [Code Root Fixup: 0.0 ms]
   [Code Root Purge: 0.0 ms]
   [Clear CT: 0.5 ms]
   [Other: 1.0 ms]
      [Choose CSet: 0.0 ms]
      [Ref Proc: 0.4 ms]
      [Ref Enq: 0.0 ms]
      [Redirty Cards: 0.5 ms]
      [Humongous Register: 0.1 ms]
      [Humongous Reclaim: 0.0 ms]
      [Free CSet: 0.0 ms]
   [Eden: 2048.0K(28.0M)->0.0B(24.0M) Survivors: 0.0B->1024.0K Heap: 342.2M(512.0M)->340.4M(512.0M)]
 [Times: user=0.00 sys=0.00, real=0.00 secs] 
2020-10-28T20:33:51.009+0800: 1.084: [GC concurrent-root-region-scan-start]
2020-10-28T20:33:51.009+0800: 1.084: [GC concurrent-root-region-scan-end, 0.0000857 secs]
2020-10-28T20:33:51.009+0800: 1.084: [GC concurrent-mark-start]
2020-10-28T20:33:51.011+0800: 1.086: [GC concurrent-mark-end, 0.0012760 secs]
2020-10-28T20:33:51.011+0800: 1.086: [GC remark 2020-10-28T20:33:51.011+0800: 1.086: [Finalize Marking, 0.0001609 secs] 2020-10-28T20:33:51.011+0800: 1.086: [GC ref-proc, 0.0002295 secs] 2020-10-28T20:33:51.011+0800: 1.086: [Unloading, 0.0004492 secs], 0.0014290 secs]
 [Times: user=0.00 sys=0.00, real=0.00 secs] 
2020-10-28T20:33:51.012+0800: 1.087: [GC cleanup 341M->341M(512M), 0.0007636 secs]
 [Times: user=0.00 sys=0.00, real=0.00 secs] 
Heap
 garbage-first heap   total 524288K, used 349124K [0x00000000e0000000, 0x00000000e0101000, 0x0000000100000000)
  region size 1024K, 2 young (2048K), 1 survivors (1024K)
 Metaspace       used 2729K, capacity 4486K, committed 4864K, reserved 1056768K
  class space    used 291K, capacity 386K, committed 512K, reserved 1048576K
