Java HotSpot(TM) 64-Bit Server VM (25.261-b12) for windows-amd64 JRE (1.8.0_261-b12), built on Jun 18 2020 06:56:32 by "" with unknown MS VC++:1916
Memory: 4k page, physical 16616892k(6938088k free), swap 19107260k(4623288k free)
CommandLine flags: -XX:InitialHeapSize=536870912 -XX:MaxHeapSize=536870912 -XX:+PrintGC -XX:+PrintGCDateStamps -XX:+PrintGCDetails -XX:+PrintGCTimeStamps -XX:+UseCompressedClassPointers -XX:+UseCompressedOops -XX:-UseLargePagesIndividualAllocation -XX:+UseSerialGC 
2020-10-28T20:02:32.225+0800: 0.143: [GC (Allocation Failure) 2020-10-28T20:02:32.225+0800: 0.143: [DefNew: 139776K->17471K(157248K), 0.0205491 secs] 139776K->48068K(506816K), 0.0206694 secs] [Times: user=0.00 sys=0.03, real=0.02 secs] 
2020-10-28T20:02:32.261+0800: 0.179: [GC (Allocation Failure) 2020-10-28T20:02:32.261+0800: 0.179: [DefNew: 157247K->17471K(157248K), 0.0257290 secs] 187844K->91221K(506816K), 0.0257851 secs] [Times: user=0.00 sys=0.01, real=0.03 secs] 
2020-10-28T20:02:32.301+0800: 0.218: [GC (Allocation Failure) 2020-10-28T20:02:32.301+0800: 0.218: [DefNew: 157144K->17471K(157248K), 0.0213518 secs] 230894K->138616K(506816K), 0.0214124 secs] [Times: user=0.02 sys=0.00, real=0.02 secs] 
2020-10-28T20:02:32.336+0800: 0.254: [GC (Allocation Failure) 2020-10-28T20:02:32.336+0800: 0.254: [DefNew: 157157K->17471K(157248K), 0.0208124 secs] 278303K->184700K(506816K), 0.0208676 secs] [Times: user=0.01 sys=0.02, real=0.02 secs] 
2020-10-28T20:02:32.372+0800: 0.289: [GC (Allocation Failure) 2020-10-28T20:02:32.372+0800: 0.289: [DefNew: 157247K->17468K(157248K), 0.0178278 secs] 324476K->224226K(506816K), 0.0178834 secs] [Times: user=0.01 sys=0.00, real=0.02 secs] 
2020-10-28T20:02:32.405+0800: 0.322: [GC (Allocation Failure) 2020-10-28T20:02:32.405+0800: 0.322: [DefNew: 157244K->17470K(157248K), 0.0176561 secs] 364002K->263147K(506816K), 0.0177234 secs] [Times: user=0.02 sys=0.00, real=0.02 secs] 
2020-10-28T20:02:32.436+0800: 0.354: [GC (Allocation Failure) 2020-10-28T20:02:32.436+0800: 0.354: [DefNew: 157246K->17471K(157248K), 0.0196373 secs] 402923K->306168K(506816K), 0.0196935 secs] [Times: user=0.02 sys=0.00, real=0.02 secs] 
2020-10-28T20:02:32.469+0800: 0.387: [GC (Allocation Failure) 2020-10-28T20:02:32.469+0800: 0.387: [DefNew: 156868K->17470K(157248K), 0.0226006 secs] 445565K->356443K(506816K), 0.0226605 secs] [Times: user=0.00 sys=0.01, real=0.02 secs] 
2020-10-28T20:02:32.505+0800: 0.423: [GC (Allocation Failure) 2020-10-28T20:02:32.505+0800: 0.423: [DefNew: 157246K->157246K(157248K), 0.0000131 secs]2020-10-28T20:02:32.505+0800: 0.423: [Tenured: 338973K->272717K(349568K), 0.0300585 secs] 496219K->272717K(506816K), [Metaspace: 2722K->2722K(1056768K)], 0.0301398 secs] [Times: user=0.03 sys=0.00, real=0.03 secs] 
2020-10-28T20:02:32.549+0800: 0.467: [GC (Allocation Failure) 2020-10-28T20:02:32.549+0800: 0.467: [DefNew: 139776K->17471K(157248K), 0.0056482 secs] 412493K->322038K(506816K), 0.0057103 secs] [Times: user=0.00 sys=0.00, real=0.01 secs] 
2020-10-28T20:02:32.569+0800: 0.487: [GC (Allocation Failure) 2020-10-28T20:02:32.569+0800: 0.487: [DefNew: 157247K->157247K(157248K), 0.0000130 secs]2020-10-28T20:02:32.569+0800: 0.487: [Tenured: 304566K->307182K(349568K), 0.0330481 secs] 461814K->307182K(506816K), [Metaspace: 2722K->2722K(1056768K)], 0.0331309 secs] [Times: user=0.03 sys=0.00, real=0.03 secs] 
2020-10-28T20:02:32.616+0800: 0.534: [GC (Allocation Failure) 2020-10-28T20:02:32.616+0800: 0.534: [DefNew: 139776K->139776K(157248K), 0.0000125 secs]2020-10-28T20:02:32.616+0800: 0.534: [Tenured: 307182K->321542K(349568K), 0.0339184 secs] 446958K->321542K(506816K), [Metaspace: 2722K->2722K(1056768K)], 0.0339978 secs] [Times: user=0.03 sys=0.00, real=0.03 secs] 
2020-10-28T20:02:32.663+0800: 0.581: [GC (Allocation Failure) 2020-10-28T20:02:32.663+0800: 0.581: [DefNew: 139776K->139776K(157248K), 0.0000129 secs]2020-10-28T20:02:32.663+0800: 0.581: [Tenured: 321542K->315252K(349568K), 0.0365619 secs] 461318K->315252K(506816K), [Metaspace: 2722K->2722K(1056768K)], 0.0366486 secs] [Times: user=0.05 sys=0.00, real=0.04 secs] 
2020-10-28T20:02:32.715+0800: 0.632: [GC (Allocation Failure) 2020-10-28T20:02:32.715+0800: 0.632: [DefNew: 139776K->139776K(157248K), 0.0000138 secs]2020-10-28T20:02:32.715+0800: 0.632: [Tenured: 315252K->342955K(349568K), 0.0229064 secs] 455028K->342955K(506816K), [Metaspace: 2722K->2722K(1056768K)], 0.0229863 secs] [Times: user=0.02 sys=0.00, real=0.02 secs] 
2020-10-28T20:02:32.751+0800: 0.669: [GC (Allocation Failure) 2020-10-28T20:02:32.751+0800: 0.669: [DefNew: 139776K->139776K(157248K), 0.0000133 secs]2020-10-28T20:02:32.751+0800: 0.669: [Tenured: 342955K->349331K(349568K), 0.0326744 secs] 482731K->350022K(506816K), [Metaspace: 2722K->2722K(1056768K)], 0.0327519 secs] [Times: user=0.03 sys=0.00, real=0.03 secs] 
2020-10-28T20:02:32.799+0800: 0.716: [Full GC (Allocation Failure) 2020-10-28T20:02:32.799+0800: 0.716: [Tenured: 349457K->349505K(349568K), 0.0357326 secs] 506689K->355650K(506816K), [Metaspace: 2722K->2722K(1056768K)], 0.0357951 secs] [Times: user=0.03 sys=0.00, real=0.04 secs] 
2020-10-28T20:02:32.850+0800: 0.768: [Full GC (Allocation Failure) 2020-10-28T20:02:32.851+0800: 0.768: [Tenured: 349540K->346754K(349568K), 0.0401689 secs] 506786K->346754K(506816K), [Metaspace: 2722K->2722K(1056768K)], 0.0402389 secs] [Times: user=0.05 sys=0.00, real=0.04 secs] 
2020-10-28T20:02:32.903+0800: 0.821: [GC (Allocation Failure) 2020-10-28T20:02:32.903+0800: 0.821: [DefNew: 139776K->139776K(157248K), 0.0000125 secs]2020-10-28T20:02:32.903+0800: 0.821: [Tenured: 346754K->349123K(349568K), 0.0254352 secs] 486530K->371201K(506816K), [Metaspace: 2722K->2722K(1056768K)], 0.0255142 secs] [Times: user=0.02 sys=0.00, real=0.02 secs] 
2020-10-28T20:02:32.942+0800: 0.860: [Full GC (Allocation Failure) 2020-10-28T20:02:32.942+0800: 0.860: [Tenured: 349232K->349518K(349568K), 0.0334980 secs] 506459K->373829K(506816K), [Metaspace: 2722K->2722K(1056768K)], 0.0335624 secs] [Times: user=0.03 sys=0.00, real=0.03 secs] 
2020-10-28T20:02:32.988+0800: 0.906: [Full GC (Allocation Failure) 2020-10-28T20:02:32.988+0800: 0.906: [Tenured: 349518K->349198K(349568K), 0.0361813 secs] 506121K->372204K(506816K), [Metaspace: 2722K->2722K(1056768K)], 0.0362449 secs] [Times: user=0.03 sys=0.00, real=0.04 secs] 
2020-10-28T20:02:33.037+0800: 0.955: [Full GC (Allocation Failure) 2020-10-28T20:02:33.038+0800: 0.955: [Tenured: 349198K->349290K(349568K), 0.0417374 secs] 505832K->357626K(506816K), [Metaspace: 2722K->2722K(1056768K)], 0.0418010 secs] [Times: user=0.05 sys=0.00, real=0.04 secs] 
2020-10-28T20:02:33.094+0800: 1.012: [Full GC (Allocation Failure) 2020-10-28T20:02:33.094+0800: 1.012: [Tenured: 349290K->349207K(349568K), 0.0317006 secs] 506472K->370911K(506816K), [Metaspace: 2722K->2722K(1056768K)], 0.0317619 secs] [Times: user=0.03 sys=0.00, real=0.03 secs] 
2020-10-28T20:02:33.139+0800: 1.057: [Full GC (Allocation Failure) 2020-10-28T20:02:33.139+0800: 1.057: [Tenured: 349392K->349459K(349568K), 0.0352959 secs] 506509K->373374K(506816K), [Metaspace: 2722K->2722K(1056768K)], 0.0353554 secs] [Times: user=0.03 sys=0.00, real=0.04 secs] 
Heap
 def new generation   total 157248K, used 30048K [0x00000000e0000000, 0x00000000eaaa0000, 0x00000000eaaa0000)
  eden space 139776K,  21% used [0x00000000e0000000, 0x00000000e1d58090, 0x00000000e8880000)
  from space 17472K,   0% used [0x00000000e9990000, 0x00000000e9990000, 0x00000000eaaa0000)
  to   space 17472K,   0% used [0x00000000e8880000, 0x00000000e8880000, 0x00000000e9990000)
 tenured generation   total 349568K, used 349459K [0x00000000eaaa0000, 0x0000000100000000, 0x0000000100000000)
   the space 349568K,  99% used [0x00000000eaaa0000, 0x00000000fffe4e80, 0x00000000fffe5000, 0x0000000100000000)
 Metaspace       used 2729K, capacity 4486K, committed 4864K, reserved 1056768K
  class space    used 291K, capacity 386K, committed 512K, reserved 1048576K
